Jul 10, 2026 19:12:25.850 [548499848696] INFO - Plex Media Scanner v1.43.2.10687-563d026ea - Docker Docker Container (LinuxServer.io) aarch64 - build: linux-aarch64 - GMT 02:00
Jul 10, 2026 19:12:25.851 [548499848696] INFO - Linux version: 6.18.34+rpt-rpi-v8, language: en-US
Jul 10, 2026 19:12:25.851 [548499848696] INFO - Processor: 4-core ARM Cortex-A72
Jul 10, 2026 19:12:25.851 [548499848696] INFO - /usr/lib/plexmediaserver/Plex Media Scanner --analyze --log-file-suffix  Analysis --no-thumbs --item 17
Jul 10, 2026 19:12:25.852 [548595544120] DEBUG - Opening 20 database sessions to library (com.plexapp.plugins.library), SQLite 3.39.4, threadsafe=1
Jul 10, 2026 19:12:26.108 [548595544120] DEBUG - Analyzing media parts for item 17 (Dune: Parte dos): 16
Jul 10, 2026 19:12:26.111 [548595544120] DEBUG - [ID 16] Media part analysis: /data/medios/Pelis/Dune Part Two (2024)/Dune Parte Dos (2024).mkv
Jul 10, 2026 19:12:26.111 [548595544120] DEBUG - [MI] Opening input file: "/data/medios/Pelis/Dune Part Two (2024)/Dune Parte Dos (2024).mkv"
Jul 10, 2026 19:12:26.111 [548595544120] DEBUG - [FFMPEG] - Opening '/data/medios/Pelis/Dune Part Two (2024)/Dune Parte Dos (2024).mkv' for reading
Jul 10, 2026 19:12:26.111 [548595544120] DEBUG - [FFMPEG] - Setting default whitelist 'file,crypto,data'
Jul 10, 2026 19:12:26.112 [548595544120] DEBUG - [FFMPEG] - Format matroska,webm probed with size=2048 and score=100
Jul 10, 2026 19:12:26.112 [548595544120] DEBUG - [FFMPEG] - st:0 removing common factor 1000000 from timebase
Jul 10, 2026 19:12:26.112 [548595544120] DEBUG - [FFMPEG] - st:1 removing common factor 1000000 from timebase
Jul 10, 2026 19:12:26.113 [548595544120] DEBUG - [FFMPEG] - Before avformat_find_stream_info() pos: 2859 bytes read:32768 seeks:0 nb_streams:2
Jul 10, 2026 19:12:26.114 [548595544120] DEBUG - [FFMPEG] - nal_unit_type: 7(SPS), nal_ref_idc: 3
Jul 10, 2026 19:12:26.114 [548595544120] DEBUG - [FFMPEG] - Decoding VUI
Jul 10, 2026 19:12:26.114 [548595544120] DEBUG - [FFMPEG] - nal_unit_type: 8(PPS), nal_ref_idc: 3
Jul 10, 2026 19:12:26.115 [548595544120] DEBUG - [FFMPEG] - nal_unit_type: 7(SPS), nal_ref_idc: 3
Jul 10, 2026 19:12:26.115 [548595544120] DEBUG - [FFMPEG] - Decoding VUI
Jul 10, 2026 19:12:26.115 [548595544120] DEBUG - [FFMPEG] - nal_unit_type: 8(PPS), nal_ref_idc: 3
Jul 10, 2026 19:12:26.116 [548595544120] DEBUG - [FFMPEG] - nal_unit_type: 6(SEI), nal_ref_idc: 0
Jul 10, 2026 19:12:26.116 [548595544120] DEBUG - [FFMPEG] - nal_unit_type: 5(IDR), nal_ref_idc: 3
Jul 10, 2026 19:12:26.116 [548595544120] DEBUG - [FFMPEG] - Format yuv420p chosen by get_format().
Jul 10, 2026 19:12:26.131 [548595544120] DEBUG - [FFMPEG] - nal_unit_type: 1(Coded slice of a non-IDR picture), nal_ref_idc: 2
Jul 10, 2026 19:12:26.141 [548595544120] DEBUG - [FFMPEG] - nal_unit_type: 1(Coded slice of a non-IDR picture), nal_ref_idc: 2
Jul 10, 2026 19:12:26.153 [548595544120] DEBUG - [FFMPEG] - nal_unit_type: 1(Coded slice of a non-IDR picture), nal_ref_idc: 2
Jul 10, 2026 19:12:26.160 [548595544120] DEBUG - [FFMPEG] - nal_unit_type: 1(Coded slice of a non-IDR picture), nal_ref_idc: 2
Jul 10, 2026 19:12:26.167 [548595544120] DEBUG - [FFMPEG] - nal_unit_type: 1(Coded slice of a non-IDR picture), nal_ref_idc: 2
Jul 10, 2026 19:12:26.175 [548595544120] DEBUG - [FFMPEG] - nal_unit_type: 1(Coded slice of a non-IDR picture), nal_ref_idc: 2
Jul 10, 2026 19:12:26.183 [548595544120] DEBUG - [FFMPEG] - All info found
Jul 10, 2026 19:12:26.185 [548595544120] DEBUG - [FFMPEG] - After avformat_find_stream_info() pos: 96678 bytes read:128491 seeks:0 frames:22
Jul 10, 2026 19:12:26.199 [548595544120] DEBUG - [MI]  * 26842685299ca136fc8e8ebabe6959d8de6f3142 [mkv h264/aac] Duration: 10016247ms, 1920x800 (1.777778) 23.976fps, bitrate=8247kbps, audio channels=2, optimizedForStreaming=0 ("/data/medios/Pelis/Dune Part Two (2024)/Dune Parte Dos (2024).mkv")
Jul 10, 2026 19:12:26.199 [548595544120] DEBUG - [MI] Importing 17 media chapters.
Jul 10, 2026 19:12:26.199 [548595544120] DEBUG - [MI] Chapters had generic titles, clearing.
Jul 10, 2026 19:12:26.200 [548595544120] DEBUG - [MI] Closing input file: "/data/medios/Pelis/Dune Part Two (2024)/Dune Parte Dos (2024).mkv"
Jul 10, 2026 19:12:26.201 [548595544120] DEBUG - Committing media stream changes for part 16
Jul 10, 2026 19:12:26.339 [548595544120] DEBUG - Updating media item 16, size=10325529488, metadata_item_id=17
Jul 10, 2026 19:12:26.339 [548595544120] DEBUG - Updating part with ID=16 [/data/medios/Pelis/Dune Part Two (2024)/Dune Parte Dos (2024).mkv]
Jul 10, 2026 19:12:26.385 [548466650616] DEBUG - [HCl#1] HTTP requesting GET http://127.0.0.1:32400/:/metadata/notify/changeItemState?librarySectionID=1&metadataItemID=17&metadataType=1&state=-1&parentID=-1&rootID=-1&mediaState=analyzing
Jul 10, 2026 19:12:26.391 [548466503160] DEBUG - [HttpClient/HCl#1] HTTP/1.1 (0.0s) 200 response from GET http://127.0.0.1:32400/:/metadata/notify/changeItemState?librarySectionID=1&metadataItemID=17&metadataType=1&state=-1&parentID=-1&rootID=-1&mediaState=analyzing
Jul 10, 2026 19:12:26.392 [548466650616] DEBUG - [HCl#2] HTTP requesting GET http://127.0.0.1:32400/:/metadata/notify/changeItemState?librarySectionID=1&metadataItemID=17&metadataType=1&state=-1&parentID=-1&rootID=-1&mediaState=idle
Jul 10, 2026 19:12:26.396 [548595544120] DEBUG - Downloading document http://127.0.0.1:32400/library/changestamp
Jul 10, 2026 19:12:26.396 [548595544120] DEBUG - [HCl#3] HTTP requesting GET http://127.0.0.1:32400/library/changestamp
Jul 10, 2026 19:12:26.396 [548466503160] DEBUG - [HttpClient/HCl#2] HTTP/1.1 (0.0s) 200 response from GET http://127.0.0.1:32400/:/metadata/notify/changeItemState?librarySectionID=1&metadataItemID=17&metadataType=1&state=-1&parentID=-1&rootID=-1&mediaState=idle (reused)
Jul 10, 2026 19:12:26.398 [548466503160] DEBUG - [HttpClient/HCl#3] HTTP/1.1 (0.0s) 200 response from GET http://127.0.0.1:32400/library/changestamp (reused)
Jul 10, 2026 19:12:26.398 [548595544120] DEBUG - Updating metadata item (save) (Dune: Parte dos) with ID 17
Jul 10, 2026 19:12:26.406 [548595544120] DEBUG - Doing expensive tags write for 'Dune: Parte dos' because something changed.
Jul 10, 2026 19:12:26.409 [548595544120] DEBUG - Downloading document http://127.0.0.1:32400/library/changestamp
Jul 10, 2026 19:12:26.409 [548595544120] DEBUG - [HCl#4] HTTP requesting GET http://127.0.0.1:32400/library/changestamp
Jul 10, 2026 19:12:26.414 [548466503160] DEBUG - [HttpClient/HCl#4] HTTP/1.1 (0.0s) 200 response from GET http://127.0.0.1:32400/library/changestamp (reused)
Jul 10, 2026 19:12:26.414 [548595544120] DEBUG - Updating metadata item (save) (Dune: Parte dos) with ID 17
