Jul 12, 2026 02:04:01.413 [547511090680] INFO - Plex Media Scanner v1.43.2.10687-563d026ea - Docker Docker Container (LinuxServer.io) aarch64 - build: linux-aarch64 - GMT 02:00
Jul 12, 2026 02:04:01.413 [547511090680] INFO - Linux version: 6.18.34+rpt-rpi-v8, language: en-US
Jul 12, 2026 02:04:01.413 [547511090680] INFO - Processor: 4-core ARM Cortex-A72
Jul 12, 2026 02:04:01.413 [547511090680] INFO - /usr/lib/plexmediaserver/Plex Media Scanner --generate --chapter-thumbs-only --item 16 --log-file-suffix  Chapter Thumbnails
Jul 12, 2026 02:04:01.414 [547606786104] DEBUG - Opening 20 database sessions to library (com.plexapp.plugins.library), SQLite 3.39.4, threadsafe=1
Jul 12, 2026 02:04:01.647 [547606786104] DEBUG - Created chapter thumbnail for metadata item 16, media item 15 for chapter number 1:0 at "/config/Library/Application Support/Plex Media Server/Media/localhost/b/f7428f51217fdb2be9e0ea107bafd2081bc503e.bundle/Contents/Chapters/chapter1.jpg"
Jul 12, 2026 02:04:01.647 [547606786104] DEBUG - Created chapter thumbnail for metadata item 16, media item 15 for chapter number 2:2000 at "/config/Library/Application Support/Plex Media Server/Media/localhost/b/f7428f51217fdb2be9e0ea107bafd2081bc503e.bundle/Contents/Chapters/chapter2.jpg"
Jul 12, 2026 02:04:01.647 [547606786104] DEBUG - Created chapter thumbnail for metadata item 16, media item 15 for chapter number 3:10000 at "/config/Library/Application Support/Plex Media Server/Media/localhost/b/f7428f51217fdb2be9e0ea107bafd2081bc503e.bundle/Contents/Chapters/chapter3.jpg"
Jul 12, 2026 02:04:01.647 [547606786104] DEBUG - Created chapter thumbnail for metadata item 16, media item 15 for chapter number 4:32000 at "/config/Library/Application Support/Plex Media Server/Media/localhost/b/f7428f51217fdb2be9e0ea107bafd2081bc503e.bundle/Contents/Chapters/chapter4.jpg"
Jul 12, 2026 02:04:01.648 [547606786104] DEBUG - Created chapter thumbnail for metadata item 16, media item 15 for chapter number 5:41000 at "/config/Library/Application Support/Plex Media Server/Media/localhost/b/f7428f51217fdb2be9e0ea107bafd2081bc503e.bundle/Contents/Chapters/chapter5.jpg"
Jul 12, 2026 02:04:01.648 [547606786104] DEBUG - Created chapter thumbnail for metadata item 16, media item 15 for chapter number 6:45000 at "/config/Library/Application Support/Plex Media Server/Media/localhost/b/f7428f51217fdb2be9e0ea107bafd2081bc503e.bundle/Contents/Chapters/chapter6.jpg"
Jul 12, 2026 02:04:01.648 [547606786104] DEBUG - Created chapter thumbnail for metadata item 16, media item 15 for chapter number 7:56000 at "/config/Library/Application Support/Plex Media Server/Media/localhost/b/f7428f51217fdb2be9e0ea107bafd2081bc503e.bundle/Contents/Chapters/chapter7.jpg"
Jul 12, 2026 02:04:01.648 [547606786104] DEBUG - Created chapter thumbnail for metadata item 16, media item 15 for chapter number 8:107000 at "/config/Library/Application Support/Plex Media Server/Media/localhost/b/f7428f51217fdb2be9e0ea107bafd2081bc503e.bundle/Contents/Chapters/chapter8.jpg"
Jul 12, 2026 02:04:01.648 [547606786104] DEBUG - Created chapter thumbnail for metadata item 16, media item 15 for chapter number 9:130000 at "/config/Library/Application Support/Plex Media Server/Media/localhost/b/f7428f51217fdb2be9e0ea107bafd2081bc503e.bundle/Contents/Chapters/chapter9.jpg"
Jul 12, 2026 02:04:01.648 [547606786104] DEBUG - Created chapter thumbnail for metadata item 16, media item 15 for chapter number 10:546000 at "/config/Library/Application Support/Plex Media Server/Media/localhost/b/f7428f51217fdb2be9e0ea107bafd2081bc503e.bundle/Contents/Chapters/chapter10.jpg"
Jul 12, 2026 02:04:01.648 [547606786104] DEBUG - Created chapter thumbnail for metadata item 16, media item 15 for chapter number 11:664000 at "/config/Library/Application Support/Plex Media Server/Media/localhost/b/f7428f51217fdb2be9e0ea107bafd2081bc503e.bundle/Contents/Chapters/chapter11.jpg"
Jul 12, 2026 02:04:01.648 [547606786104] DEBUG - Created chapter thumbnail for metadata item 16, media item 15 for chapter number 12:1084000 at "/config/Library/Application Support/Plex Media Server/Media/localhost/b/f7428f51217fdb2be9e0ea107bafd2081bc503e.bundle/Contents/Chapters/chapter12.jpg"
Jul 12, 2026 02:04:01.648 [547606786104] DEBUG - Created chapter thumbnail for metadata item 16, media item 15 for chapter number 13:1230000 at "/config/Library/Application Support/Plex Media Server/Media/localhost/b/f7428f51217fdb2be9e0ea107bafd2081bc503e.bundle/Contents/Chapters/chapter13.jpg"
Jul 12, 2026 02:04:01.649 [547606786104] DEBUG - Created chapter thumbnail for metadata item 16, media item 15 for chapter number 14:1286000 at "/config/Library/Application Support/Plex Media Server/Media/localhost/b/f7428f51217fdb2be9e0ea107bafd2081bc503e.bundle/Contents/Chapters/chapter14.jpg"
Jul 12, 2026 02:04:01.649 [547606786104] DEBUG - Created chapter thumbnail for metadata item 16, media item 15 for chapter number 15:1540000 at "/config/Library/Application Support/Plex Media Server/Media/localhost/b/f7428f51217fdb2be9e0ea107bafd2081bc503e.bundle/Contents/Chapters/chapter15.jpg"
Jul 12, 2026 02:04:01.649 [547606786104] DEBUG - Created chapter thumbnail for metadata item 16, media item 15 for chapter number 16:1783000 at "/config/Library/Application Support/Plex Media Server/Media/localhost/b/f7428f51217fdb2be9e0ea107bafd2081bc503e.bundle/Contents/Chapters/chapter16.jpg"
Jul 12, 2026 02:04:01.649 [547606786104] DEBUG - Created chapter thumbnail for metadata item 16, media item 15 for chapter number 17:1922000 at "/config/Library/Application Support/Plex Media Server/Media/localhost/b/f7428f51217fdb2be9e0ea107bafd2081bc503e.bundle/Contents/Chapters/chapter17.jpg"
Jul 12, 2026 02:04:01.649 [547606786104] DEBUG - Created chapter thumbnail for metadata item 16, media item 15 for chapter number 18:2272000 at "/config/Library/Application Support/Plex Media Server/Media/localhost/b/f7428f51217fdb2be9e0ea107bafd2081bc503e.bundle/Contents/Chapters/chapter18.jpg"
Jul 12, 2026 02:04:01.649 [547606786104] DEBUG - Created chapter thumbnail for metadata item 16, media item 15 for chapter number 19:2469000 at "/config/Library/Application Support/Plex Media Server/Media/localhost/b/f7428f51217fdb2be9e0ea107bafd2081bc503e.bundle/Contents/Chapters/chapter19.jpg"
Jul 12, 2026 02:04:01.649 [547606786104] DEBUG - Created chapter thumbnail for metadata item 16, media item 15 for chapter number 20:2676000 at "/config/Library/Application Support/Plex Media Server/Media/localhost/b/f7428f51217fdb2be9e0ea107bafd2081bc503e.bundle/Contents/Chapters/chapter20.jpg"
Jul 12, 2026 02:04:01.649 [547606786104] DEBUG - Created chapter thumbnail for metadata item 16, media item 15 for chapter number 21:3063000 at "/config/Library/Application Support/Plex Media Server/Media/localhost/b/f7428f51217fdb2be9e0ea107bafd2081bc503e.bundle/Contents/Chapters/chapter21.jpg"
Jul 12, 2026 02:04:01.650 [547606786104] DEBUG - Created chapter thumbnail for metadata item 16, media item 15 for chapter number 22:3412000 at "/config/Library/Application Support/Plex Media Server/Media/localhost/b/f7428f51217fdb2be9e0ea107bafd2081bc503e.bundle/Contents/Chapters/chapter22.jpg"
Jul 12, 2026 02:04:01.650 [547606786104] DEBUG - Created chapter thumbnail for metadata item 16, media item 15 for chapter number 23:3607000 at "/config/Library/Application Support/Plex Media Server/Media/localhost/b/f7428f51217fdb2be9e0ea107bafd2081bc503e.bundle/Contents/Chapters/chapter23.jpg"
Jul 12, 2026 02:04:01.650 [547606786104] DEBUG - Created chapter thumbnail for metadata item 16, media item 15 for chapter number 24:3909000 at "/config/Library/Application Support/Plex Media Server/Media/localhost/b/f7428f51217fdb2be9e0ea107bafd2081bc503e.bundle/Contents/Chapters/chapter24.jpg"
Jul 12, 2026 02:04:01.650 [547606786104] DEBUG - Created chapter thumbnail for metadata item 16, media item 15 for chapter number 25:4209000 at "/config/Library/Application Support/Plex Media Server/Media/localhost/b/f7428f51217fdb2be9e0ea107bafd2081bc503e.bundle/Contents/Chapters/chapter25.jpg"
Jul 12, 2026 02:04:01.650 [547606786104] DEBUG - Created chapter thumbnail for metadata item 16, media item 15 for chapter number 26:4509000 at "/config/Library/Application Support/Plex Media Server/Media/localhost/b/f7428f51217fdb2be9e0ea107bafd2081bc503e.bundle/Contents/Chapters/chapter26.jpg"
Jul 12, 2026 02:04:01.650 [547606786104] DEBUG - Created chapter thumbnail for metadata item 16, media item 15 for chapter number 27:4809000 at "/config/Library/Application Support/Plex Media Server/Media/localhost/b/f7428f51217fdb2be9e0ea107bafd2081bc503e.bundle/Contents/Chapters/chapter27.jpg"
Jul 12, 2026 02:04:01.650 [547606786104] DEBUG - Created chapter thumbnail for metadata item 16, media item 15 for chapter number 28:5109000 at "/config/Library/Application Support/Plex Media Server/Media/localhost/b/f7428f51217fdb2be9e0ea107bafd2081bc503e.bundle/Contents/Chapters/chapter28.jpg"
Jul 12, 2026 02:04:01.650 [547606786104] DEBUG - Created chapter thumbnail for metadata item 16, media item 15 for chapter number 29:5410000 at "/config/Library/Application Support/Plex Media Server/Media/localhost/b/f7428f51217fdb2be9e0ea107bafd2081bc503e.bundle/Contents/Chapters/chapter29.jpg"
Jul 12, 2026 02:04:01.650 [547606786104] DEBUG - Created chapter thumbnail for metadata item 16, media item 15 for chapter number 30:5716000 at "/config/Library/Application Support/Plex Media Server/Media/localhost/b/f7428f51217fdb2be9e0ea107bafd2081bc503e.bundle/Contents/Chapters/chapter30.jpg"
Jul 12, 2026 02:04:01.650 [547606786104] DEBUG - Created chapter thumbnail for metadata item 16, media item 15 for chapter number 31:6070000 at "/config/Library/Application Support/Plex Media Server/Media/localhost/b/f7428f51217fdb2be9e0ea107bafd2081bc503e.bundle/Contents/Chapters/chapter31.jpg"
Jul 12, 2026 02:04:01.650 [547606786104] DEBUG - Created chapter thumbnail for metadata item 16, media item 15 for chapter number 32:6134000 at "/config/Library/Application Support/Plex Media Server/Media/localhost/b/f7428f51217fdb2be9e0ea107bafd2081bc503e.bundle/Contents/Chapters/chapter32.jpg"
Jul 12, 2026 02:04:01.651 [547606786104] DEBUG - Created chapter thumbnail for metadata item 16, media item 15 for chapter number 33:6548000 at "/config/Library/Application Support/Plex Media Server/Media/localhost/b/f7428f51217fdb2be9e0ea107bafd2081bc503e.bundle/Contents/Chapters/chapter33.jpg"
Jul 12, 2026 02:04:01.651 [547606786104] DEBUG - Created chapter thumbnail for metadata item 16, media item 15 for chapter number 34:6553000 at "/config/Library/Application Support/Plex Media Server/Media/localhost/b/f7428f51217fdb2be9e0ea107bafd2081bc503e.bundle/Contents/Chapters/chapter34.jpg"
Jul 12, 2026 02:04:01.651 [547606786104] DEBUG - Created chapter thumbnail for metadata item 16, media item 15 for chapter number 35:6610000 at "/config/Library/Application Support/Plex Media Server/Media/localhost/b/f7428f51217fdb2be9e0ea107bafd2081bc503e.bundle/Contents/Chapters/chapter35.jpg"
Jul 12, 2026 02:04:01.651 [547606786104] DEBUG - Created chapter thumbnail for metadata item 16, media item 15 for chapter number 36:6844000 at "/config/Library/Application Support/Plex Media Server/Media/localhost/b/f7428f51217fdb2be9e0ea107bafd2081bc503e.bundle/Contents/Chapters/chapter36.jpg"
