Jun 28, 2026 16:00:36.167 [0x7f823cab08] INFO - Plex Tuner Service v1.43.2.10687-563d026ea - Docker Docker Container (LinuxServer.io) aarch64 - build: 
Jun 28, 2026 16:00:36.168 [0x7f823cab08] INFO - Linux version: 6.18.34+rpt-rpi-v8 (#1 SMP PREEMPT Debian 1:6.18.34-1+rpt1 (2026-06-09)), language: en-US
Jun 28, 2026 16:00:36.168 [0x7f823cab08] INFO - Processor Unknown architecture
Jun 28, 2026 16:00:36.169 [0x7f823cab08] INFO - /usr/lib/plexmediaserver/Plex Tuner Service /usr/lib/plexmediaserver/Resources/Tuner/Private /usr/lib/plexmediaserver/Resources/Tuner/Shared 1.43.2.10687-563d026ea 32600
Jun 28, 2026 16:00:36.165 [0x7f8433f890] INFO - [I] broker_t::start...
Jun 28, 2026 16:00:36.176 [0x7f8433f890] INFO - [I] device_manager_t::init.
Jun 28, 2026 16:00:36.176 [0x7f8433f890] INFO - [I] device_manager_t::init. Initialize provider manager
Jun 28, 2026 16:00:36.176 [0x7f8433f890] INFO - [I] device_manager_t::init. Initialize all device auxes
Jun 28, 2026 16:00:36.176 [0x7f8433f890] INFO - [I] dvb_device_factory_t::get_aux_list
Jun 28, 2026 16:00:36.176 [0x7f8433f890] INFO - [I] tvbutler_aux_t::init
Jun 28, 2026 16:00:36.183 [0x7f8433f890] INFO - [I] web_server_t::start. Starting web server on port 32600
Jun 28, 2026 16:00:40.882 [0x7f82169b08] INFO - [I] web_service_t::process_device_discovery
Jun 28, 2026 16:00:40.882 [0x7f82169b08] INFO - [I] device_reactor_t::get_device_list ()
Jun 28, 2026 16:00:42.886 [0x7f82169b08] INFO - [I] SAT2IP - discover_satip_servers(): no servers found
Jun 28, 2026 16:00:43.306 [0x7f82169b08] INFO - [I] v4l::DeviceGetList_impl. getting v4l device list
Jun 28, 2026 16:00:43.312 [0x7f82169b08] INFO - [I] onetv_factory::DeviceGetListEx >>
Jun 28, 2026 16:00:43.313 [0x7f82169b08] WARN - [W] onetv_factory::DeviceGetListEx. libusb_init returned an error -99
Jun 28, 2026 19:28:54.123 [0x7f8433f890] INFO - Received SIGINT: Interrupt from keyboard.
Jun 28, 2026 19:28:54.164 [0x7f8433f890] INFO - [I] device_manager_t::term
Jun 28, 2026 19:28:54.164 [0x7f8433f890] INFO - [I] device_manager_t::term. Stop all devices
Jun 28, 2026 19:28:54.164 [0x7f8433f890] INFO - [I] device_manager_t::term. Shut down all device auxes
Jun 28, 2026 19:28:54.165 [0x7f8433f890] INFO - [I] tvbutler_aux_t::term
Jun 28, 2026 19:28:54.166 [0x7f8433f890] INFO - [I] web_server_t::stop. Web server is stopped
Jun 28, 2026 19:28:54.166 [0x7f8433f890] INFO - [I] device_manager_t::term
Jun 28, 2026 19:28:54.166 [0x7f8433f890] INFO - [I] device_manager_t::term. Stop all devices
Jun 28, 2026 19:28:54.167 [0x7f8433f890] INFO - [I] device_manager_t::term. Shut down all device auxes
Jun 28, 2026 19:28:54.168 [0x7f8433f890] INFO - [I] broker_t::shutdown. Shutdown is completed.
