Jul 11, 2026 02:14:36.926 [547632754168] INFO - Plex Media Scanner v1.43.2.10687-563d026ea - Docker Docker Container (LinuxServer.io) aarch64 - build: linux-aarch64 - GMT 02:00
Jul 11, 2026 02:14:36.926 [547632754168] INFO - Linux version: 6.18.34+rpt-rpi-v8, language: en-US
Jul 11, 2026 02:14:36.926 [547632754168] INFO - Processor: 4-core ARM Cortex-A72
Jul 11, 2026 02:14:36.926 [547632754168] INFO - /usr/lib/plexmediaserver/Plex Media Scanner --analyze-deeply --item 16 --log-file-suffix  Deep Analysis
Jul 11, 2026 02:14:36.927 [547728449592] DEBUG - Opening 20 database sessions to library (com.plexapp.plugins.library), SQLite 3.39.4, threadsafe=1
Jul 11, 2026 02:14:37.162 [547728449592] DEBUG - [MI] Opening input file: "/data/medios/Pelis/Billie Eilish Hit Me Hard and Soft The Tour (2026)/Billie Eilish Hit Me Hard and Soft The Tour (2026).mp4"
Jul 11, 2026 02:14:37.163 [547728449592] DEBUG - [FFMPEG] - Opening '/data/medios/Pelis/Billie Eilish Hit Me Hard and Soft The Tour (2026)/Billie Eilish Hit Me Hard and Soft The Tour (2026).mp4' for reading
Jul 11, 2026 02:14:37.163 [547728449592] DEBUG - [FFMPEG] - Setting default whitelist 'file,crypto,data'
Jul 11, 2026 02:14:37.163 [547728449592] DEBUG - [FFMPEG] - Format mov,mp4,m4a,3gp,3g2,mj2 probed with size=2048 and score=100
Jul 11, 2026 02:14:37.163 [547728449592] DEBUG - [FFMPEG] - ISO: File Type Major Brand: isom
Jul 11, 2026 02:14:37.163 [547728449592] DEBUG - [FFMPEG] - Unknown dref type 0x206c7275 size 12
Jul 11, 2026 02:14:37.201 [547728449592] DEBUG - [FFMPEG] - Processing st: 0, edit list 0 - media time: 2002, duration: 164464320
Jul 11, 2026 02:14:37.220 [547728449592] DEBUG - [FFMPEG] - Offset DTS by 2002 to make first pts zero.
Jul 11, 2026 02:14:37.224 [547728449592] DEBUG - [FFMPEG] - Unknown dref type 0x206c7275 size 12
Jul 11, 2026 02:14:37.262 [547728449592] DEBUG - [FFMPEG] - Processing st: 1, edit list 0 - media time: 2048, duration: 328929792
Jul 11, 2026 02:14:37.262 [547728449592] DEBUG - [FFMPEG] - drop a frame at curr_cts: 0 @ 0
Jul 11, 2026 02:14:37.262 [547728449592] DEBUG - [FFMPEG] - drop a frame at curr_cts: 1024 @ 1
Jul 11, 2026 02:14:37.280 [547728449592] ERROR - [FFMPEG] - Referenced QT chapter track not found
Jul 11, 2026 02:14:37.280 [547728449592] DEBUG - [FFMPEG] - Before avformat_find_stream_info() pos: 4798036 bytes read:4828440 seeks:0 nb_streams:2
Jul 11, 2026 02:14:37.281 [547728449592] DEBUG - [FFMPEG] - nal_unit_type: 32(VPS), nuh_layer_id: 0, temporal_id: 0
Jul 11, 2026 02:14:37.289 [547728449592] DEBUG - [FFMPEG] - Decoding VPS
Jul 11, 2026 02:14:37.289 [547728449592] DEBUG - [FFMPEG] - Main 10 profile bitstream
Jul 11, 2026 02:14:37.289 [547728449592] DEBUG - [FFMPEG] - nal_unit_type: 33(SPS), nuh_layer_id: 0, temporal_id: 0
Jul 11, 2026 02:14:37.289 [547728449592] DEBUG - [FFMPEG] - Decoding SPS
Jul 11, 2026 02:14:37.289 [547728449592] DEBUG - [FFMPEG] - Main 10 profile bitstream
Jul 11, 2026 02:14:37.289 [547728449592] DEBUG - [FFMPEG] - Decoding VUI
Jul 11, 2026 02:14:37.289 [547728449592] DEBUG - [FFMPEG] - nal_unit_type: 34(PPS), nuh_layer_id: 0, temporal_id: 0
Jul 11, 2026 02:14:37.289 [547728449592] DEBUG - [FFMPEG] - Decoding PPS
Jul 11, 2026 02:14:37.289 [547728449592] DEBUG - [FFMPEG] - nal_unit_type: 39(SEI_PREFIX), nuh_layer_id: 0, temporal_id: 0
Jul 11, 2026 02:14:37.289 [547728449592] DEBUG - [FFMPEG] - Decoding SEI
Jul 11, 2026 02:14:37.290 [547728449592] DEBUG - [FFMPEG] - demuxer injecting skip 2048 / discard 0
Jul 11, 2026 02:14:37.290 [547728449592] DEBUG - [FFMPEG] - All info found
Jul 11, 2026 02:14:37.291 [547728449592] DEBUG - [FFMPEG] - After avformat_find_stream_info() pos: 4799599 bytes read:4828440 seeks:0 frames:2
Jul 11, 2026 02:14:38.268 [547728449592] DEBUG - Deep Analysis: Read 10000 packets at 141.057583
Jul 11, 2026 02:14:39.831 [547728449592] DEBUG - Deep Analysis: Read 20000 packets at 282.198583
Jul 11, 2026 02:14:41.467 [547728449592] DEBUG - Deep Analysis: Read 30000 packets at 423.339583
Jul 11, 2026 02:14:43.014 [547728449592] DEBUG - Deep Analysis: Read 40000 packets at 564.480583
Jul 11, 2026 02:14:43.969 [547728449592] DEBUG - Deep Analysis: Read 50000 packets at 705.621583
Jul 11, 2026 02:14:45.254 [547728449592] DEBUG - Deep Analysis: Read 60000 packets at 846.762667
Jul 11, 2026 02:14:46.591 [547728449592] DEBUG - Deep Analysis: Read 70000 packets at 987.904000
Jul 11, 2026 02:14:47.747 [547728449592] DEBUG - Deep Analysis: Read 80000 packets at 1129.045333
Jul 11, 2026 02:14:48.726 [547728449592] DEBUG - Deep Analysis: Read 90000 packets at 1270.186667
Jul 11, 2026 02:14:49.906 [547728449592] DEBUG - Deep Analysis: Read 100000 packets at 1411.328000
Jul 11, 2026 02:14:51.259 [547728449592] DEBUG - Deep Analysis: Read 110000 packets at 1552.469333
Jul 11, 2026 02:14:51.948 [547728449592] DEBUG - Deep Analysis: Read 120000 packets at 1693.610667
Jul 11, 2026 02:14:52.635 [547728449592] DEBUG - Deep Analysis: Read 130000 packets at 1834.752000
Jul 11, 2026 02:14:53.476 [547728449592] DEBUG - Deep Analysis: Read 140000 packets at 1975.893333
Jul 11, 2026 02:14:54.948 [547728449592] DEBUG - Deep Analysis: Read 150000 packets at 2117.034667
Jul 11, 2026 02:14:56.398 [547728449592] DEBUG - Deep Analysis: Read 160000 packets at 2258.176000
Jul 11, 2026 02:14:57.975 [547728449592] DEBUG - Deep Analysis: Read 170000 packets at 2399.317333
Jul 11, 2026 02:14:59.015 [547728449592] DEBUG - Deep Analysis: Read 180000 packets at 2540.458667
Jul 11, 2026 02:14:59.780 [547728449592] DEBUG - Deep Analysis: Read 190000 packets at 2681.600000
Jul 11, 2026 02:15:01.110 [547728449592] DEBUG - Deep Analysis: Read 200000 packets at 2822.741333
Jul 11, 2026 02:15:02.092 [547728449592] DEBUG - Deep Analysis: Read 210000 packets at 2963.882667
Jul 11, 2026 02:15:03.126 [547728449592] DEBUG - Deep Analysis: Read 220000 packets at 3105.024000
Jul 11, 2026 02:15:03.987 [547728449592] DEBUG - Deep Analysis: Read 230000 packets at 3246.165333
Jul 11, 2026 02:15:04.861 [547728449592] DEBUG - Deep Analysis: Read 240000 packets at 3387.306667
Jul 11, 2026 02:15:05.882 [547728449592] DEBUG - Deep Analysis: Read 250000 packets at 3528.448000
Jul 11, 2026 02:15:06.887 [547728449592] DEBUG - Deep Analysis: Read 260000 packets at 3669.589333
Jul 11, 2026 02:15:07.669 [547728449592] DEBUG - Deep Analysis: Read 270000 packets at 3810.730667
Jul 11, 2026 02:15:08.826 [547728449592] DEBUG - Deep Analysis: Read 280000 packets at 3951.872000
Jul 11, 2026 02:15:10.185 [547728449592] DEBUG - Deep Analysis: Read 290000 packets at 4093.013333
Jul 11, 2026 02:15:11.990 [547728449592] DEBUG - Deep Analysis: Read 300000 packets at 4234.154667
Jul 11, 2026 02:15:13.795 [547728449592] DEBUG - Deep Analysis: Read 310000 packets at 4375.296000
Jul 11, 2026 02:15:15.345 [547728449592] DEBUG - Deep Analysis: Read 320000 packets at 4516.437333
Jul 11, 2026 02:15:16.749 [547728449592] DEBUG - Deep Analysis: Read 330000 packets at 4657.578667
Jul 11, 2026 02:15:18.234 [547728449592] DEBUG - Deep Analysis: Read 340000 packets at 4798.720000
Jul 11, 2026 02:15:19.097 [547728449592] DEBUG - Deep Analysis: Read 350000 packets at 4939.861333
Jul 11, 2026 02:15:19.970 [547728449592] DEBUG - Deep Analysis: Read 360000 packets at 5081.002667
Jul 11, 2026 02:15:21.079 [547728449592] DEBUG - Deep Analysis: Read 370000 packets at 5222.144000
Jul 11, 2026 02:15:23.151 [547728449592] DEBUG - Deep Analysis: Read 380000 packets at 5363.285333
Jul 11, 2026 02:15:25.196 [547728449592] DEBUG - Deep Analysis: Read 390000 packets at 5504.426667
Jul 11, 2026 02:15:25.902 [547728449592] DEBUG - Deep Analysis: Read 400000 packets at 5645.568000
Jul 11, 2026 02:15:26.870 [547728449592] DEBUG - Deep Analysis: Read 410000 packets at 5786.709333
Jul 11, 2026 02:15:27.801 [547728449592] DEBUG - Deep Analysis: Read 420000 packets at 5927.850667
Jul 11, 2026 02:15:29.775 [547728449592] DEBUG - Deep Analysis: Read 430000 packets at 6068.992000
Jul 11, 2026 02:15:31.218 [547728449592] DEBUG - Deep Analysis: Read 440000 packets at 6210.133333
Jul 11, 2026 02:15:33.290 [547728449592] DEBUG - Deep Analysis: Read 450000 packets at 6351.274667
Jul 11, 2026 02:15:34.513 [547728449592] DEBUG - Deep Analysis: Read 460000 packets at 6492.416000
Jul 11, 2026 02:15:35.651 [547728449592] DEBUG - Deep Analysis: Read 470000 packets at 6633.557333
Jul 11, 2026 02:15:36.095 [547728449592] DEBUG - Deep Analysis: Read 480000 packets at 6774.698667
Jul 11, 2026 02:15:36.391 [547728449592] DEBUG - Deep Analysis: Sorting packets
Jul 11, 2026 02:15:36.399 [547728449592] DEBUG - Deep Analysis: Performing file bitrate analysis
Jul 11, 2026 02:15:36.605 [547728449592] DEBUG - Deep Analysis: Performing stream bitrate analysis on stream 0
Jul 11, 2026 02:15:36.680 [547728449592] DEBUG - Deep Analysis: Performing stream bitrate analysis on stream 1
Jul 11, 2026 02:15:36.735 [547728449592] DEBUG - Deep Analysis: Saving GoP analysis for stream 0
Jul 11, 2026 02:15:36.740 [547728449592] DEBUG - Deep Analysis: Saving bitrate analysis
Jul 11, 2026 02:15:36.741 [547728449592] DEBUG - Updating part with ID=15 [/data/medios/Pelis/Billie Eilish Hit Me Hard and Soft The Tour (2026)/Billie Eilish Hit Me Hard and Soft The Tour (2026).mp4]
Jul 11, 2026 02:15:36.788 [547728449592] DEBUG - [MI] Closing input file: "/data/medios/Pelis/Billie Eilish Hit Me Hard and Soft The Tour (2026)/Billie Eilish Hit Me Hard and Soft The Tour (2026).mp4"
Jul 11, 2026 02:15:36.792 [547728449592] DEBUG - Updating media item 15, size=2046083760, metadata_item_id=16
Jul 11, 2026 02:15:36.792 [547728449592] DEBUG - Updating part with ID=15 [/data/medios/Pelis/Billie Eilish Hit Me Hard and Soft The Tour (2026)/Billie Eilish Hit Me Hard and Soft The Tour (2026).mp4]
