<SessionReport version="2" startTime="0" startTimestamp="Jun 28, 2026 17:34:20.250" key="/library/metadata/3" session="519c0cc880a156d5-com-plexapp-android" transcode="519c0cc880a156d5-com-plexapp-android">
<User id="1" thumb="https://plex.tv/users/8393d6f0caef818e/avatar?c=1782654669" title="narcsm" />
<Player address="192.168.1.143" device="MiTV-MOOR2" machineIdentifier="519c0cc880a156d5-com-plexapp-android" platform="Android" platformVersion="11" product="Plex for Android (TV)" remotePublicAddress="37.15.102.100" version="10.30.8.4222" local="1" relayed="0" secure="1" userID="1" />
<Variants>
<Variant id="f9ccc7d1-3bb4-425b-958e-acbd66083157" targetBitrate="10028" context="streaming" sourceVideoCodec="hevc" sourceAudioCodec="eac3" videoDecision="copy" audioDecision="copy" protocol="hls" container="mkv" videoCodec="hevc" audioCodec="eac3" audioChannels="6" transcodeHwRequested="0" transcodeHwFullPipeline="0">
<Media audioProfile="dolby digital plus + dolby atmos" id="1" videoProfile="main 10" audioChannels="6" audioCodec="eac3" bitrate="4775" container="mkv" duration="3388385" height="804" protocol="hls" videoCodec="hevc" videoFrameRate="24p" videoResolution="1080p" width="1920" selected="1">
<Part audioProfile="dolby digital plus + dolby atmos" id="1" videoProfile="main 10" bitrate="4775" container="mkv" duration="3388385" height="804" protocol="hls" width="1920" decision="transcode" selected="1">
<Stream bitDepth="10" bitrate="4007" chromaLocation="left" chromaSubsampling="4:2:0" codec="hevc" codedHeight="808" codedWidth="1920" colorPrimaries="bt709" colorRange="tv" colorSpace="bt709" colorTrc="bt709" displayTitle="1080p" extendedDisplayTitle="1080p (HEVC Main 10)" frameRate="23.975999832153320" height="804" id="1" language="English" languageCode="eng" languageTag="en-US" level="120" profile="main 10" refFrames="1" streamType="1" width="1920" decision="copy" location="segments-av" />
<Stream audioChannelLayout="5.1(side)" bitrate="768" bitrateMode="cbr" channels="6" codec="eac3" displayTitle="English (EAC3 5.1 + Atmos)" extendedDisplayTitle="Surround 5.1 w/Atmos (English EAC3)" id="2" language="English" languageCode="eng" languageTag="en-US" profile="dolby digital plus + dolby atmos" samplingRate="48000" selected="1" streamType="2" title="Surround 5.1 w/Atmos" decision="copy" location="segments-av" />
</Part>
</Media>
</Variant>
</Variants>
<SegmentList>
<Segment duration="10301" startOffset="0" endOffset="10301">
<File name="media-00000.ts" type="av">
<FileVariant size="3386542" variant="f9ccc7d1-3bb4-425b-958e-acbd66083157" />
</File>
<Timelines>
<Transcode startTime="88" endTime="127" complete="1" fileType="av" variant="f9ccc7d1-3bb4-425b-958e-acbd66083157" />
<Download startTime="312" endTime="1331" complete="1" fileType="av" variant="f9ccc7d1-3bb4-425b-958e-acbd66083157">
<Pause type="segmentWait" startTime="312" endTime="313" />
</Download>
</Timelines>
</Segment>
<Segment duration="10301" startOffset="10427" endOffset="20728">
<File name="media-00001.ts" type="av">
<FileVariant size="5228409" variant="f9ccc7d1-3bb4-425b-958e-acbd66083157" />
</File>
<Timelines>
<Transcode startTime="127" endTime="173" complete="1" fileType="av" variant="f9ccc7d1-3bb4-425b-958e-acbd66083157" />
</Timelines>
</Segment>
<Segment duration="10218" startOffset="20854" endOffset="31072">
<File name="media-00002.ts" type="av">
<FileVariant size="5563405" variant="f9ccc7d1-3bb4-425b-958e-acbd66083157" />
</File>
<Timelines>
<Transcode startTime="173" endTime="358" complete="1" fileType="av" variant="f9ccc7d1-3bb4-425b-958e-acbd66083157" />
</Timelines>
</Segment>
<Segment duration="17892" startOffset="31281" endOffset="49173">
<File name="media-00003.ts" type="av">
<FileVariant size="9825051" variant="f9ccc7d1-3bb4-425b-958e-acbd66083157" />
</File>
<Timelines>
<Transcode startTime="358" endTime="683" complete="1" fileType="av" variant="f9ccc7d1-3bb4-425b-958e-acbd66083157" />
</Timelines>
</Segment>
<Segment duration="2794" startOffset="49299" endOffset="52093">
<File name="media-00004.ts" type="av">
<FileVariant size="701971" variant="f9ccc7d1-3bb4-425b-958e-acbd66083157" />
</File>
<Timelines>
<Transcode startTime="683" endTime="712" complete="1" fileType="av" variant="f9ccc7d1-3bb4-425b-958e-acbd66083157" />
</Timelines>
</Segment>
<Segment duration="13637" startOffset="52094" endOffset="65732">
<File name="media-00005.ts" type="av">
<FileVariant size="10767751" variant="f9ccc7d1-3bb4-425b-958e-acbd66083157" />
</File>
<Timelines>
<Transcode startTime="712" endTime="1044" complete="1" fileType="av" variant="f9ccc7d1-3bb4-425b-958e-acbd66083157" />
</Timelines>
</Segment>
<Segment duration="12679" startOffset="65732" endOffset="78411">
<File name="media-00006.ts" type="av">
<FileVariant size="8511070" variant="f9ccc7d1-3bb4-425b-958e-acbd66083157" />
</File>
<Timelines>
<Transcode startTime="1044" endTime="1345" complete="1" fileType="av" variant="f9ccc7d1-3bb4-425b-958e-acbd66083157" />
</Timelines>
</Segment>
</SegmentList>
<PlaybackReports>
<Playback startTime="268" endTime="1146" state="buffering" progress="0" />
<Playback startTime="1146" endTime="1436" state="playing" progress="0" />
<Playback startTime="1436" endTime="1437" state="stopped" progress="0" />
</PlaybackReports>
<StateReports />
<StateReports />
</SessionReport>
