Jun 29, 2026 02:10:47.687 [548395998712] INFO - Plex Media Scanner v1.43.2.10687-563d026ea - Docker Docker Container (LinuxServer.io) aarch64 - build: linux-aarch64 - GMT 02:00
Jun 29, 2026 02:10:47.688 [548395998712] INFO - Linux version: 6.18.34+rpt-rpi-v8, language: en-US
Jun 29, 2026 02:10:47.688 [548395998712] INFO - Processor: 4-core ARM Cortex-A72
Jun 29, 2026 02:10:47.688 [548395998712] INFO - /usr/lib/plexmediaserver/Plex Media Scanner --generate --chapter-thumbs-only --item 6 --log-file-suffix  Chapter Thumbnails --force
Jun 29, 2026 02:10:47.689 [548491718712] DEBUG - Opening 20 database sessions to library (com.plexapp.plugins.library), SQLite 3.39.4, threadsafe=1
Jun 29, 2026 02:10:47.927 [548491718712] DEBUG - [MI] Opening input file: "/data/medios/Series/Pluribus (2025)/Season 01/Pluribus (2025) - S01E04 - Please, Carol (1080p ATVP WEB-DL x265 Ghost).mkv"
Jun 29, 2026 02:10:47.927 [548491718712] DEBUG - [FFMPEG] - Opening '/data/medios/Series/Pluribus (2025)/Season 01/Pluribus (2025) - S01E04 - Please, Carol (1080p ATVP WEB-DL x265 Ghost).mkv' for reading
Jun 29, 2026 02:10:47.927 [548491718712] DEBUG - [FFMPEG] - Setting default whitelist 'file,crypto,data'
Jun 29, 2026 02:10:47.939 [548491718712] DEBUG - [FFMPEG] - Format matroska,webm probed with size=2048 and score=100
Jun 29, 2026 02:10:47.941 [548491718712] DEBUG - [FFMPEG] - Unknown entry 0x437D at pos. 11798
Jun 29, 2026 02:10:47.941 [548491718712] DEBUG - [FFMPEG] - Unknown entry 0x437D at pos. 11853
Jun 29, 2026 02:10:47.941 [548491718712] DEBUG - [FFMPEG] - Unknown entry 0x437D at pos. 11914
Jun 29, 2026 02:10:47.941 [548491718712] DEBUG - [FFMPEG] - Unknown entry 0x437D at pos. 11977
Jun 29, 2026 02:10:47.941 [548491718712] DEBUG - [FFMPEG] - st:0 removing common factor 1000000 from timebase
Jun 29, 2026 02:10:47.941 [548491718712] DEBUG - [FFMPEG] - st:1 removing common factor 1000000 from timebase
Jun 29, 2026 02:10:47.941 [548491718712] DEBUG - [FFMPEG] - st:2 removing common factor 1000000 from timebase
Jun 29, 2026 02:10:47.941 [548491718712] DEBUG - [FFMPEG] - st:3 removing common factor 1000000 from timebase
Jun 29, 2026 02:10:47.941 [548491718712] DEBUG - [FFMPEG] - st:4 removing common factor 1000000 from timebase
Jun 29, 2026 02:10:47.941 [548491718712] DEBUG - [FFMPEG] - st:5 removing common factor 1000000 from timebase
Jun 29, 2026 02:10:47.941 [548491718712] DEBUG - [FFMPEG] - st:6 removing common factor 1000000 from timebase
Jun 29, 2026 02:10:47.941 [548491718712] DEBUG - [FFMPEG] - st:7 removing common factor 1000000 from timebase
Jun 29, 2026 02:10:47.941 [548491718712] DEBUG - [FFMPEG] - st:8 removing common factor 1000000 from timebase
Jun 29, 2026 02:10:47.941 [548491718712] DEBUG - [FFMPEG] - st:9 removing common factor 1000000 from timebase
Jun 29, 2026 02:10:47.941 [548491718712] DEBUG - [FFMPEG] - st:10 removing common factor 1000000 from timebase
Jun 29, 2026 02:10:47.941 [548491718712] DEBUG - [FFMPEG] - st:11 removing common factor 1000000 from timebase
Jun 29, 2026 02:10:47.941 [548491718712] DEBUG - [FFMPEG] - st:12 removing common factor 1000000 from timebase
Jun 29, 2026 02:10:47.942 [548491718712] DEBUG - [FFMPEG] - st:13 removing common factor 1000000 from timebase
Jun 29, 2026 02:10:47.942 [548491718712] DEBUG - [FFMPEG] - st:14 removing common factor 1000000 from timebase
Jun 29, 2026 02:10:47.942 [548491718712] DEBUG - [FFMPEG] - st:15 removing common factor 1000000 from timebase
Jun 29, 2026 02:10:47.942 [548491718712] DEBUG - [FFMPEG] - st:16 removing common factor 1000000 from timebase
Jun 29, 2026 02:10:47.942 [548491718712] DEBUG - [FFMPEG] - st:17 removing common factor 1000000 from timebase
Jun 29, 2026 02:10:47.942 [548491718712] DEBUG - [FFMPEG] - st:18 removing common factor 1000000 from timebase
Jun 29, 2026 02:10:47.942 [548491718712] DEBUG - [FFMPEG] - st:19 removing common factor 1000000 from timebase
Jun 29, 2026 02:10:47.942 [548491718712] DEBUG - [FFMPEG] - st:20 removing common factor 1000000 from timebase
Jun 29, 2026 02:10:47.942 [548491718712] DEBUG - [FFMPEG] - st:21 removing common factor 1000000 from timebase
Jun 29, 2026 02:10:47.942 [548491718712] DEBUG - [FFMPEG] - st:22 removing common factor 1000000 from timebase
Jun 29, 2026 02:10:47.942 [548491718712] DEBUG - [FFMPEG] - st:23 removing common factor 1000000 from timebase
Jun 29, 2026 02:10:47.942 [548491718712] DEBUG - [FFMPEG] - st:24 removing common factor 1000000 from timebase
Jun 29, 2026 02:10:47.942 [548491718712] DEBUG - [FFMPEG] - st:25 removing common factor 1000000 from timebase
Jun 29, 2026 02:10:47.942 [548491718712] DEBUG - [FFMPEG] - st:26 removing common factor 1000000 from timebase
Jun 29, 2026 02:10:47.942 [548491718712] DEBUG - [FFMPEG] - st:27 removing common factor 1000000 from timebase
Jun 29, 2026 02:10:47.942 [548491718712] DEBUG - [FFMPEG] - st:28 removing common factor 1000000 from timebase
Jun 29, 2026 02:10:47.942 [548491718712] DEBUG - [FFMPEG] - st:29 removing common factor 1000000 from timebase
Jun 29, 2026 02:10:47.942 [548491718712] DEBUG - [FFMPEG] - st:30 removing common factor 1000000 from timebase
Jun 29, 2026 02:10:47.942 [548491718712] DEBUG - [FFMPEG] - st:31 removing common factor 1000000 from timebase
Jun 29, 2026 02:10:47.942 [548491718712] DEBUG - [FFMPEG] - st:32 removing common factor 1000000 from timebase
Jun 29, 2026 02:10:47.942 [548491718712] DEBUG - [FFMPEG] - st:33 removing common factor 1000000 from timebase
Jun 29, 2026 02:10:47.942 [548491718712] DEBUG - [FFMPEG] - st:34 removing common factor 1000000 from timebase
Jun 29, 2026 02:10:47.942 [548491718712] DEBUG - [FFMPEG] - st:35 removing common factor 1000000 from timebase
Jun 29, 2026 02:10:47.942 [548491718712] DEBUG - [FFMPEG] - st:36 removing common factor 1000000 from timebase
Jun 29, 2026 02:10:47.942 [548491718712] DEBUG - [FFMPEG] - st:37 removing common factor 1000000 from timebase
Jun 29, 2026 02:10:47.942 [548491718712] DEBUG - [FFMPEG] - st:38 removing common factor 1000000 from timebase
Jun 29, 2026 02:10:47.942 [548491718712] DEBUG - [FFMPEG] - st:39 removing common factor 1000000 from timebase
Jun 29, 2026 02:10:47.942 [548491718712] DEBUG - [FFMPEG] - st:40 removing common factor 1000000 from timebase
Jun 29, 2026 02:10:47.942 [548491718712] DEBUG - [FFMPEG] - st:41 removing common factor 1000000 from timebase
Jun 29, 2026 02:10:47.942 [548491718712] DEBUG - [FFMPEG] - st:42 removing common factor 1000000 from timebase
Jun 29, 2026 02:10:47.942 [548491718712] DEBUG - [FFMPEG] - st:43 removing common factor 1000000 from timebase
Jun 29, 2026 02:10:47.942 [548491718712] DEBUG - [FFMPEG] - st:44 removing common factor 1000000 from timebase
Jun 29, 2026 02:10:47.943 [548491718712] DEBUG - [FFMPEG] - Before avformat_find_stream_info() pos: 12092 bytes read:47374 seeks:2 nb_streams:45
Jun 29, 2026 02:10:47.944 [548491718712] DEBUG - [FFMPEG] - nal_unit_type: 32(VPS), nuh_layer_id: 0, temporal_id: 0
Jun 29, 2026 02:10:47.952 [548491718712] DEBUG - [FFMPEG] - Decoding VPS
Jun 29, 2026 02:10:47.952 [548491718712] DEBUG - [FFMPEG] - Main 10 profile bitstream
Jun 29, 2026 02:10:47.952 [548491718712] DEBUG - [FFMPEG] - nal_unit_type: 33(SPS), nuh_layer_id: 0, temporal_id: 0
Jun 29, 2026 02:10:47.952 [548491718712] DEBUG - [FFMPEG] - Decoding SPS
Jun 29, 2026 02:10:47.952 [548491718712] DEBUG - [FFMPEG] - Main 10 profile bitstream
Jun 29, 2026 02:10:47.952 [548491718712] DEBUG - [FFMPEG] - Decoding VUI
Jun 29, 2026 02:10:47.952 [548491718712] DEBUG - [FFMPEG] - nal_unit_type: 34(PPS), nuh_layer_id: 0, temporal_id: 0
Jun 29, 2026 02:10:47.952 [548491718712] DEBUG - [FFMPEG] - Decoding PPS
Jun 29, 2026 02:10:47.952 [548491718712] DEBUG - [FFMPEG] - nal_unit_type: 39(SEI_PREFIX), nuh_layer_id: 0, temporal_id: 0
Jun 29, 2026 02:10:47.952 [548491718712] DEBUG - [FFMPEG] - Decoding SEI
Jun 29, 2026 02:10:47.955 [548491718712] DEBUG - [FFMPEG] - All info found
Jun 29, 2026 02:10:47.957 [548491718712] DEBUG - [FFMPEG] - After avformat_find_stream_info() pos: 64425 bytes read:112910 seeks:2 frames:19
Jun 29, 2026 02:10:47.957 [548491718712] DEBUG - Creating /config/Library/Application Support/Plex Media Server/Media/localhost/d/8307b8daf6e75842ba0c30f4159a01a8ae084a1.bundle/Contents/Chapters/chapter1.jpg (0.1%, 1280x720).
Jun 29, 2026 02:10:47.958 [548491718712] DEBUG - [FFMPEG] - nal_unit_type: 32(VPS), nuh_layer_id: 0, temporal_id: 0
Jun 29, 2026 02:10:47.966 [548491718712] DEBUG - [FFMPEG] - Decoding VPS
Jun 29, 2026 02:10:47.966 [548491718712] DEBUG - [FFMPEG] - Main 10 profile bitstream
Jun 29, 2026 02:10:47.966 [548491718712] DEBUG - [FFMPEG] - nal_unit_type: 33(SPS), nuh_layer_id: 0, temporal_id: 0
Jun 29, 2026 02:10:47.966 [548491718712] DEBUG - [FFMPEG] - Decoding SPS
Jun 29, 2026 02:10:47.966 [548491718712] DEBUG - [FFMPEG] - Main 10 profile bitstream
Jun 29, 2026 02:10:47.966 [548491718712] DEBUG - [FFMPEG] - Decoding VUI
Jun 29, 2026 02:10:47.966 [548491718712] DEBUG - [FFMPEG] - nal_unit_type: 34(PPS), nuh_layer_id: 0, temporal_id: 0
Jun 29, 2026 02:10:47.967 [548491718712] DEBUG - [FFMPEG] - Decoding PPS
Jun 29, 2026 02:10:47.967 [548491718712] DEBUG - [FFMPEG] - nal_unit_type: 39(SEI_PREFIX), nuh_layer_id: 0, temporal_id: 0
Jun 29, 2026 02:10:47.967 [548491718712] DEBUG - [FFMPEG] - Decoding SEI
Jun 29, 2026 02:10:48.003 [548491718712] DEBUG - [FFMPEG] - nal_unit_type: 32(VPS), nuh_layer_id: 0, temporal_id: 0
Jun 29, 2026 02:10:48.003 [548491718712] DEBUG - [FFMPEG] - nal_unit_type: 33(SPS), nuh_layer_id: 0, temporal_id: 0
Jun 29, 2026 02:10:48.003 [548491718712] DEBUG - [FFMPEG] - nal_unit_type: 34(PPS), nuh_layer_id: 0, temporal_id: 0
Jun 29, 2026 02:10:48.003 [548491718712] DEBUG - [FFMPEG] - nal_unit_type: 39(SEI_PREFIX), nuh_layer_id: 0, temporal_id: 0
Jun 29, 2026 02:10:48.003 [548491718712] DEBUG - [FFMPEG] - nal_unit_type: 20(IDR_N_LP), nuh_layer_id: 0, temporal_id: 0
Jun 29, 2026 02:10:48.011 [548491718712] DEBUG - [FFMPEG] - Decoding VPS
Jun 29, 2026 02:10:48.011 [548491718712] DEBUG - [FFMPEG] - Main 10 profile bitstream
Jun 29, 2026 02:10:48.025 [548491718712] DEBUG - [FFMPEG] - Decoding SPS
Jun 29, 2026 02:10:48.025 [548491718712] DEBUG - [FFMPEG] - Main 10 profile bitstream
Jun 29, 2026 02:10:48.025 [548491718712] DEBUG - [FFMPEG] - Decoding VUI
Jun 29, 2026 02:10:48.025 [548491718712] DEBUG - [FFMPEG] - Decoding PPS
Jun 29, 2026 02:10:48.025 [548491718712] DEBUG - [FFMPEG] - Decoding SEI
Jun 29, 2026 02:10:48.025 [548491718712] DEBUG - [FFMPEG] - Format yuv420p10le chosen by get_format().
Jun 29, 2026 02:10:48.041 [548491718712] DEBUG - [FFMPEG] - Decoded frame with POC 0.
Jun 29, 2026 02:10:48.042 [548491718712] DEBUG - [FFMPEG] - nal_unit_type: 1(TRAIL_R), nuh_layer_id: 0, temporal_id: 0
Jun 29, 2026 02:10:48.062 [548491718712] DEBUG - [FFMPEG] - Decoded frame with POC 9.
Jun 29, 2026 02:10:48.062 [548491718712] DEBUG - [FFMPEG] - nal_unit_type: 1(TRAIL_R), nuh_layer_id: 0, temporal_id: 0
Jun 29, 2026 02:10:48.069 [548491718712] DEBUG - [FFMPEG] - Output frame with POC 0.
Jun 29, 2026 02:10:48.087 [548491718712] DEBUG - [FFMPEG] - Decoded frame with POC 5.
Jun 29, 2026 02:10:48.221 [548491718712] DEBUG - Loaded memory image of size 1920x804.
Jun 29, 2026 02:10:48.334 [548491718712] DEBUG - [FFMPEG] - nal_unit_type: 32(VPS), nuh_layer_id: 0, temporal_id: 0
Jun 29, 2026 02:10:48.342 [548491718712] DEBUG - [FFMPEG] - Decoding VPS
Jun 29, 2026 02:10:48.342 [548491718712] DEBUG - [FFMPEG] - Main 10 profile bitstream
Jun 29, 2026 02:10:48.342 [548491718712] DEBUG - [FFMPEG] - nal_unit_type: 33(SPS), nuh_layer_id: 0, temporal_id: 0
Jun 29, 2026 02:10:48.342 [548491718712] DEBUG - [FFMPEG] - Decoding SPS
Jun 29, 2026 02:10:48.342 [548491718712] DEBUG - [FFMPEG] - Main 10 profile bitstream
Jun 29, 2026 02:10:48.342 [548491718712] DEBUG - [FFMPEG] - Decoding VUI
Jun 29, 2026 02:10:48.342 [548491718712] DEBUG - [FFMPEG] - nal_unit_type: 34(PPS), nuh_layer_id: 0, temporal_id: 0
Jun 29, 2026 02:10:48.342 [548491718712] DEBUG - [FFMPEG] - Decoding PPS
Jun 29, 2026 02:10:48.342 [548491718712] DEBUG - [FFMPEG] - nal_unit_type: 39(SEI_PREFIX), nuh_layer_id: 0, temporal_id: 0
Jun 29, 2026 02:10:48.342 [548491718712] DEBUG - [FFMPEG] - Decoding SEI
Jun 29, 2026 02:10:48.342 [548491718712] DEBUG - [FFMPEG] - nal_unit_type: 32(VPS), nuh_layer_id: 0, temporal_id: 0
Jun 29, 2026 02:10:48.342 [548491718712] DEBUG - [FFMPEG] - nal_unit_type: 33(SPS), nuh_layer_id: 0, temporal_id: 0
Jun 29, 2026 02:10:48.342 [548491718712] DEBUG - [FFMPEG] - nal_unit_type: 34(PPS), nuh_layer_id: 0, temporal_id: 0
Jun 29, 2026 02:10:48.342 [548491718712] DEBUG - [FFMPEG] - nal_unit_type: 39(SEI_PREFIX), nuh_layer_id: 0, temporal_id: 0
Jun 29, 2026 02:10:48.342 [548491718712] DEBUG - [FFMPEG] - nal_unit_type: 20(IDR_N_LP), nuh_layer_id: 0, temporal_id: 0
Jun 29, 2026 02:10:48.350 [548491718712] DEBUG - [FFMPEG] - Decoding VPS
Jun 29, 2026 02:10:48.350 [548491718712] DEBUG - [FFMPEG] - Main 10 profile bitstream
Jun 29, 2026 02:10:48.364 [548491718712] DEBUG - [FFMPEG] - Decoding SPS
Jun 29, 2026 02:10:48.364 [548491718712] DEBUG - [FFMPEG] - Main 10 profile bitstream
Jun 29, 2026 02:10:48.364 [548491718712] DEBUG - [FFMPEG] - Decoding VUI
Jun 29, 2026 02:10:48.364 [548491718712] DEBUG - [FFMPEG] - Decoding PPS
Jun 29, 2026 02:10:48.364 [548491718712] DEBUG - [FFMPEG] - Decoding SEI
Jun 29, 2026 02:10:48.364 [548491718712] DEBUG - [FFMPEG] - Format yuv420p10le chosen by get_format().
Jun 29, 2026 02:10:48.380 [548491718712] DEBUG - [FFMPEG] - Decoded frame with POC 0.
Jun 29, 2026 02:10:48.380 [548491718712] DEBUG - [FFMPEG] - nal_unit_type: 1(TRAIL_R), nuh_layer_id: 0, temporal_id: 0
Jun 29, 2026 02:10:48.400 [548491718712] DEBUG - [FFMPEG] - Decoded frame with POC 9.
Jun 29, 2026 02:10:48.400 [548491718712] DEBUG - [FFMPEG] - nal_unit_type: 1(TRAIL_R), nuh_layer_id: 0, temporal_id: 0
Jun 29, 2026 02:10:48.407 [548491718712] DEBUG - [FFMPEG] - Output frame with POC 0.
Jun 29, 2026 02:10:48.424 [548491718712] DEBUG - [FFMPEG] - Decoded frame with POC 5.
Jun 29, 2026 02:10:48.559 [548491718712] DEBUG - Loaded memory image of size 1920x804.
Jun 29, 2026 02:10:48.676 [548491718712] DEBUG - [FFMPEG] - nal_unit_type: 32(VPS), nuh_layer_id: 0, temporal_id: 0
Jun 29, 2026 02:10:48.684 [548491718712] DEBUG - [FFMPEG] - Decoding VPS
Jun 29, 2026 02:10:48.684 [548491718712] DEBUG - [FFMPEG] - Main 10 profile bitstream
Jun 29, 2026 02:10:48.684 [548491718712] DEBUG - [FFMPEG] - nal_unit_type: 33(SPS), nuh_layer_id: 0, temporal_id: 0
Jun 29, 2026 02:10:48.684 [548491718712] DEBUG - [FFMPEG] - Decoding SPS
Jun 29, 2026 02:10:48.684 [548491718712] DEBUG - [FFMPEG] - Main 10 profile bitstream
Jun 29, 2026 02:10:48.684 [548491718712] DEBUG - [FFMPEG] - Decoding VUI
Jun 29, 2026 02:10:48.684 [548491718712] DEBUG - [FFMPEG] - nal_unit_type: 34(PPS), nuh_layer_id: 0, temporal_id: 0
Jun 29, 2026 02:10:48.684 [548491718712] DEBUG - [FFMPEG] - Decoding PPS
Jun 29, 2026 02:10:48.684 [548491718712] DEBUG - [FFMPEG] - nal_unit_type: 39(SEI_PREFIX), nuh_layer_id: 0, temporal_id: 0
Jun 29, 2026 02:10:48.684 [548491718712] DEBUG - [FFMPEG] - Decoding SEI
Jun 29, 2026 02:10:48.684 [548491718712] DEBUG - [FFMPEG] - nal_unit_type: 32(VPS), nuh_layer_id: 0, temporal_id: 0
Jun 29, 2026 02:10:48.684 [548491718712] DEBUG - [FFMPEG] - nal_unit_type: 33(SPS), nuh_layer_id: 0, temporal_id: 0
Jun 29, 2026 02:10:48.684 [548491718712] DEBUG - [FFMPEG] - nal_unit_type: 34(PPS), nuh_layer_id: 0, temporal_id: 0
Jun 29, 2026 02:10:48.684 [548491718712] DEBUG - [FFMPEG] - nal_unit_type: 39(SEI_PREFIX), nuh_layer_id: 0, temporal_id: 0
Jun 29, 2026 02:10:48.684 [548491718712] DEBUG - [FFMPEG] - nal_unit_type: 20(IDR_N_LP), nuh_layer_id: 0, temporal_id: 0
Jun 29, 2026 02:10:48.692 [548491718712] DEBUG - [FFMPEG] - Decoding VPS
Jun 29, 2026 02:10:48.692 [548491718712] DEBUG - [FFMPEG] - Main 10 profile bitstream
Jun 29, 2026 02:10:48.706 [548491718712] DEBUG - [FFMPEG] - Decoding SPS
Jun 29, 2026 02:10:48.706 [548491718712] DEBUG - [FFMPEG] - Main 10 profile bitstream
Jun 29, 2026 02:10:48.706 [548491718712] DEBUG - [FFMPEG] - Decoding VUI
Jun 29, 2026 02:10:48.706 [548491718712] DEBUG - [FFMPEG] - Decoding PPS
Jun 29, 2026 02:10:48.706 [548491718712] DEBUG - [FFMPEG] - Decoding SEI
Jun 29, 2026 02:10:48.707 [548491718712] DEBUG - [FFMPEG] - Format yuv420p10le chosen by get_format().
Jun 29, 2026 02:10:48.723 [548491718712] DEBUG - [FFMPEG] - Decoded frame with POC 0.
Jun 29, 2026 02:10:48.723 [548491718712] DEBUG - [FFMPEG] - nal_unit_type: 1(TRAIL_R), nuh_layer_id: 0, temporal_id: 0
Jun 29, 2026 02:10:48.743 [548491718712] DEBUG - [FFMPEG] - Decoded frame with POC 9.
Jun 29, 2026 02:10:48.743 [548491718712] DEBUG - [FFMPEG] - nal_unit_type: 1(TRAIL_R), nuh_layer_id: 0, temporal_id: 0
Jun 29, 2026 02:10:48.751 [548491718712] DEBUG - [FFMPEG] - Output frame with POC 0.
Jun 29, 2026 02:10:48.769 [548491718712] DEBUG - [FFMPEG] - Decoded frame with POC 5.
Jun 29, 2026 02:10:48.904 [548491718712] DEBUG - Loaded memory image of size 1920x804.
Jun 29, 2026 02:10:49.019 [548491718712] DEBUG - [FFMPEG] - nal_unit_type: 32(VPS), nuh_layer_id: 0, temporal_id: 0
Jun 29, 2026 02:10:49.027 [548491718712] DEBUG - [FFMPEG] - Decoding VPS
Jun 29, 2026 02:10:49.027 [548491718712] DEBUG - [FFMPEG] - Main 10 profile bitstream
Jun 29, 2026 02:10:49.027 [548491718712] DEBUG - [FFMPEG] - nal_unit_type: 33(SPS), nuh_layer_id: 0, temporal_id: 0
Jun 29, 2026 02:10:49.027 [548491718712] DEBUG - [FFMPEG] - Decoding SPS
Jun 29, 2026 02:10:49.027 [548491718712] DEBUG - [FFMPEG] - Main 10 profile bitstream
Jun 29, 2026 02:10:49.027 [548491718712] DEBUG - [FFMPEG] - Decoding VUI
Jun 29, 2026 02:10:49.027 [548491718712] DEBUG - [FFMPEG] - nal_unit_type: 34(PPS), nuh_layer_id: 0, temporal_id: 0
Jun 29, 2026 02:10:49.027 [548491718712] DEBUG - [FFMPEG] - Decoding PPS
Jun 29, 2026 02:10:49.027 [548491718712] DEBUG - [FFMPEG] - nal_unit_type: 39(SEI_PREFIX), nuh_layer_id: 0, temporal_id: 0
Jun 29, 2026 02:10:49.027 [548491718712] DEBUG - [FFMPEG] - Decoding SEI
Jun 29, 2026 02:10:49.027 [548491718712] DEBUG - [FFMPEG] - nal_unit_type: 32(VPS), nuh_layer_id: 0, temporal_id: 0
Jun 29, 2026 02:10:49.027 [548491718712] DEBUG - [FFMPEG] - nal_unit_type: 33(SPS), nuh_layer_id: 0, temporal_id: 0
Jun 29, 2026 02:10:49.027 [548491718712] DEBUG - [FFMPEG] - nal_unit_type: 34(PPS), nuh_layer_id: 0, temporal_id: 0
Jun 29, 2026 02:10:49.027 [548491718712] DEBUG - [FFMPEG] - nal_unit_type: 39(SEI_PREFIX), nuh_layer_id: 0, temporal_id: 0
Jun 29, 2026 02:10:49.028 [548491718712] DEBUG - [FFMPEG] - nal_unit_type: 20(IDR_N_LP), nuh_layer_id: 0, temporal_id: 0
Jun 29, 2026 02:10:49.035 [548491718712] DEBUG - [FFMPEG] - Decoding VPS
Jun 29, 2026 02:10:49.035 [548491718712] DEBUG - [FFMPEG] - Main 10 profile bitstream
Jun 29, 2026 02:10:49.049 [548491718712] DEBUG - [FFMPEG] - Decoding SPS
Jun 29, 2026 02:10:49.049 [548491718712] DEBUG - [FFMPEG] - Main 10 profile bitstream
Jun 29, 2026 02:10:49.049 [548491718712] DEBUG - [FFMPEG] - Decoding VUI
Jun 29, 2026 02:10:49.049 [548491718712] DEBUG - [FFMPEG] - Decoding PPS
Jun 29, 2026 02:10:49.049 [548491718712] DEBUG - [FFMPEG] - Decoding SEI
Jun 29, 2026 02:10:49.049 [548491718712] DEBUG - [FFMPEG] - Format yuv420p10le chosen by get_format().
Jun 29, 2026 02:10:49.065 [548491718712] DEBUG - [FFMPEG] - Decoded frame with POC 0.
Jun 29, 2026 02:10:49.066 [548491718712] DEBUG - [FFMPEG] - nal_unit_type: 1(TRAIL_R), nuh_layer_id: 0, temporal_id: 0
Jun 29, 2026 02:10:49.087 [548491718712] DEBUG - [FFMPEG] - Decoded frame with POC 9.
Jun 29, 2026 02:10:49.087 [548491718712] DEBUG - [FFMPEG] - nal_unit_type: 1(TRAIL_R), nuh_layer_id: 0, temporal_id: 0
Jun 29, 2026 02:10:49.094 [548491718712] DEBUG - [FFMPEG] - Output frame with POC 0.
Jun 29, 2026 02:10:49.112 [548491718712] DEBUG - [FFMPEG] - Decoded frame with POC 5.
Jun 29, 2026 02:10:49.245 [548491718712] DEBUG - Loaded memory image of size 1920x804.
Jun 29, 2026 02:10:49.361 [548491718712] DEBUG - [FFMPEG] - nal_unit_type: 32(VPS), nuh_layer_id: 0, temporal_id: 0
Jun 29, 2026 02:10:49.368 [548491718712] DEBUG - [FFMPEG] - Decoding VPS
Jun 29, 2026 02:10:49.369 [548491718712] DEBUG - [FFMPEG] - Main 10 profile bitstream
Jun 29, 2026 02:10:49.369 [548491718712] DEBUG - [FFMPEG] - nal_unit_type: 33(SPS), nuh_layer_id: 0, temporal_id: 0
Jun 29, 2026 02:10:49.369 [548491718712] DEBUG - [FFMPEG] - Decoding SPS
Jun 29, 2026 02:10:49.369 [548491718712] DEBUG - [FFMPEG] - Main 10 profile bitstream
Jun 29, 2026 02:10:49.369 [548491718712] DEBUG - [FFMPEG] - Decoding VUI
Jun 29, 2026 02:10:49.369 [548491718712] DEBUG - [FFMPEG] - nal_unit_type: 34(PPS), nuh_layer_id: 0, temporal_id: 0
Jun 29, 2026 02:10:49.369 [548491718712] DEBUG - [FFMPEG] - Decoding PPS
Jun 29, 2026 02:10:49.369 [548491718712] DEBUG - [FFMPEG] - nal_unit_type: 39(SEI_PREFIX), nuh_layer_id: 0, temporal_id: 0
Jun 29, 2026 02:10:49.369 [548491718712] DEBUG - [FFMPEG] - Decoding SEI
Jun 29, 2026 02:10:49.369 [548491718712] DEBUG - [FFMPEG] - nal_unit_type: 32(VPS), nuh_layer_id: 0, temporal_id: 0
Jun 29, 2026 02:10:49.369 [548491718712] DEBUG - [FFMPEG] - nal_unit_type: 33(SPS), nuh_layer_id: 0, temporal_id: 0
Jun 29, 2026 02:10:49.369 [548491718712] DEBUG - [FFMPEG] - nal_unit_type: 34(PPS), nuh_layer_id: 0, temporal_id: 0
Jun 29, 2026 02:10:49.369 [548491718712] DEBUG - [FFMPEG] - nal_unit_type: 39(SEI_PREFIX), nuh_layer_id: 0, temporal_id: 0
Jun 29, 2026 02:10:49.369 [548491718712] DEBUG - [FFMPEG] - nal_unit_type: 20(IDR_N_LP), nuh_layer_id: 0, temporal_id: 0
Jun 29, 2026 02:10:49.377 [548491718712] DEBUG - [FFMPEG] - Decoding VPS
Jun 29, 2026 02:10:49.377 [548491718712] DEBUG - [FFMPEG] - Main 10 profile bitstream
Jun 29, 2026 02:10:49.390 [548491718712] DEBUG - [FFMPEG] - Decoding SPS
Jun 29, 2026 02:10:49.390 [548491718712] DEBUG - [FFMPEG] - Main 10 profile bitstream
Jun 29, 2026 02:10:49.390 [548491718712] DEBUG - [FFMPEG] - Decoding VUI
Jun 29, 2026 02:10:49.391 [548491718712] DEBUG - [FFMPEG] - Decoding PPS
Jun 29, 2026 02:10:49.391 [548491718712] DEBUG - [FFMPEG] - Decoding SEI
Jun 29, 2026 02:10:49.391 [548491718712] DEBUG - [FFMPEG] - Format yuv420p10le chosen by get_format().
Jun 29, 2026 02:10:49.407 [548491718712] DEBUG - [FFMPEG] - Decoded frame with POC 0.
Jun 29, 2026 02:10:49.407 [548491718712] DEBUG - [FFMPEG] - nal_unit_type: 1(TRAIL_R), nuh_layer_id: 0, temporal_id: 0
Jun 29, 2026 02:10:49.427 [548491718712] DEBUG - [FFMPEG] - Decoded frame with POC 9.
Jun 29, 2026 02:10:49.427 [548491718712] DEBUG - [FFMPEG] - nal_unit_type: 1(TRAIL_R), nuh_layer_id: 0, temporal_id: 0
Jun 29, 2026 02:10:49.433 [548491718712] DEBUG - [FFMPEG] - Output frame with POC 0.
Jun 29, 2026 02:10:49.452 [548491718712] DEBUG - [FFMPEG] - Decoded frame with POC 5.
Jun 29, 2026 02:10:49.585 [548491718712] DEBUG - Loaded memory image of size 1920x804.
Jun 29, 2026 02:10:49.702 [548491718712] DEBUG - Skipped thumbnail for metadata item 6, media item 4 for chapter number 1:0
Jun 29, 2026 02:10:49.702 [548491718712] DEBUG - Creating /config/Library/Application Support/Plex Media Server/Media/localhost/d/8307b8daf6e75842ba0c30f4159a01a8ae084a1.bundle/Contents/Chapters/chapter2.jpg (22.7%, 1280x720).
Jun 29, 2026 02:10:49.703 [548491718712] DEBUG - [FFMPEG] - nal_unit_type: 32(VPS), nuh_layer_id: 0, temporal_id: 0
Jun 29, 2026 02:10:49.712 [548491718712] DEBUG - [FFMPEG] - Decoding VPS
Jun 29, 2026 02:10:49.713 [548491718712] DEBUG - [FFMPEG] - Main 10 profile bitstream
Jun 29, 2026 02:10:49.713 [548491718712] DEBUG - [FFMPEG] - nal_unit_type: 33(SPS), nuh_layer_id: 0, temporal_id: 0
Jun 29, 2026 02:10:49.713 [548491718712] DEBUG - [FFMPEG] - Decoding SPS
Jun 29, 2026 02:10:49.713 [548491718712] DEBUG - [FFMPEG] - Main 10 profile bitstream
Jun 29, 2026 02:10:49.713 [548491718712] DEBUG - [FFMPEG] - Decoding VUI
Jun 29, 2026 02:10:49.713 [548491718712] DEBUG - [FFMPEG] - nal_unit_type: 34(PPS), nuh_layer_id: 0, temporal_id: 0
Jun 29, 2026 02:10:49.713 [548491718712] DEBUG - [FFMPEG] - Decoding PPS
Jun 29, 2026 02:10:49.713 [548491718712] DEBUG - [FFMPEG] - nal_unit_type: 39(SEI_PREFIX), nuh_layer_id: 0, temporal_id: 0
Jun 29, 2026 02:10:49.713 [548491718712] DEBUG - [FFMPEG] - Decoding SEI
Jun 29, 2026 02:10:49.723 [548491718712] DEBUG - [FFMPEG] - nal_unit_type: 32(VPS), nuh_layer_id: 0, temporal_id: 0
Jun 29, 2026 02:10:49.723 [548491718712] DEBUG - [FFMPEG] - nal_unit_type: 33(SPS), nuh_layer_id: 0, temporal_id: 0
Jun 29, 2026 02:10:49.723 [548491718712] DEBUG - [FFMPEG] - nal_unit_type: 34(PPS), nuh_layer_id: 0, temporal_id: 0
Jun 29, 2026 02:10:49.723 [548491718712] DEBUG - [FFMPEG] - nal_unit_type: 21(CRA_NUT), nuh_layer_id: 0, temporal_id: 0
Jun 29, 2026 02:10:49.731 [548491718712] DEBUG - [FFMPEG] - Decoding VPS
Jun 29, 2026 02:10:49.731 [548491718712] DEBUG - [FFMPEG] - Main 10 profile bitstream
Jun 29, 2026 02:10:49.745 [548491718712] DEBUG - [FFMPEG] - Decoding SPS
Jun 29, 2026 02:10:49.745 [548491718712] DEBUG - [FFMPEG] - Main 10 profile bitstream
Jun 29, 2026 02:10:49.745 [548491718712] DEBUG - [FFMPEG] - Decoding VUI
Jun 29, 2026 02:10:49.746 [548491718712] DEBUG - [FFMPEG] - Decoding PPS
Jun 29, 2026 02:10:49.746 [548491718712] DEBUG - [FFMPEG] - Format yuv420p10le chosen by get_format().
Jun 29, 2026 02:10:49.800 [548491718712] DEBUG - [FFMPEG] - Decoded frame with POC 79.
Jun 29, 2026 02:10:49.800 [548491718712] DEBUG - [FFMPEG] - nal_unit_type: 1(TRAIL_R), nuh_layer_id: 0, temporal_id: 0
Jun 29, 2026 02:10:49.820 [548491718712] DEBUG - [FFMPEG] - Decoded frame with POC 81.
Jun 29, 2026 02:10:49.820 [548491718712] DEBUG - [FFMPEG] - nal_unit_type: 0(TRAIL_N), nuh_layer_id: 0, temporal_id: 0
Jun 29, 2026 02:10:49.820 [548491718712] DEBUG - [FFMPEG] - Output frame with POC 79.
Jun 29, 2026 02:10:49.835 [548491718712] DEBUG - [FFMPEG] - Decoded frame with POC 80.
Jun 29, 2026 02:10:49.970 [548491718712] DEBUG - Loaded memory image of size 1920x804.
Jun 29, 2026 02:10:50.086 [548491718712] DEBUG - [FFMPEG] - nal_unit_type: 32(VPS), nuh_layer_id: 0, temporal_id: 0
Jun 29, 2026 02:10:50.094 [548491718712] DEBUG - [FFMPEG] - Decoding VPS
Jun 29, 2026 02:10:50.094 [548491718712] DEBUG - [FFMPEG] - Main 10 profile bitstream
Jun 29, 2026 02:10:50.094 [548491718712] DEBUG - [FFMPEG] - nal_unit_type: 33(SPS), nuh_layer_id: 0, temporal_id: 0
Jun 29, 2026 02:10:50.094 [548491718712] DEBUG - [FFMPEG] - Decoding SPS
Jun 29, 2026 02:10:50.094 [548491718712] DEBUG - [FFMPEG] - Main 10 profile bitstream
Jun 29, 2026 02:10:50.094 [548491718712] DEBUG - [FFMPEG] - Decoding VUI
Jun 29, 2026 02:10:50.094 [548491718712] DEBUG - [FFMPEG] - nal_unit_type: 34(PPS), nuh_layer_id: 0, temporal_id: 0
Jun 29, 2026 02:10:50.094 [548491718712] DEBUG - [FFMPEG] - Decoding PPS
Jun 29, 2026 02:10:50.094 [548491718712] DEBUG - [FFMPEG] - nal_unit_type: 39(SEI_PREFIX), nuh_layer_id: 0, temporal_id: 0
Jun 29, 2026 02:10:50.094 [548491718712] DEBUG - [FFMPEG] - Decoding SEI
Jun 29, 2026 02:10:50.095 [548491718712] DEBUG - [FFMPEG] - nal_unit_type: 32(VPS), nuh_layer_id: 0, temporal_id: 0
Jun 29, 2026 02:10:50.095 [548491718712] DEBUG - [FFMPEG] - nal_unit_type: 33(SPS), nuh_layer_id: 0, temporal_id: 0
Jun 29, 2026 02:10:50.095 [548491718712] DEBUG - [FFMPEG] - nal_unit_type: 34(PPS), nuh_layer_id: 0, temporal_id: 0
Jun 29, 2026 02:10:50.095 [548491718712] DEBUG - [FFMPEG] - nal_unit_type: 21(CRA_NUT), nuh_layer_id: 0, temporal_id: 0
Jun 29, 2026 02:10:50.102 [548491718712] DEBUG - [FFMPEG] - Decoding VPS
Jun 29, 2026 02:10:50.102 [548491718712] DEBUG - [FFMPEG] - Main 10 profile bitstream
Jun 29, 2026 02:10:50.116 [548491718712] DEBUG - [FFMPEG] - Decoding SPS
Jun 29, 2026 02:10:50.116 [548491718712] DEBUG - [FFMPEG] - Main 10 profile bitstream
Jun 29, 2026 02:10:50.116 [548491718712] DEBUG - [FFMPEG] - Decoding VUI
Jun 29, 2026 02:10:50.116 [548491718712] DEBUG - [FFMPEG] - Decoding PPS
Jun 29, 2026 02:10:50.116 [548491718712] DEBUG - [FFMPEG] - Format yuv420p10le chosen by get_format().
Jun 29, 2026 02:10:50.168 [548491718712] DEBUG - [FFMPEG] - Decoded frame with POC 79.
Jun 29, 2026 02:10:50.168 [548491718712] DEBUG - [FFMPEG] - nal_unit_type: 1(TRAIL_R), nuh_layer_id: 0, temporal_id: 0
Jun 29, 2026 02:10:50.188 [548491718712] DEBUG - [FFMPEG] - Decoded frame with POC 81.
Jun 29, 2026 02:10:50.188 [548491718712] DEBUG - [FFMPEG] - nal_unit_type: 0(TRAIL_N), nuh_layer_id: 0, temporal_id: 0
Jun 29, 2026 02:10:50.188 [548491718712] DEBUG - [FFMPEG] - Output frame with POC 79.
Jun 29, 2026 02:10:50.204 [548491718712] DEBUG - [FFMPEG] - Decoded frame with POC 80.
Jun 29, 2026 02:10:50.338 [548491718712] DEBUG - Loaded memory image of size 1920x804.
Jun 29, 2026 02:10:50.456 [548491718712] DEBUG - [FFMPEG] - nal_unit_type: 32(VPS), nuh_layer_id: 0, temporal_id: 0
Jun 29, 2026 02:10:50.464 [548491718712] DEBUG - [FFMPEG] - Decoding VPS
Jun 29, 2026 02:10:50.464 [548491718712] DEBUG - [FFMPEG] - Main 10 profile bitstream
Jun 29, 2026 02:10:50.464 [548491718712] DEBUG - [FFMPEG] - nal_unit_type: 33(SPS), nuh_layer_id: 0, temporal_id: 0
Jun 29, 2026 02:10:50.464 [548491718712] DEBUG - [FFMPEG] - Decoding SPS
Jun 29, 2026 02:10:50.464 [548491718712] DEBUG - [FFMPEG] - Main 10 profile bitstream
Jun 29, 2026 02:10:50.464 [548491718712] DEBUG - [FFMPEG] - Decoding VUI
Jun 29, 2026 02:10:50.464 [548491718712] DEBUG - [FFMPEG] - nal_unit_type: 34(PPS), nuh_layer_id: 0, temporal_id: 0
Jun 29, 2026 02:10:50.464 [548491718712] DEBUG - [FFMPEG] - Decoding PPS
Jun 29, 2026 02:10:50.464 [548491718712] DEBUG - [FFMPEG] - nal_unit_type: 39(SEI_PREFIX), nuh_layer_id: 0, temporal_id: 0
Jun 29, 2026 02:10:50.464 [548491718712] DEBUG - [FFMPEG] - Decoding SEI
Jun 29, 2026 02:10:50.464 [548491718712] DEBUG - [FFMPEG] - nal_unit_type: 32(VPS), nuh_layer_id: 0, temporal_id: 0
Jun 29, 2026 02:10:50.464 [548491718712] DEBUG - [FFMPEG] - nal_unit_type: 33(SPS), nuh_layer_id: 0, temporal_id: 0
Jun 29, 2026 02:10:50.464 [548491718712] DEBUG - [FFMPEG] - nal_unit_type: 34(PPS), nuh_layer_id: 0, temporal_id: 0
Jun 29, 2026 02:10:50.464 [548491718712] DEBUG - [FFMPEG] - nal_unit_type: 21(CRA_NUT), nuh_layer_id: 0, temporal_id: 0
Jun 29, 2026 02:10:50.472 [548491718712] DEBUG - [FFMPEG] - Decoding VPS
Jun 29, 2026 02:10:50.472 [548491718712] DEBUG - [FFMPEG] - Main 10 profile bitstream
Jun 29, 2026 02:10:50.486 [548491718712] DEBUG - [FFMPEG] - Decoding SPS
Jun 29, 2026 02:10:50.486 [548491718712] DEBUG - [FFMPEG] - Main 10 profile bitstream
Jun 29, 2026 02:10:50.486 [548491718712] DEBUG - [FFMPEG] - Decoding VUI
Jun 29, 2026 02:10:50.486 [548491718712] DEBUG - [FFMPEG] - Decoding PPS
Jun 29, 2026 02:10:50.486 [548491718712] DEBUG - [FFMPEG] - Format yuv420p10le chosen by get_format().
Jun 29, 2026 02:10:50.538 [548491718712] DEBUG - [FFMPEG] - Decoded frame with POC 79.
Jun 29, 2026 02:10:50.538 [548491718712] DEBUG - [FFMPEG] - nal_unit_type: 1(TRAIL_R), nuh_layer_id: 0, temporal_id: 0
Jun 29, 2026 02:10:50.558 [548491718712] DEBUG - [FFMPEG] - Decoded frame with POC 81.
Jun 29, 2026 02:10:50.558 [548491718712] DEBUG - [FFMPEG] - nal_unit_type: 0(TRAIL_N), nuh_layer_id: 0, temporal_id: 0
Jun 29, 2026 02:10:50.558 [548491718712] DEBUG - [FFMPEG] - Output frame with POC 79.
Jun 29, 2026 02:10:50.573 [548491718712] DEBUG - [FFMPEG] - Decoded frame with POC 80.
Jun 29, 2026 02:10:50.707 [548491718712] DEBUG - Loaded memory image of size 1920x804.
Jun 29, 2026 02:10:50.816 [548491718712] DEBUG - [FFMPEG] - nal_unit_type: 32(VPS), nuh_layer_id: 0, temporal_id: 0
Jun 29, 2026 02:10:50.824 [548491718712] DEBUG - [FFMPEG] - Decoding VPS
Jun 29, 2026 02:10:50.824 [548491718712] DEBUG - [FFMPEG] - Main 10 profile bitstream
Jun 29, 2026 02:10:50.824 [548491718712] DEBUG - [FFMPEG] - nal_unit_type: 33(SPS), nuh_layer_id: 0, temporal_id: 0
Jun 29, 2026 02:10:50.824 [548491718712] DEBUG - [FFMPEG] - Decoding SPS
Jun 29, 2026 02:10:50.824 [548491718712] DEBUG - [FFMPEG] - Main 10 profile bitstream
Jun 29, 2026 02:10:50.824 [548491718712] DEBUG - [FFMPEG] - Decoding VUI
Jun 29, 2026 02:10:50.824 [548491718712] DEBUG - [FFMPEG] - nal_unit_type: 34(PPS), nuh_layer_id: 0, temporal_id: 0
Jun 29, 2026 02:10:50.824 [548491718712] DEBUG - [FFMPEG] - Decoding PPS
Jun 29, 2026 02:10:50.824 [548491718712] DEBUG - [FFMPEG] - nal_unit_type: 39(SEI_PREFIX), nuh_layer_id: 0, temporal_id: 0
Jun 29, 2026 02:10:50.824 [548491718712] DEBUG - [FFMPEG] - Decoding SEI
Jun 29, 2026 02:10:50.824 [548491718712] DEBUG - [FFMPEG] - nal_unit_type: 32(VPS), nuh_layer_id: 0, temporal_id: 0
Jun 29, 2026 02:10:50.824 [548491718712] DEBUG - [FFMPEG] - nal_unit_type: 33(SPS), nuh_layer_id: 0, temporal_id: 0
Jun 29, 2026 02:10:50.824 [548491718712] DEBUG - [FFMPEG] - nal_unit_type: 34(PPS), nuh_layer_id: 0, temporal_id: 0
Jun 29, 2026 02:10:50.824 [548491718712] DEBUG - [FFMPEG] - nal_unit_type: 21(CRA_NUT), nuh_layer_id: 0, temporal_id: 0
Jun 29, 2026 02:10:50.832 [548491718712] DEBUG - [FFMPEG] - Decoding VPS
Jun 29, 2026 02:10:50.832 [548491718712] DEBUG - [FFMPEG] - Main 10 profile bitstream
Jun 29, 2026 02:10:50.846 [548491718712] DEBUG - [FFMPEG] - Decoding SPS
Jun 29, 2026 02:10:50.846 [548491718712] DEBUG - [FFMPEG] - Main 10 profile bitstream
Jun 29, 2026 02:10:50.846 [548491718712] DEBUG - [FFMPEG] - Decoding VUI
Jun 29, 2026 02:10:50.846 [548491718712] DEBUG - [FFMPEG] - Decoding PPS
Jun 29, 2026 02:10:50.847 [548491718712] DEBUG - [FFMPEG] - Format yuv420p10le chosen by get_format().
Jun 29, 2026 02:10:50.904 [548491718712] DEBUG - [FFMPEG] - Decoded frame with POC 79.
Jun 29, 2026 02:10:50.904 [548491718712] DEBUG - [FFMPEG] - nal_unit_type: 1(TRAIL_R), nuh_layer_id: 0, temporal_id: 0
Jun 29, 2026 02:10:50.925 [548491718712] DEBUG - [FFMPEG] - Decoded frame with POC 81.
Jun 29, 2026 02:10:50.926 [548491718712] DEBUG - [FFMPEG] - nal_unit_type: 0(TRAIL_N), nuh_layer_id: 0, temporal_id: 0
Jun 29, 2026 02:10:50.926 [548491718712] DEBUG - [FFMPEG] - Output frame with POC 79.
Jun 29, 2026 02:10:50.941 [548491718712] DEBUG - [FFMPEG] - Decoded frame with POC 80.
Jun 29, 2026 02:10:51.075 [548491718712] DEBUG - Loaded memory image of size 1920x804.
Jun 29, 2026 02:10:51.194 [548491718712] DEBUG - [FFMPEG] - nal_unit_type: 32(VPS), nuh_layer_id: 0, temporal_id: 0
Jun 29, 2026 02:10:51.202 [548491718712] DEBUG - [FFMPEG] - Decoding VPS
Jun 29, 2026 02:10:51.202 [548491718712] DEBUG - [FFMPEG] - Main 10 profile bitstream
Jun 29, 2026 02:10:51.202 [548491718712] DEBUG - [FFMPEG] - nal_unit_type: 33(SPS), nuh_layer_id: 0, temporal_id: 0
Jun 29, 2026 02:10:51.202 [548491718712] DEBUG - [FFMPEG] - Decoding SPS
Jun 29, 2026 02:10:51.202 [548491718712] DEBUG - [FFMPEG] - Main 10 profile bitstream
Jun 29, 2026 02:10:51.202 [548491718712] DEBUG - [FFMPEG] - Decoding VUI
Jun 29, 2026 02:10:51.202 [548491718712] DEBUG - [FFMPEG] - nal_unit_type: 34(PPS), nuh_layer_id: 0, temporal_id: 0
Jun 29, 2026 02:10:51.202 [548491718712] DEBUG - [FFMPEG] - Decoding PPS
Jun 29, 2026 02:10:51.202 [548491718712] DEBUG - [FFMPEG] - nal_unit_type: 39(SEI_PREFIX), nuh_layer_id: 0, temporal_id: 0
Jun 29, 2026 02:10:51.202 [548491718712] DEBUG - [FFMPEG] - Decoding SEI
Jun 29, 2026 02:10:51.202 [548491718712] DEBUG - [FFMPEG] - nal_unit_type: 32(VPS), nuh_layer_id: 0, temporal_id: 0
Jun 29, 2026 02:10:51.202 [548491718712] DEBUG - [FFMPEG] - nal_unit_type: 33(SPS), nuh_layer_id: 0, temporal_id: 0
Jun 29, 2026 02:10:51.202 [548491718712] DEBUG - [FFMPEG] - nal_unit_type: 34(PPS), nuh_layer_id: 0, temporal_id: 0
Jun 29, 2026 02:10:51.202 [548491718712] DEBUG - [FFMPEG] - nal_unit_type: 21(CRA_NUT), nuh_layer_id: 0, temporal_id: 0
Jun 29, 2026 02:10:51.210 [548491718712] DEBUG - [FFMPEG] - Decoding VPS
Jun 29, 2026 02:10:51.210 [548491718712] DEBUG - [FFMPEG] - Main 10 profile bitstream
Jun 29, 2026 02:10:51.224 [548491718712] DEBUG - [FFMPEG] - Decoding SPS
Jun 29, 2026 02:10:51.224 [548491718712] DEBUG - [FFMPEG] - Main 10 profile bitstream
Jun 29, 2026 02:10:51.224 [548491718712] DEBUG - [FFMPEG] - Decoding VUI
Jun 29, 2026 02:10:51.224 [548491718712] DEBUG - [FFMPEG] - Decoding PPS
Jun 29, 2026 02:10:51.224 [548491718712] DEBUG - [FFMPEG] - Format yuv420p10le chosen by get_format().
Jun 29, 2026 02:10:51.277 [548491718712] DEBUG - [FFMPEG] - Decoded frame with POC 79.
Jun 29, 2026 02:10:51.277 [548491718712] DEBUG - [FFMPEG] - nal_unit_type: 1(TRAIL_R), nuh_layer_id: 0, temporal_id: 0
Jun 29, 2026 02:10:51.298 [548491718712] DEBUG - [FFMPEG] - Decoded frame with POC 81.
Jun 29, 2026 02:10:51.298 [548491718712] DEBUG - [FFMPEG] - nal_unit_type: 0(TRAIL_N), nuh_layer_id: 0, temporal_id: 0
Jun 29, 2026 02:10:51.298 [548491718712] DEBUG - [FFMPEG] - Output frame with POC 79.
Jun 29, 2026 02:10:51.318 [548491718712] DEBUG - [FFMPEG] - Decoded frame with POC 80.
Jun 29, 2026 02:10:51.454 [548491718712] DEBUG - Loaded memory image of size 1920x804.
Jun 29, 2026 02:10:51.575 [548491718712] DEBUG - Skipped thumbnail for metadata item 6, media item 4 for chapter number 2:613941
Jun 29, 2026 02:10:51.575 [548491718712] DEBUG - Creating /config/Library/Application Support/Plex Media Server/Media/localhost/d/8307b8daf6e75842ba0c30f4159a01a8ae084a1.bundle/Contents/Chapters/chapter3.jpg (23.5%, 1280x720).
Jun 29, 2026 02:10:51.577 [548491718712] DEBUG - [FFMPEG] - nal_unit_type: 32(VPS), nuh_layer_id: 0, temporal_id: 0
Jun 29, 2026 02:10:51.584 [548491718712] DEBUG - [FFMPEG] - Decoding VPS
Jun 29, 2026 02:10:51.584 [548491718712] DEBUG - [FFMPEG] - Main 10 profile bitstream
Jun 29, 2026 02:10:51.584 [548491718712] DEBUG - [FFMPEG] - nal_unit_type: 33(SPS), nuh_layer_id: 0, temporal_id: 0
Jun 29, 2026 02:10:51.584 [548491718712] DEBUG - [FFMPEG] - Decoding SPS
Jun 29, 2026 02:10:51.584 [548491718712] DEBUG - [FFMPEG] - Main 10 profile bitstream
Jun 29, 2026 02:10:51.584 [548491718712] DEBUG - [FFMPEG] - Decoding VUI
Jun 29, 2026 02:10:51.584 [548491718712] DEBUG - [FFMPEG] - nal_unit_type: 34(PPS), nuh_layer_id: 0, temporal_id: 0
Jun 29, 2026 02:10:51.585 [548491718712] DEBUG - [FFMPEG] - Decoding PPS
Jun 29, 2026 02:10:51.585 [548491718712] DEBUG - [FFMPEG] - nal_unit_type: 39(SEI_PREFIX), nuh_layer_id: 0, temporal_id: 0
Jun 29, 2026 02:10:51.585 [548491718712] DEBUG - [FFMPEG] - Decoding SEI
Jun 29, 2026 02:10:51.601 [548491718712] DEBUG - [FFMPEG] - nal_unit_type: 32(VPS), nuh_layer_id: 0, temporal_id: 0
Jun 29, 2026 02:10:51.601 [548491718712] DEBUG - [FFMPEG] - nal_unit_type: 33(SPS), nuh_layer_id: 0, temporal_id: 0
Jun 29, 2026 02:10:51.601 [548491718712] DEBUG - [FFMPEG] - nal_unit_type: 34(PPS), nuh_layer_id: 0, temporal_id: 0
Jun 29, 2026 02:10:51.601 [548491718712] DEBUG - [FFMPEG] - nal_unit_type: 21(CRA_NUT), nuh_layer_id: 0, temporal_id: 0
Jun 29, 2026 02:10:51.609 [548491718712] DEBUG - [FFMPEG] - Decoding VPS
Jun 29, 2026 02:10:51.609 [548491718712] DEBUG - [FFMPEG] - Main 10 profile bitstream
Jun 29, 2026 02:10:51.623 [548491718712] DEBUG - [FFMPEG] - Decoding SPS
Jun 29, 2026 02:10:51.623 [548491718712] DEBUG - [FFMPEG] - Main 10 profile bitstream
Jun 29, 2026 02:10:51.623 [548491718712] DEBUG - [FFMPEG] - Decoding VUI
Jun 29, 2026 02:10:51.623 [548491718712] DEBUG - [FFMPEG] - Decoding PPS
Jun 29, 2026 02:10:51.623 [548491718712] DEBUG - [FFMPEG] - Format yuv420p10le chosen by get_format().
Jun 29, 2026 02:10:51.719 [548491718712] DEBUG - [FFMPEG] - Decoded frame with POC -122.
Jun 29, 2026 02:10:51.720 [548491718712] DEBUG - [FFMPEG] - nal_unit_type: 1(TRAIL_R), nuh_layer_id: 0, temporal_id: 0
Jun 29, 2026 02:10:51.778 [548491718712] DEBUG - [FFMPEG] - Decoded frame with POC -115.
Jun 29, 2026 02:10:51.779 [548491718712] DEBUG - [FFMPEG] - nal_unit_type: 1(TRAIL_R), nuh_layer_id: 0, temporal_id: 0
Jun 29, 2026 02:10:51.779 [548491718712] DEBUG - [FFMPEG] - Output frame with POC -122.
Jun 29, 2026 02:10:51.844 [548491718712] DEBUG - [FFMPEG] - Decoded frame with POC -118.
Jun 29, 2026 02:10:51.981 [548491718712] DEBUG - Loaded memory image of size 1920x804.
Jun 29, 2026 02:10:52.098 [548491718712] DEBUG - Created chapter thumbnail for metadata item 6, media item 4 for chapter number 3:635547 at "/config/Library/Application Support/Plex Media Server/Media/localhost/d/8307b8daf6e75842ba0c30f4159a01a8ae084a1.bundle/Contents/Chapters/chapter3.jpg"
Jun 29, 2026 02:10:52.098 [548491718712] DEBUG - Creating /config/Library/Application Support/Plex Media Server/Media/localhost/d/8307b8daf6e75842ba0c30f4159a01a8ae084a1.bundle/Contents/Chapters/chapter4.jpg (96.6%, 1280x720).
Jun 29, 2026 02:10:52.099 [548491718712] DEBUG - [FFMPEG] - nal_unit_type: 32(VPS), nuh_layer_id: 0, temporal_id: 0
Jun 29, 2026 02:10:52.107 [548491718712] DEBUG - [FFMPEG] - Decoding VPS
Jun 29, 2026 02:10:52.107 [548491718712] DEBUG - [FFMPEG] - Main 10 profile bitstream
Jun 29, 2026 02:10:52.107 [548491718712] DEBUG - [FFMPEG] - nal_unit_type: 33(SPS), nuh_layer_id: 0, temporal_id: 0
Jun 29, 2026 02:10:52.107 [548491718712] DEBUG - [FFMPEG] - Decoding SPS
Jun 29, 2026 02:10:52.107 [548491718712] DEBUG - [FFMPEG] - Main 10 profile bitstream
Jun 29, 2026 02:10:52.107 [548491718712] DEBUG - [FFMPEG] - Decoding VUI
Jun 29, 2026 02:10:52.107 [548491718712] DEBUG - [FFMPEG] - nal_unit_type: 34(PPS), nuh_layer_id: 0, temporal_id: 0
Jun 29, 2026 02:10:52.107 [548491718712] DEBUG - [FFMPEG] - Decoding PPS
Jun 29, 2026 02:10:52.108 [548491718712] DEBUG - [FFMPEG] - nal_unit_type: 39(SEI_PREFIX), nuh_layer_id: 0, temporal_id: 0
Jun 29, 2026 02:10:52.108 [548491718712] DEBUG - [FFMPEG] - Decoding SEI
Jun 29, 2026 02:10:52.114 [548491718712] DEBUG - [FFMPEG] - nal_unit_type: 32(VPS), nuh_layer_id: 0, temporal_id: 0
Jun 29, 2026 02:10:52.114 [548491718712] DEBUG - [FFMPEG] - nal_unit_type: 33(SPS), nuh_layer_id: 0, temporal_id: 0
Jun 29, 2026 02:10:52.114 [548491718712] DEBUG - [FFMPEG] - nal_unit_type: 34(PPS), nuh_layer_id: 0, temporal_id: 0
Jun 29, 2026 02:10:52.114 [548491718712] DEBUG - [FFMPEG] - nal_unit_type: 21(CRA_NUT), nuh_layer_id: 0, temporal_id: 0
Jun 29, 2026 02:10:52.122 [548491718712] DEBUG - [FFMPEG] - Decoding VPS
Jun 29, 2026 02:10:52.122 [548491718712] DEBUG - [FFMPEG] - Main 10 profile bitstream
Jun 29, 2026 02:10:52.135 [548491718712] DEBUG - [FFMPEG] - Decoding SPS
Jun 29, 2026 02:10:52.135 [548491718712] DEBUG - [FFMPEG] - Main 10 profile bitstream
Jun 29, 2026 02:10:52.135 [548491718712] DEBUG - [FFMPEG] - Decoding VUI
Jun 29, 2026 02:10:52.136 [548491718712] DEBUG - [FFMPEG] - Decoding PPS
Jun 29, 2026 02:10:52.136 [548491718712] DEBUG - [FFMPEG] - Format yuv420p10le chosen by get_format().
Jun 29, 2026 02:10:52.194 [548491718712] DEBUG - [FFMPEG] - Decoded frame with POC -116.
Jun 29, 2026 02:10:52.194 [548491718712] DEBUG - [FFMPEG] - nal_unit_type: 1(TRAIL_R), nuh_layer_id: 0, temporal_id: 0
Jun 29, 2026 02:10:52.216 [548491718712] DEBUG - [FFMPEG] - Decoded frame with POC -113.
Jun 29, 2026 02:10:52.216 [548491718712] DEBUG - [FFMPEG] - nal_unit_type: 1(TRAIL_R), nuh_layer_id: 0, temporal_id: 0
Jun 29, 2026 02:10:52.216 [548491718712] DEBUG - [FFMPEG] - Output frame with POC -116.
Jun 29, 2026 02:10:52.234 [548491718712] DEBUG - [FFMPEG] - Decoded frame with POC -114.
Jun 29, 2026 02:10:52.368 [548491718712] DEBUG - Loaded memory image of size 1920x804.
Jun 29, 2026 02:10:52.488 [548491718712] DEBUG - [FFMPEG] - nal_unit_type: 32(VPS), nuh_layer_id: 0, temporal_id: 0
Jun 29, 2026 02:10:52.495 [548491718712] DEBUG - [FFMPEG] - Decoding VPS
Jun 29, 2026 02:10:52.496 [548491718712] DEBUG - [FFMPEG] - Main 10 profile bitstream
Jun 29, 2026 02:10:52.496 [548491718712] DEBUG - [FFMPEG] - nal_unit_type: 33(SPS), nuh_layer_id: 0, temporal_id: 0
Jun 29, 2026 02:10:52.496 [548491718712] DEBUG - [FFMPEG] - Decoding SPS
Jun 29, 2026 02:10:52.496 [548491718712] DEBUG - [FFMPEG] - Main 10 profile bitstream
Jun 29, 2026 02:10:52.496 [548491718712] DEBUG - [FFMPEG] - Decoding VUI
Jun 29, 2026 02:10:52.496 [548491718712] DEBUG - [FFMPEG] - nal_unit_type: 34(PPS), nuh_layer_id: 0, temporal_id: 0
Jun 29, 2026 02:10:52.496 [548491718712] DEBUG - [FFMPEG] - Decoding PPS
Jun 29, 2026 02:10:52.496 [548491718712] DEBUG - [FFMPEG] - nal_unit_type: 39(SEI_PREFIX), nuh_layer_id: 0, temporal_id: 0
Jun 29, 2026 02:10:52.496 [548491718712] DEBUG - [FFMPEG] - Decoding SEI
Jun 29, 2026 02:10:52.496 [548491718712] DEBUG - [FFMPEG] - nal_unit_type: 32(VPS), nuh_layer_id: 0, temporal_id: 0
Jun 29, 2026 02:10:52.496 [548491718712] DEBUG - [FFMPEG] - nal_unit_type: 33(SPS), nuh_layer_id: 0, temporal_id: 0
Jun 29, 2026 02:10:52.496 [548491718712] DEBUG - [FFMPEG] - nal_unit_type: 34(PPS), nuh_layer_id: 0, temporal_id: 0
Jun 29, 2026 02:10:52.496 [548491718712] DEBUG - [FFMPEG] - nal_unit_type: 21(CRA_NUT), nuh_layer_id: 0, temporal_id: 0
Jun 29, 2026 02:10:52.504 [548491718712] DEBUG - [FFMPEG] - Decoding VPS
Jun 29, 2026 02:10:52.504 [548491718712] DEBUG - [FFMPEG] - Main 10 profile bitstream
Jun 29, 2026 02:10:52.517 [548491718712] DEBUG - [FFMPEG] - Decoding SPS
Jun 29, 2026 02:10:52.517 [548491718712] DEBUG - [FFMPEG] - Main 10 profile bitstream
Jun 29, 2026 02:10:52.517 [548491718712] DEBUG - [FFMPEG] - Decoding VUI
Jun 29, 2026 02:10:52.518 [548491718712] DEBUG - [FFMPEG] - Decoding PPS
Jun 29, 2026 02:10:52.518 [548491718712] DEBUG - [FFMPEG] - Format yuv420p10le chosen by get_format().
Jun 29, 2026 02:10:52.575 [548491718712] DEBUG - [FFMPEG] - Decoded frame with POC -116.
Jun 29, 2026 02:10:52.575 [548491718712] DEBUG - [FFMPEG] - nal_unit_type: 1(TRAIL_R), nuh_layer_id: 0, temporal_id: 0
Jun 29, 2026 02:10:52.594 [548491718712] DEBUG - [FFMPEG] - Decoded frame with POC -113.
Jun 29, 2026 02:10:52.594 [548491718712] DEBUG - [FFMPEG] - nal_unit_type: 1(TRAIL_R), nuh_layer_id: 0, temporal_id: 0
Jun 29, 2026 02:10:52.595 [548491718712] DEBUG - [FFMPEG] - Output frame with POC -116.
Jun 29, 2026 02:10:52.611 [548491718712] DEBUG - [FFMPEG] - Decoded frame with POC -114.
Jun 29, 2026 02:10:52.746 [548491718712] DEBUG - Loaded memory image of size 1920x804.
Jun 29, 2026 02:10:52.868 [548491718712] DEBUG - [FFMPEG] - nal_unit_type: 32(VPS), nuh_layer_id: 0, temporal_id: 0
Jun 29, 2026 02:10:52.875 [548491718712] DEBUG - [FFMPEG] - Decoding VPS
Jun 29, 2026 02:10:52.875 [548491718712] DEBUG - [FFMPEG] - Main 10 profile bitstream
Jun 29, 2026 02:10:52.875 [548491718712] DEBUG - [FFMPEG] - nal_unit_type: 33(SPS), nuh_layer_id: 0, temporal_id: 0
Jun 29, 2026 02:10:52.875 [548491718712] DEBUG - [FFMPEG] - Decoding SPS
Jun 29, 2026 02:10:52.875 [548491718712] DEBUG - [FFMPEG] - Main 10 profile bitstream
Jun 29, 2026 02:10:52.876 [548491718712] DEBUG - [FFMPEG] - Decoding VUI
Jun 29, 2026 02:10:52.876 [548491718712] DEBUG - [FFMPEG] - nal_unit_type: 34(PPS), nuh_layer_id: 0, temporal_id: 0
Jun 29, 2026 02:10:52.876 [548491718712] DEBUG - [FFMPEG] - Decoding PPS
Jun 29, 2026 02:10:52.876 [548491718712] DEBUG - [FFMPEG] - nal_unit_type: 39(SEI_PREFIX), nuh_layer_id: 0, temporal_id: 0
Jun 29, 2026 02:10:52.876 [548491718712] DEBUG - [FFMPEG] - Decoding SEI
Jun 29, 2026 02:10:52.876 [548491718712] DEBUG - [FFMPEG] - nal_unit_type: 32(VPS), nuh_layer_id: 0, temporal_id: 0
Jun 29, 2026 02:10:52.876 [548491718712] DEBUG - [FFMPEG] - nal_unit_type: 33(SPS), nuh_layer_id: 0, temporal_id: 0
Jun 29, 2026 02:10:52.876 [548491718712] DEBUG - [FFMPEG] - nal_unit_type: 34(PPS), nuh_layer_id: 0, temporal_id: 0
Jun 29, 2026 02:10:52.876 [548491718712] DEBUG - [FFMPEG] - nal_unit_type: 21(CRA_NUT), nuh_layer_id: 0, temporal_id: 0
Jun 29, 2026 02:10:52.884 [548491718712] DEBUG - [FFMPEG] - Decoding VPS
Jun 29, 2026 02:10:52.884 [548491718712] DEBUG - [FFMPEG] - Main 10 profile bitstream
Jun 29, 2026 02:10:52.897 [548491718712] DEBUG - [FFMPEG] - Decoding SPS
Jun 29, 2026 02:10:52.897 [548491718712] DEBUG - [FFMPEG] - Main 10 profile bitstream
Jun 29, 2026 02:10:52.897 [548491718712] DEBUG - [FFMPEG] - Decoding VUI
Jun 29, 2026 02:10:52.897 [548491718712] DEBUG - [FFMPEG] - Decoding PPS
Jun 29, 2026 02:10:52.898 [548491718712] DEBUG - [FFMPEG] - Format yuv420p10le chosen by get_format().
Jun 29, 2026 02:10:52.954 [548491718712] DEBUG - [FFMPEG] - Decoded frame with POC -116.
Jun 29, 2026 02:10:52.954 [548491718712] DEBUG - [FFMPEG] - nal_unit_type: 1(TRAIL_R), nuh_layer_id: 0, temporal_id: 0
Jun 29, 2026 02:10:52.974 [548491718712] DEBUG - [FFMPEG] - Decoded frame with POC -113.
Jun 29, 2026 02:10:52.974 [548491718712] DEBUG - [FFMPEG] - nal_unit_type: 1(TRAIL_R), nuh_layer_id: 0, temporal_id: 0
Jun 29, 2026 02:10:52.974 [548491718712] DEBUG - [FFMPEG] - Output frame with POC -116.
Jun 29, 2026 02:10:52.992 [548491718712] DEBUG - [FFMPEG] - Decoded frame with POC -114.
Jun 29, 2026 02:10:53.128 [548491718712] DEBUG - Loaded memory image of size 1920x804.
Jun 29, 2026 02:10:53.255 [548491718712] DEBUG - [FFMPEG] - nal_unit_type: 32(VPS), nuh_layer_id: 0, temporal_id: 0
Jun 29, 2026 02:10:53.263 [548491718712] DEBUG - [FFMPEG] - Decoding VPS
Jun 29, 2026 02:10:53.263 [548491718712] DEBUG - [FFMPEG] - Main 10 profile bitstream
Jun 29, 2026 02:10:53.263 [548491718712] DEBUG - [FFMPEG] - nal_unit_type: 33(SPS), nuh_layer_id: 0, temporal_id: 0
Jun 29, 2026 02:10:53.263 [548491718712] DEBUG - [FFMPEG] - Decoding SPS
Jun 29, 2026 02:10:53.263 [548491718712] DEBUG - [FFMPEG] - Main 10 profile bitstream
Jun 29, 2026 02:10:53.263 [548491718712] DEBUG - [FFMPEG] - Decoding VUI
Jun 29, 2026 02:10:53.263 [548491718712] DEBUG - [FFMPEG] - nal_unit_type: 34(PPS), nuh_layer_id: 0, temporal_id: 0
Jun 29, 2026 02:10:53.263 [548491718712] DEBUG - [FFMPEG] - Decoding PPS
Jun 29, 2026 02:10:53.263 [548491718712] DEBUG - [FFMPEG] - nal_unit_type: 39(SEI_PREFIX), nuh_layer_id: 0, temporal_id: 0
Jun 29, 2026 02:10:53.263 [548491718712] DEBUG - [FFMPEG] - Decoding SEI
Jun 29, 2026 02:10:53.263 [548491718712] DEBUG - [FFMPEG] - nal_unit_type: 32(VPS), nuh_layer_id: 0, temporal_id: 0
Jun 29, 2026 02:10:53.263 [548491718712] DEBUG - [FFMPEG] - nal_unit_type: 33(SPS), nuh_layer_id: 0, temporal_id: 0
Jun 29, 2026 02:10:53.263 [548491718712] DEBUG - [FFMPEG] - nal_unit_type: 34(PPS), nuh_layer_id: 0, temporal_id: 0
Jun 29, 2026 02:10:53.263 [548491718712] DEBUG - [FFMPEG] - nal_unit_type: 21(CRA_NUT), nuh_layer_id: 0, temporal_id: 0
Jun 29, 2026 02:10:53.271 [548491718712] DEBUG - [FFMPEG] - Decoding VPS
Jun 29, 2026 02:10:53.271 [548491718712] DEBUG - [FFMPEG] - Main 10 profile bitstream
Jun 29, 2026 02:10:53.285 [548491718712] DEBUG - [FFMPEG] - Decoding SPS
Jun 29, 2026 02:10:53.285 [548491718712] DEBUG - [FFMPEG] - Main 10 profile bitstream
Jun 29, 2026 02:10:53.285 [548491718712] DEBUG - [FFMPEG] - Decoding VUI
Jun 29, 2026 02:10:53.285 [548491718712] DEBUG - [FFMPEG] - Decoding PPS
Jun 29, 2026 02:10:53.285 [548491718712] DEBUG - [FFMPEG] - Format yuv420p10le chosen by get_format().
Jun 29, 2026 02:10:53.342 [548491718712] DEBUG - [FFMPEG] - Decoded frame with POC -116.
Jun 29, 2026 02:10:53.343 [548491718712] DEBUG - [FFMPEG] - nal_unit_type: 1(TRAIL_R), nuh_layer_id: 0, temporal_id: 0
Jun 29, 2026 02:10:53.362 [548491718712] DEBUG - [FFMPEG] - Decoded frame with POC -113.
Jun 29, 2026 02:10:53.362 [548491718712] DEBUG - [FFMPEG] - nal_unit_type: 1(TRAIL_R), nuh_layer_id: 0, temporal_id: 0
Jun 29, 2026 02:10:53.363 [548491718712] DEBUG - [FFMPEG] - Output frame with POC -116.
Jun 29, 2026 02:10:53.379 [548491718712] DEBUG - [FFMPEG] - Decoded frame with POC -114.
Jun 29, 2026 02:10:53.512 [548491718712] DEBUG - Loaded memory image of size 1920x804.
Jun 29, 2026 02:10:53.630 [548491718712] DEBUG - [FFMPEG] - nal_unit_type: 32(VPS), nuh_layer_id: 0, temporal_id: 0
Jun 29, 2026 02:10:53.638 [548491718712] DEBUG - [FFMPEG] - Decoding VPS
Jun 29, 2026 02:10:53.638 [548491718712] DEBUG - [FFMPEG] - Main 10 profile bitstream
Jun 29, 2026 02:10:53.638 [548491718712] DEBUG - [FFMPEG] - nal_unit_type: 33(SPS), nuh_layer_id: 0, temporal_id: 0
Jun 29, 2026 02:10:53.638 [548491718712] DEBUG - [FFMPEG] - Decoding SPS
Jun 29, 2026 02:10:53.638 [548491718712] DEBUG - [FFMPEG] - Main 10 profile bitstream
Jun 29, 2026 02:10:53.638 [548491718712] DEBUG - [FFMPEG] - Decoding VUI
Jun 29, 2026 02:10:53.638 [548491718712] DEBUG - [FFMPEG] - nal_unit_type: 34(PPS), nuh_layer_id: 0, temporal_id: 0
Jun 29, 2026 02:10:53.638 [548491718712] DEBUG - [FFMPEG] - Decoding PPS
Jun 29, 2026 02:10:53.638 [548491718712] DEBUG - [FFMPEG] - nal_unit_type: 39(SEI_PREFIX), nuh_layer_id: 0, temporal_id: 0
Jun 29, 2026 02:10:53.638 [548491718712] DEBUG - [FFMPEG] - Decoding SEI
Jun 29, 2026 02:10:53.639 [548491718712] DEBUG - [FFMPEG] - nal_unit_type: 32(VPS), nuh_layer_id: 0, temporal_id: 0
Jun 29, 2026 02:10:53.639 [548491718712] DEBUG - [FFMPEG] - nal_unit_type: 33(SPS), nuh_layer_id: 0, temporal_id: 0
Jun 29, 2026 02:10:53.639 [548491718712] DEBUG - [FFMPEG] - nal_unit_type: 34(PPS), nuh_layer_id: 0, temporal_id: 0
Jun 29, 2026 02:10:53.639 [548491718712] DEBUG - [FFMPEG] - nal_unit_type: 21(CRA_NUT), nuh_layer_id: 0, temporal_id: 0
Jun 29, 2026 02:10:53.646 [548491718712] DEBUG - [FFMPEG] - Decoding VPS
Jun 29, 2026 02:10:53.647 [548491718712] DEBUG - [FFMPEG] - Main 10 profile bitstream
Jun 29, 2026 02:10:53.660 [548491718712] DEBUG - [FFMPEG] - Decoding SPS
Jun 29, 2026 02:10:53.660 [548491718712] DEBUG - [FFMPEG] - Main 10 profile bitstream
Jun 29, 2026 02:10:53.660 [548491718712] DEBUG - [FFMPEG] - Decoding VUI
Jun 29, 2026 02:10:53.660 [548491718712] DEBUG - [FFMPEG] - Decoding PPS
Jun 29, 2026 02:10:53.661 [548491718712] DEBUG - [FFMPEG] - Format yuv420p10le chosen by get_format().
Jun 29, 2026 02:10:53.719 [548491718712] DEBUG - [FFMPEG] - Decoded frame with POC -116.
Jun 29, 2026 02:10:53.719 [548491718712] DEBUG - [FFMPEG] - nal_unit_type: 1(TRAIL_R), nuh_layer_id: 0, temporal_id: 0
Jun 29, 2026 02:10:53.741 [548491718712] DEBUG - [FFMPEG] - Decoded frame with POC -113.
Jun 29, 2026 02:10:53.741 [548491718712] DEBUG - [FFMPEG] - nal_unit_type: 1(TRAIL_R), nuh_layer_id: 0, temporal_id: 0
Jun 29, 2026 02:10:53.741 [548491718712] DEBUG - [FFMPEG] - Output frame with POC -116.
Jun 29, 2026 02:10:53.759 [548491718712] DEBUG - [FFMPEG] - Decoded frame with POC -114.
Jun 29, 2026 02:10:53.892 [548491718712] DEBUG - Loaded memory image of size 1920x804.
Jun 29, 2026 02:10:53.998 [548491718712] DEBUG - Skipped thumbnail for metadata item 6, media item 4 for chapter number 4:2623210
Jun 29, 2026 02:10:53.998 [548491718712] DEBUG - [MI] Closing input file: "/data/medios/Series/Pluribus (2025)/Season 01/Pluribus (2025) - S01E04 - Please, Carol (1080p ATVP WEB-DL x265 Ghost).mkv"
Jun 29, 2026 02:10:54.001 [548491718712] DEBUG - Generated new chapter thumbnails for Por favor, Carol.
