Jul 12, 2026 02:04:00.689 [547611762168] INFO - Plex Media Scanner v1.43.2.10687-563d026ea - Docker Docker Container (LinuxServer.io) aarch64 - build: linux-aarch64 - GMT 02:00
Jul 12, 2026 02:04:00.690 [547611762168] INFO - Linux version: 6.18.34+rpt-rpi-v8, language: en-US
Jul 12, 2026 02:04:00.690 [547611762168] INFO - Processor: 4-core ARM Cortex-A72
Jul 12, 2026 02:04:00.690 [547611762168] INFO - /usr/lib/plexmediaserver/Plex Media Scanner --generate --chapter-thumbs-only --item 18 --log-file-suffix  Chapter Thumbnails
Jul 12, 2026 02:04:00.691 [547707457592] DEBUG - Opening 20 database sessions to library (com.plexapp.plugins.library), SQLite 3.39.4, threadsafe=1
Jul 12, 2026 02:04:00.934 [547707457592] DEBUG - Created chapter thumbnail for metadata item 18, media item 17 for chapter number 1:0 at "/config/Library/Application Support/Plex Media Server/Media/localhost/7/d78a12a530f7c78b78b450ff4ac4ea20d27c67b.bundle/Contents/Chapters/chapter1.jpg"
Jul 12, 2026 02:04:00.935 [547707457592] DEBUG - Created chapter thumbnail for metadata item 18, media item 17 for chapter number 2:600000 at "/config/Library/Application Support/Plex Media Server/Media/localhost/7/d78a12a530f7c78b78b450ff4ac4ea20d27c67b.bundle/Contents/Chapters/chapter2.jpg"
Jul 12, 2026 02:04:00.935 [547707457592] DEBUG - Created chapter thumbnail for metadata item 18, media item 17 for chapter number 3:1200000 at "/config/Library/Application Support/Plex Media Server/Media/localhost/7/d78a12a530f7c78b78b450ff4ac4ea20d27c67b.bundle/Contents/Chapters/chapter3.jpg"
Jul 12, 2026 02:04:00.935 [547707457592] DEBUG - Created chapter thumbnail for metadata item 18, media item 17 for chapter number 4:1800000 at "/config/Library/Application Support/Plex Media Server/Media/localhost/7/d78a12a530f7c78b78b450ff4ac4ea20d27c67b.bundle/Contents/Chapters/chapter4.jpg"
Jul 12, 2026 02:04:00.935 [547707457592] DEBUG - Created chapter thumbnail for metadata item 18, media item 17 for chapter number 5:2400000 at "/config/Library/Application Support/Plex Media Server/Media/localhost/7/d78a12a530f7c78b78b450ff4ac4ea20d27c67b.bundle/Contents/Chapters/chapter5.jpg"
Jul 12, 2026 02:04:00.935 [547707457592] DEBUG - Created chapter thumbnail for metadata item 18, media item 17 for chapter number 6:3000000 at "/config/Library/Application Support/Plex Media Server/Media/localhost/7/d78a12a530f7c78b78b450ff4ac4ea20d27c67b.bundle/Contents/Chapters/chapter6.jpg"
Jul 12, 2026 02:04:00.935 [547707457592] DEBUG - Created chapter thumbnail for metadata item 18, media item 17 for chapter number 7:3600000 at "/config/Library/Application Support/Plex Media Server/Media/localhost/7/d78a12a530f7c78b78b450ff4ac4ea20d27c67b.bundle/Contents/Chapters/chapter7.jpg"
Jul 12, 2026 02:04:00.935 [547707457592] DEBUG - Created chapter thumbnail for metadata item 18, media item 17 for chapter number 8:4200000 at "/config/Library/Application Support/Plex Media Server/Media/localhost/7/d78a12a530f7c78b78b450ff4ac4ea20d27c67b.bundle/Contents/Chapters/chapter8.jpg"
Jul 12, 2026 02:04:00.935 [547707457592] DEBUG - Created chapter thumbnail for metadata item 18, media item 17 for chapter number 9:4800000 at "/config/Library/Application Support/Plex Media Server/Media/localhost/7/d78a12a530f7c78b78b450ff4ac4ea20d27c67b.bundle/Contents/Chapters/chapter9.jpg"
Jul 12, 2026 02:04:00.935 [547707457592] DEBUG - Created chapter thumbnail for metadata item 18, media item 17 for chapter number 10:5400000 at "/config/Library/Application Support/Plex Media Server/Media/localhost/7/d78a12a530f7c78b78b450ff4ac4ea20d27c67b.bundle/Contents/Chapters/chapter10.jpg"
Jul 12, 2026 02:04:00.935 [547707457592] DEBUG - Created chapter thumbnail for metadata item 18, media item 17 for chapter number 11:6000000 at "/config/Library/Application Support/Plex Media Server/Media/localhost/7/d78a12a530f7c78b78b450ff4ac4ea20d27c67b.bundle/Contents/Chapters/chapter11.jpg"
Jul 12, 2026 02:04:00.936 [547707457592] DEBUG - Created chapter thumbnail for metadata item 18, media item 17 for chapter number 12:6600000 at "/config/Library/Application Support/Plex Media Server/Media/localhost/7/d78a12a530f7c78b78b450ff4ac4ea20d27c67b.bundle/Contents/Chapters/chapter12.jpg"
Jul 12, 2026 02:04:00.936 [547707457592] DEBUG - Created chapter thumbnail for metadata item 18, media item 17 for chapter number 13:7200000 at "/config/Library/Application Support/Plex Media Server/Media/localhost/7/d78a12a530f7c78b78b450ff4ac4ea20d27c67b.bundle/Contents/Chapters/chapter13.jpg"
Jul 12, 2026 02:04:00.936 [547707457592] DEBUG - Created chapter thumbnail for metadata item 18, media item 17 for chapter number 14:7800000 at "/config/Library/Application Support/Plex Media Server/Media/localhost/7/d78a12a530f7c78b78b450ff4ac4ea20d27c67b.bundle/Contents/Chapters/chapter14.jpg"
Jul 12, 2026 02:04:00.936 [547707457592] DEBUG - Created chapter thumbnail for metadata item 18, media item 17 for chapter number 15:8400000 at "/config/Library/Application Support/Plex Media Server/Media/localhost/7/d78a12a530f7c78b78b450ff4ac4ea20d27c67b.bundle/Contents/Chapters/chapter15.jpg"
Jul 12, 2026 02:04:00.936 [547707457592] DEBUG - Created chapter thumbnail for metadata item 18, media item 17 for chapter number 16:9000000 at "/config/Library/Application Support/Plex Media Server/Media/localhost/7/d78a12a530f7c78b78b450ff4ac4ea20d27c67b.bundle/Contents/Chapters/chapter16.jpg"
