Jun 29, 2026 09:44:48.424 [548530049248] INFO - Plex Media Server v1.43.2.10687-563d026ea - Docker Docker Container (LinuxServer.io) aarch64 - build: linux-aarch64 debian - GMT 02:00
Jun 29, 2026 09:44:48.424 [548530049248] INFO - Linux version: 6.18.34+rpt-rpi-v8, language: en-US
Jun 29, 2026 09:44:48.425 [548530049248] INFO - Processor: 4-core ARM Cortex-A72
Jun 29, 2026 09:44:48.425 [548530049248] INFO - Compiler is - Clang 11.0.1 (https://plex.tv 9b997da8e5b47bdb4a9425b3a3b290be393b4b1f)
Jun 29, 2026 09:44:48.425 [548530049248] INFO - /usr/lib/plexmediaserver/Plex Media Server
Jun 29, 2026 09:44:48.421 [548628029472] DEBUG - BPQ: [Idle] -> [Starting]
Jun 29, 2026 09:44:48.425 [548628029472] DEBUG - FeatureManager: Using cached data for features list
Jun 29, 2026 09:44:48.438 [548628029472] DEBUG - MyPlex: mapping state set to 'Unknown'.
Jun 29, 2026 09:44:48.439 [548628029472] DEBUG - Relay: read 1 cached entries from hosts file
Jun 29, 2026 09:44:48.440 [548628029472] DEBUG - Opening 20 database sessions to library (com.plexapp.plugins.library), SQLite 3.39.4, threadsafe=1
Jun 29, 2026 09:44:48.565 [548628029472] DEBUG - MyPlex: using cached data for request for https://plex.tv/api/v2/server/users/features?filterFeatures[]=b83c8dc9-5a01-4b7a-a7c9-5870c8a6e21b&filterFeatures[]=926bc176-58ca-47da-b8e3-080ed14ea6ba&filterFeatures[]=ea791163-c28d-4b7c-af88-bcc9553b206d&filterFeatures[]=6ab6677b-ad9b-444f-9ca1-b8027d05b3e1&filterFeatures[]=56cd352b-0d47-436d-aced-f20db3508de5
Jun 29, 2026 09:44:48.686 [548628029472] DEBUG - [CERT] Subject name is /CN=*.ccb2c4e91d6740a0a256b1b320f70b48.plex.direct
Jun 29, 2026 09:44:48.686 [548628029472] DEBUG - [CERT] Installed certificate with fingerprint be:8b:c1:67:48:2c:3f:ce:97:6c:5e:8b:67:53:82:da:b6:2a:a0:f4.
Jun 29, 2026 09:44:48.686 [548628029472] DEBUG - [CERT/OCSP] no URL available
Jun 29, 2026 09:44:48.686 [548628029472] WARN - [CERT/OCSP] getCertInfo failed; skipping stapling
Jun 29, 2026 09:44:48.686 [548628029472] DEBUG - HttpServer: Listening on IPv6 as well as IPv4.
Jun 29, 2026 09:44:48.686 [548628029472] DEBUG - HttpServer: Listening on port 32400.
Jun 29, 2026 09:44:48.686 [548628029472] DEBUG - HttpServer: Listening on port 32401.
Jun 29, 2026 09:44:48.687 [548628029472] DEBUG - Running server...
Jun 29, 2026 09:44:48.687 [548512280800] DEBUG - HttpServer: Set up a thread pool with 2 threads.
Jun 29, 2026 09:44:48.688 [548628029472] INFO - Running migrations. (EPG 0)
Jun 29, 2026 09:44:48.689 [548628029472] DEBUG - Captured session 0.
Jun 29, 2026 09:44:48.689 [548628029472] DEBUG - Captured session 1.
Jun 29, 2026 09:44:48.689 [548628029472] DEBUG - Captured session 2.
Jun 29, 2026 09:44:48.689 [548628029472] DEBUG - Captured session 3.
Jun 29, 2026 09:44:48.689 [548628029472] DEBUG - Captured session 4.
Jun 29, 2026 09:44:48.689 [548628029472] DEBUG - Captured session 5.
Jun 29, 2026 09:44:48.689 [548628029472] DEBUG - Captured session 6.
Jun 29, 2026 09:44:48.689 [548628029472] DEBUG - Captured session 7.
Jun 29, 2026 09:44:48.689 [548628029472] DEBUG - Captured session 8.
Jun 29, 2026 09:44:48.689 [548628029472] DEBUG - Captured session 9.
Jun 29, 2026 09:44:48.689 [548628029472] DEBUG - Captured session 10.
Jun 29, 2026 09:44:48.689 [548628029472] DEBUG - Captured session 11.
Jun 29, 2026 09:44:48.689 [548628029472] DEBUG - Captured session 12.
Jun 29, 2026 09:44:48.689 [548628029472] DEBUG - Captured session 13.
Jun 29, 2026 09:44:48.689 [548628029472] DEBUG - Captured session 14.
Jun 29, 2026 09:44:48.689 [548628029472] DEBUG - Captured session 15.
Jun 29, 2026 09:44:48.689 [548628029472] DEBUG - Captured session 16.
Jun 29, 2026 09:44:48.689 [548628029472] DEBUG - Captured session 17.
Jun 29, 2026 09:44:48.689 [548628029472] DEBUG - Captured session 18.
Jun 29, 2026 09:44:48.689 [548628029472] DEBUG - Captured session 19.
Jun 29, 2026 09:44:48.704 [548628029472] DEBUG - ChangestampAllocator: initialized to 1110
Jun 29, 2026 09:44:48.705 [548628029472] DEBUG - Opening 2 database sessions to library (com.plexapp.plugins.library.blobs), SQLite 3.39.4, threadsafe=1
Jun 29, 2026 09:44:48.722 [548628029472] INFO - Running migrations. (EPG 0)
Jun 29, 2026 09:44:48.725 [548628029472] DEBUG - Captured session 0.
Jun 29, 2026 09:44:48.725 [548628029472] DEBUG - Captured session 1.
Jun 29, 2026 09:44:48.875 [548525301984] DEBUG - Grabber: Cleaning up orphaned grabs.
Jun 29, 2026 09:44:48.877 [548525301984] DEBUG - Grabber: Cleaned up 0 decrepit directories in 0.0 sec.
Jun 29, 2026 09:44:48.878 [548628029472] DEBUG - Media Provider: Registering provider com.plexapp.plugins.library
Jun 29, 2026 09:44:48.879 [548628029472] DEBUG - Auth: Refreshing tokens inside the token-based authentication filter.
Jun 29, 2026 09:44:48.879 [548628029472] DEBUG - MyPlex: using cached data for request for https://plex.tv/api/v2/server/access_tokens?auth_token=xxxxxxxxxxxxxxxxxxxx
Jun 29, 2026 09:44:48.880 [548628029472] DEBUG - MyPlex: updating with 5 access tokens
Jun 29, 2026 09:44:48.880 [548628029472] DEBUG - MyPlex: using cached data for request for https://plex.tv/api/v2/server/users?auth_token=xxxxxxxxxxxxxxxxxxxx
Jun 29, 2026 09:44:48.881 [548628029472] DEBUG - MyPlex: using cached data for request for https://plex.tv/api/v2/server/users/subscriptions?auth_token=xxxxxxxxxxxxxxxxxxxx
Jun 29, 2026 09:44:48.882 [548628029472] DEBUG - MyPlex: using cached data for request for https://plex.tv/api/v2/server/users/services?auth_token=xxxxxxxxxxxxxxxxxxxx
Jun 29, 2026 09:44:48.883 [548525301984] DEBUG - Auth: Refreshing tokens inside the token-based authentication filter.
Jun 29, 2026 09:44:48.884 [548525301984] DEBUG - [HCl#1] HTTP requesting GET https://plex.tv/api/v2/server/access_tokens?auth_token=xxxxxxxxxxxxxxxxxxxx
Jun 29, 2026 09:44:48.885 [548628029472] DEBUG - Opening 1 database sessions to library (), SQLite 3.39.4, threadsafe=1
Jun 29, 2026 09:44:48.893 [548501467360] DEBUG - File "/usr/lib/plexmediaserver/Resources/Plug-ins-563d026ea" changed: -1 => 2026-06-22 16:50:29 (1782139829).
Jun 29, 2026 09:44:48.893 [548501467360] DEBUG - File "/config/Library/Application Support/Plex Media Server/Plug-ins" changed: -1 => 2026-06-28 15:50:00 (1782654600).
Jun 29, 2026 09:44:48.893 [548501467360] DEBUG - Scanning for plug-ins in "/usr/lib/plexmediaserver/Resources/Plug-ins-563d026ea"
Jun 29, 2026 09:44:48.900 [548501467360] DEBUG - Scanning for plug-ins in "/config/Library/Application Support/Plex Media Server/Plug-ins"
Jun 29, 2026 09:44:48.900 [548501467360] DEBUG - PluginRepository::setStartState: 1, startingSystem
Jun 29, 2026 09:44:48.900 [548501467360] DEBUG - Starting plug-in /usr/lib/plexmediaserver/Resources/Plug-ins-563d026ea/System.bundle.
Jun 29, 2026 09:44:48.902 [548501467360] DEBUG - [com.plexapp.system] Setting plug-in to always running (daemon mode).
Jun 29, 2026 09:44:48.903 [548501467360] DEBUG - Starting file watcher for com.plexapp.system
Jun 29, 2026 09:44:48.903 [548501467360] DEBUG - Plugin: setting environment variable: 'PYTHONHOME=/usr/lib/plexmediaserver/Resources/Python'
Jun 29, 2026 09:44:48.903 [548501467360] DEBUG - Plugin: setting environment variable: 'PYTHONPATH=/usr/lib/plexmediaserver/Resources/Python/python27.zip:/usr/lib/plexmediaserver/Resources/Python/lib/python2.7/site-packages'
Jun 29, 2026 09:44:48.906 [548501467360] DEBUG - Spawned plug-in com.plexapp.system with PID 209
Jun 29, 2026 09:44:48.906 [548501467360] DEBUG - [com.plexapp.system] Sending command: GET /:/prefixes
Jun 29, 2026 09:44:49.382 [548517667040] DEBUG - Request: didn't get any data from [::1]:41532: End of file
Jun 29, 2026 09:44:50.417 [548497248480] DEBUG - [JobRunner] Job running: /usr/lib/plexmediaserver/CrashUploader "--directory=/config/Library/Application Support/Plex Media Server/Crash Reports/1.43.2.10687-563d026ea" --version=1.43.2.10687-563d026ea --platform=Linux --platformVersion=6.18.34+rpt-rpi-v8 --serverUuid=852d69654ed685d07d2d7f072dec0b61ea7d12ba --userId=nmatas53@gmail.com --sentryUrl=https://o17675.ingest.sentry.io/api/1233455/ --sentryKey=xxxxxxxxxxxxxxxxxxxxxxxxxxxxxxxx --vendor=Docker --model=aarch64 "--device=Docker Container (LinuxServer.io)"
Jun 29, 2026 09:44:50.425 [548497248480] DEBUG - [JobRunner] Jobs: Starting child process with pid 229
Jun 29, 2026 09:44:50.453 [548527866080] DEBUG - Jobs: '/usr/lib/plexmediaserver/CrashUploader' exit code for process 229 is 0 (success)
Jun 29, 2026 09:44:51.881 [548497248480] DEBUG - [MediaProviderManager] Refreshing media providers
Jun 29, 2026 09:44:51.882 [548497248480] DEBUG - [MediaProviderManager/Response::fetch/HCl#2] HTTP requesting GET https://plex.tv/media/providers
Jun 29, 2026 09:44:52.035 [548495139040] DEBUG - Request: [127.0.0.1:32958 (Loopback)] GET /:/plugins/com.plexapp.system/messaging/function/X0J1bmRsZVNlcnZpY2U6QWxsU2VydmljZXM_/Y2VyZWFsMQoxCmxpc3QKMApyMAo_/Y2VyZWFsMQoxCmRpY3QKMApyMAo_ (4 live) #3 GZIP Token ()
Jun 29, 2026 09:44:52.037 [548493029600] DEBUG - Request: [127.0.0.1:32970 (Loopback)] GET / (4 live) #4 GZIP Token ()
Jun 29, 2026 09:44:52.038 [548515557600] DEBUG - Completed: [127.0.0.1:32958] 503 GET /:/plugins/com.plexapp.system/messaging/function/X0J1bmRsZVNlcnZpY2U6QWxsU2VydmljZXM_/Y2VyZWFsMQoxCmxpc3QKMApyMAo_/Y2VyZWFsMQoxCmRpY3QKMApyMAo_ (4 live) #3 GZIP 4ms 436 bytes
Jun 29, 2026 09:44:52.038 [548515557600] DEBUG - Completed: [127.0.0.1:32970] 503 GET / (4 live) #4 GZIP 1ms 436 bytes
Jun 29, 2026 09:44:52.285 [548505940192] DEBUG - [HttpClient/HCl#2] HTTP/1.1 (0.4s) 200 response from GET https://plex.tv/media/providers
Jun 29, 2026 09:44:52.285 [548497248480] DEBUG - [MediaProviderManager] discovered cloud provider (Movies & Shows)
Jun 29, 2026 09:44:52.286 [548497248480] DEBUG - [MediaProviderManager] discovered cloud provider (Metadata)
Jun 29, 2026 09:44:52.286 [548488810720] DEBUG - [MediaProviderManager/HCl#3] HTTP requesting GET https://vod.provider.plex.tv?includePreferences=1
Jun 29, 2026 09:44:52.286 [548497248480] DEBUG - [MediaProviderManager] loading cloud provider details (Metadata) (alive: 0)
Jun 29, 2026 09:44:52.379 [548505940192] DEBUG - [HttpClient/HCl#3] HTTP/2.0 (0.1s) 200 response from GET https://vod.provider.plex.tv?includePreferences=1
Jun 29, 2026 09:44:52.383 [548497248480] DEBUG - [MediaProviderManager] loading cloud provider details (Movies & Shows) (alive: 1)
Jun 29, 2026 09:44:52.384 [548497248480] DEBUG - [MediaProviderManager] we had 0 cloud providers online, we now have 2
Jun 29, 2026 09:44:52.384 [548497248480] DEBUG - [MediaProviderManager] cloud provider (Metadata) is online and available
Jun 29, 2026 09:44:52.384 [548497248480] DEBUG - [MediaProviderManager] cloud provider (Movies & Shows) is online and available
Jun 29, 2026 09:44:52.384 [548497248480] DEBUG - [MediaProviderManager/MetadataAgentManager] attempted to online our built-in agents but we're not yet signed in
Jun 29, 2026 09:44:52.384 [548497248480] DEBUG - [MediaProviderManager] Media provider refresh complete
Jun 29, 2026 09:44:54.370 [548495139040] DEBUG - Request: [127.0.0.1:32976 (Loopback)] GET /servers (3 live) #5 GZIP Token ()
Jun 29, 2026 09:44:54.370 [548515557600] DEBUG - Completed: [127.0.0.1:32976] 503 GET /servers (3 live) #5 GZIP 0ms 436 bytes
Jun 29, 2026 09:44:54.404 [548501467360] DEBUG - Reading 486 bytes in the body, code is 200
Jun 29, 2026 09:44:54.404 [548501467360] DEBUG - [com.plexapp.system] Plug-in running on port 33191.
Jun 29, 2026 09:44:54.404 [548501467360] DEBUG -  * Plug-in handles prefix: /system
Jun 29, 2026 09:44:54.404 [548501467360] DEBUG -  * Plug-in handles prefix: /player
Jun 29, 2026 09:44:54.404 [548501467360] DEBUG - Read configuration for [com.plexapp.system], had 2 prefixes
Jun 29, 2026 09:44:54.405 [548501467360] DEBUG - Done with 1 synchronous plug-in starts, starting the rest in parallel.
Jun 29, 2026 09:44:54.405 [548501467360] DEBUG - PluginRepository::setStartState: 2, startingPlugins
Jun 29, 2026 09:44:54.405 [548501467360] DEBUG - Updating the list of agents known by the system.
Jun 29, 2026 09:44:54.405 [548501467360] DEBUG - [com.plexapp.system] Sending command over HTTP (GET): /system/agents
Jun 29, 2026 09:44:54.405 [548501467360] DEBUG - [HCl#6] HTTP requesting GET http://127.0.0.1:33191/system/agents
Jun 29, 2026 09:44:54.406 [548628029472] DEBUG - Image transcode cache directory: "/config/Library/Application Support/Plex Media Server/Cache/PhotoTranscoder"
Jun 29, 2026 09:44:54.407 [548628029472] DEBUG - Transcoder: Cleaning old transcode directories.
Jun 29, 2026 09:44:54.409 [548628029472] DEBUG - MyPlex: using cached data for request for https://plex.tv/api/v2/server/access_tokens?auth_token=xxxxxxxxxxxxxxxxxxxx
Jun 29, 2026 09:44:54.410 [548628029472] DEBUG - MyPlex: updating with 5 access tokens
Jun 29, 2026 09:44:54.410 [548628029472] DEBUG - MyPlex: using cached data for request for https://plex.tv/api/v2/server/users?auth_token=xxxxxxxxxxxxxxxxxxxx
Jun 29, 2026 09:44:54.411 [548628029472] DEBUG - MyPlex: using cached data for request for https://plex.tv/api/v2/server/users/subscriptions?auth_token=xxxxxxxxxxxxxxxxxxxx
Jun 29, 2026 09:44:54.411 [548628029472] DEBUG - MyPlex: using cached data for request for https://plex.tv/api/v2/server/users/services?auth_token=xxxxxxxxxxxxxxxxxxxx
Jun 29, 2026 09:44:54.412 [548628029472] DEBUG - MyPlex: using cached data for request for https://plex.tv/api/v2/user?includeSubscriptions=1&includeProviders=1
Jun 29, 2026 09:44:54.415 [548628029472] DEBUG - MyPlex: username is narcsm, login is nmatas53@gmail.com, home is 1, no pin
Jun 29, 2026 09:44:54.417 [548628029472] DEBUG - MyPlex: start public ip check and mapping - current mapped state: 'Unknown'.
Jun 29, 2026 09:44:54.417 [548628029472] DEBUG - MyPlex: mapping state set to 'Not Mapped'.
Jun 29, 2026 09:44:54.417 [548628029472] DEBUG - PublicAddressManager: Starting.
Jun 29, 2026 09:44:54.417 [548628029472] DEBUG - PublicAddressManager: Obtaining public address and mapping port.
Jun 29, 2026 09:44:54.418 [548482482400] DEBUG - [HCl#7] HTTP requesting GET https://plex.tv/api/v2/user?includeSubscriptions=1&includeProviders=1
Jun 29, 2026 09:44:54.418 [548486701280] DEBUG - PublicAddressManager: Obtaining public IP.
Jun 29, 2026 09:44:54.418 [548497248480] DEBUG - NAT: UPnP, attempting port mapping.
Jun 29, 2026 09:44:54.418 [548486701280] DEBUG - [HCl#8] HTTP requesting GET https://v4.plex.tv/pms/:/ip
Jun 29, 2026 09:44:54.419 [548628029472] DEBUG - NetworkInterface: Starting watch thread.
Jun 29, 2026 09:44:54.419 [548628029472] DEBUG - Network change.
Jun 29, 2026 09:44:54.419 [548628029472] DEBUG - NetworkInterface: Notified of network changed (force=0)
Jun 29, 2026 09:44:54.419 [548480372960] DEBUG - NetworkInterface: Watching for changes on the interfaces.
Jun 29, 2026 09:44:54.420 [548628029472] DEBUG - Detected primary interface: 192.168.1.137
Jun 29, 2026 09:44:54.420 [548628029472] DEBUG - Network interfaces:
Jun 29, 2026 09:44:54.420 [548628029472] DEBUG -  * 1 lo (127.0.0.1) (00-00-00-00-00-00) (loopback: 1)
Jun 29, 2026 09:44:54.420 [548628029472] DEBUG -  * 3 wlan0 (192.168.1.137) (D8-3A-DD-1E-12-38) (loopback: 0)
Jun 29, 2026 09:44:54.420 [548628029472] DEBUG -  * 1240 br-457b05ffd341 (172.26.0.1) (02-42-0D-48-2C-EB) (loopback: 0)
Jun 29, 2026 09:44:54.420 [548628029472] DEBUG -  * 1 lo (::1) (00-00-00-00-00-00) (loopback: 1)
Jun 29, 2026 09:44:54.420 [548628029472] DEBUG - Creating NetworkServices singleton.
Jun 29, 2026 09:44:54.421 [548628029472] DEBUG - NetworkServices: Initializing...
Jun 29, 2026 09:44:54.421 [548628029472] DEBUG - NetworkService: Creating new service.
Jun 29, 2026 09:44:54.421 [548628029472] DEBUG - NetworkService: Got notification of changed network (first change: 1)
Jun 29, 2026 09:44:54.421 [548628029472] DEBUG - NetworkService: Quick dispatch of network change.
Jun 29, 2026 09:44:54.421 [548628029472] DEBUG - NetworkService: Creating new service.
Jun 29, 2026 09:44:54.421 [548476154080] DEBUG - Network change for advertiser.
Jun 29, 2026 09:44:54.421 [548628029472] DEBUG - NetworkService: Got notification of changed network (first change: 1)
Jun 29, 2026 09:44:54.421 [548628029472] DEBUG - NetworkService: Quick dispatch of network change.
Jun 29, 2026 09:44:54.421 [548476154080] DEBUG - NetworkService: Setting up multicast listener on 0.0.0.0:32414
Jun 29, 2026 09:44:54.421 [548628029472] DEBUG - NetworkService: Creating new service.
Jun 29, 2026 09:44:54.421 [548628029472] DEBUG - NetworkService: Got notification of changed network (first change: 1)
Jun 29, 2026 09:44:54.421 [548628029472] DEBUG - NetworkService: Quick dispatch of network change.
Jun 29, 2026 09:44:54.421 [548628029472] DEBUG - NetworkService: Creating new service.
Jun 29, 2026 09:44:54.421 [548628029472] DEBUG - NetworkService: Got notification of changed network (first change: 1)
Jun 29, 2026 09:44:54.421 [548628029472] DEBUG - NetworkService: Quick dispatch of network change.
Jun 29, 2026 09:44:54.421 [548628029472] DEBUG - NetworkService: Creating new service.
Jun 29, 2026 09:44:54.421 [548628029472] DEBUG - NetworkService: Got notification of changed network (first change: 1)
Jun 29, 2026 09:44:54.421 [548628029472] DEBUG - NetworkService: Quick dispatch of network change.
Jun 29, 2026 09:44:54.421 [548628029472] DEBUG - NetworkService: Creating new service.
Jun 29, 2026 09:44:54.421 [548628029472] DEBUG - NetworkService: Got notification of changed network (first change: 1)
Jun 29, 2026 09:44:54.421 [548628029472] DEBUG - NetworkService: Quick dispatch of network change.
Jun 29, 2026 09:44:54.422 [548476154080] DEBUG - Network change for advertiser.
Jun 29, 2026 09:44:54.422 [548476154080] DEBUG - NetworkService: Setting up multicast listener on 0.0.0.0:32410
Jun 29, 2026 09:44:54.422 [548476154080] DEBUG - Network change for advertiser.
Jun 29, 2026 09:44:54.422 [548476154080] DEBUG - NetworkService: Setting up multicast listener on 0.0.0.0:32412
Jun 29, 2026 09:44:54.423 [548476154080] DEBUG - NetworkService: Network change for browser (polled=0), closing 0 browse sockets.
Jun 29, 2026 09:44:54.423 [548476154080] DEBUG - NetworkService: Setting up multicast listener on 0.0.0.0:32413
Jun 29, 2026 09:44:54.423 [548476154080] DEBUG - NetworkService: Browsing on interface 127.0.0.1 on broadcast address 127.255.255.255 (index: 0)
Jun 29, 2026 09:44:54.423 [548476154080] DEBUG - NetworkService: Browsing on interface 192.168.1.137 on broadcast address 192.168.1.255 (index: 1)
Jun 29, 2026 09:44:54.424 [548476154080] DEBUG - NetworkService: Browsing on interface 172.26.0.1 on broadcast address 172.26.255.255 (index: 2)
Jun 29, 2026 09:44:54.424 [548476154080] DEBUG - NetworkService: Network change for browser (polled=1), closing 0 browse sockets.
Jun 29, 2026 09:44:54.424 [548476154080] DEBUG - NetworkService: Browsing on interface 127.0.0.1 on broadcast address 127.255.255.255 (index: 0)
Jun 29, 2026 09:44:54.424 [548476154080] DEBUG - NetworkService: Browsing on interface 192.168.1.137 on broadcast address 192.168.1.255 (index: 1)
Jun 29, 2026 09:44:54.424 [548476154080] DEBUG - NetworkService: Browsing on interface 172.26.0.1 on broadcast address 172.26.255.255 (index: 2)
Jun 29, 2026 09:44:54.424 [548476154080] DEBUG - NetworkService: Network change for browser (polled=0), closing 0 browse sockets.
Jun 29, 2026 09:44:54.424 [548476154080] DEBUG - NetworkService: Setting up multicast listener on 0.0.0.0:1901
Jun 29, 2026 09:44:54.424 [548476154080] DEBUG - NetworkService: Browsing on interface 192.168.1.137 on broadcast address 239.255.255.250 (index: 0)
Jun 29, 2026 09:44:54.424 [548476154080] DEBUG - NetworkService: Browsing on interface 172.26.0.1 on broadcast address 239.255.255.250 (index: 1)
Jun 29, 2026 09:44:54.430 [548469825760] DEBUG - [ChildProcessMonitor] Plex Tuner Service starting.
Jun 29, 2026 09:44:54.430 [548469825760] DEBUG - [ChildProcessMonitor/JobRunner] Job running: "/usr/lib/plexmediaserver/Plex Tuner Service" /usr/lib/plexmediaserver/Resources/Tuner/Private /usr/lib/plexmediaserver/Resources/Tuner/Shared 1.43.2.10687-563d026ea 32600
Jun 29, 2026 09:44:54.430 [548474044640] DEBUG - [DatabaseFixups] Running fix-ups.
Jun 29, 2026 09:44:54.430 [548474044640] DEBUG - [DatabaseFixups/31DatabaseFixupsCleanupRetroGames] Executing fixup
Jun 29, 2026 09:44:54.432 [548469825760] DEBUG - [ChildProcessMonitor/JobRunner] Jobs: Starting child process with pid 278
Jun 29, 2026 09:44:54.432 [548474044640] DEBUG - [DatabaseFixups/31DatabaseFixupsCleanupRetroGames] Fixup completed
Jun 29, 2026 09:44:54.432 [548474044640] DEBUG - [DatabaseFixups/39DatabaseFixupsEnsureLibrarySectionUuids] Executing fixup
Jun 29, 2026 09:44:54.433 [548488810720] DEBUG - [HCl#9] HTTP requesting GET https://plex.tv/api/v2/release_channels?X-Plex-Token=xxxxxxxxxxxxxxxxxxxx
Jun 29, 2026 09:44:54.434 [548628029472] DEBUG - Waiting for server condition to be signaled.
Jun 29, 2026 09:44:54.434 [548465606880] DEBUG - DVR: Starting up.
Jun 29, 2026 09:44:54.435 [548467716320] DEBUG - [HCl#a] HTTP requesting GET https://plex.tv/api/v2/user/privacy?X-Plex-Token=xxxxxxxxxxxxxxxxxxxx
Jun 29, 2026 09:44:54.435 [548463497440] DEBUG - [HCl#b] HTTP requesting GET https://plex.tv/api/v2/features?X-Plex-Token=xxxxxxxxxxxxxxxxxxxx
Jun 29, 2026 09:44:54.438 [548474044640] DEBUG - [DatabaseFixups/39DatabaseFixupsEnsureLibrarySectionUuids] Fixup completed
Jun 29, 2026 09:44:54.438 [548474044640] DEBUG - [DatabaseFixups/38DatabaseFixupsEnsureMetadataItemHashes] Executing fixup
Jun 29, 2026 09:44:54.438 [548474044640] DEBUG - [DatabaseFixups/38DatabaseFixupsEnsureMetadataItemHashes] Fixup completed
Jun 29, 2026 09:44:54.438 [548474044640] DEBUG - [DatabaseFixups/39DatabaseFixupsSetDefaultAccountLanguage] Executing fixup
Jun 29, 2026 09:44:54.438 [548465606880] DEBUG - Activity: registered new activity 33fe5054-f43d-48a2-8a21-9d9491cc595c - "Processing subscriptions"
Jun 29, 2026 09:44:54.440 [548474044640] DEBUG - [DatabaseFixups/39DatabaseFixupsSetDefaultAccountLanguage] Fixup completed
Jun 29, 2026 09:44:54.440 [548474044640] DEBUG - [DatabaseFixups/52DatabaseFixupsCreateDefaultMediaProcessingTargetTags] Executing fixup
Jun 29, 2026 09:44:54.442 [548474044640] DEBUG - [DatabaseFixups/52DatabaseFixupsCreateDefaultMediaProcessingTargetTags] Fixup completed
Jun 29, 2026 09:44:54.442 [548474044640] DEBUG - [DatabaseFixups/43DatabaseFixupsUpdateAutomaticLibraryFolders] Executing fixup
Jun 29, 2026 09:44:54.442 [548474044640] DEBUG - [DatabaseFixups/43DatabaseFixupsUpdateAutomaticLibraryFolders] Fixup completed
Jun 29, 2026 09:44:54.442 [548474044640] DEBUG - [DatabaseFixups/29DatabaseFixupsSyncCollections] Executing fixup
Jun 29, 2026 09:44:54.444 [548474044640] DEBUG - [DatabaseFixups/29DatabaseFixupsSyncCollections] Collections: Found 0 collections tags in section 1.
Jun 29, 2026 09:44:54.445 [548474044640] DEBUG - [DatabaseFixups/29DatabaseFixupsSyncCollections] Collections: We had 0 collections in the library already.
Jun 29, 2026 09:44:54.445 [548474044640] DEBUG - [DatabaseFixups/29DatabaseFixupsSyncCollections] Collections: Synced tags in section 1 in 1ms.
Jun 29, 2026 09:44:54.451 [548474044640] DEBUG - [DatabaseFixups/29DatabaseFixupsSyncCollections] Collections: Refreshed attributes for 0 collections in section 1 in 5ms.
Jun 29, 2026 09:44:54.453 [548474044640] DEBUG - [DatabaseFixups/29DatabaseFixupsSyncCollections] Collection: Refreshed visibility in section 1 in 1ms.
Jun 29, 2026 09:44:54.453 [548474044640] DEBUG - [DatabaseFixups/29DatabaseFixupsSyncCollections] Collections: Found 0 collections tags in section 2.
Jun 29, 2026 09:44:54.454 [548474044640] DEBUG - [DatabaseFixups/29DatabaseFixupsSyncCollections] Collections: We had 0 collections in the library already.
Jun 29, 2026 09:44:54.454 [548474044640] DEBUG - [DatabaseFixups/29DatabaseFixupsSyncCollections] Collections: Synced tags in section 2 in 1ms.
Jun 29, 2026 09:44:54.455 [548474044640] DEBUG - [DatabaseFixups/29DatabaseFixupsSyncCollections] Collections: Found 0 collections tags in section 2.
Jun 29, 2026 09:44:54.456 [548474044640] DEBUG - [DatabaseFixups/29DatabaseFixupsSyncCollections] Collections: We had 0 collections in the library already.
Jun 29, 2026 09:44:54.456 [548474044640] DEBUG - [DatabaseFixups/29DatabaseFixupsSyncCollections] Collections: Synced tags in section 2 in 3ms.
Jun 29, 2026 09:44:54.457 [548474044640] DEBUG - [DatabaseFixups/29DatabaseFixupsSyncCollections] Collections: Found 0 collections tags in section 2.
Jun 29, 2026 09:44:54.458 [548474044640] DEBUG - [DatabaseFixups/29DatabaseFixupsSyncCollections] Collections: We had 0 collections in the library already.
Jun 29, 2026 09:44:54.458 [548474044640] DEBUG - [DatabaseFixups/29DatabaseFixupsSyncCollections] Collections: Synced tags in section 2 in 4ms.
Jun 29, 2026 09:44:54.466 [548474044640] DEBUG - [DatabaseFixups/29DatabaseFixupsSyncCollections] Collections: Refreshed attributes for 0 collections in section 2 in 8ms.
Jun 29, 2026 09:44:54.468 [548474044640] DEBUG - [DatabaseFixups/29DatabaseFixupsSyncCollections] Collection: Refreshed visibility in section 2 in 1ms.
Jun 29, 2026 09:44:54.469 [548474044640] DEBUG - [DatabaseFixups/29DatabaseFixupsSyncCollections] Collections: Found 0 collections tags in section 3.
Jun 29, 2026 09:44:54.470 [548474044640] DEBUG - [DatabaseFixups/29DatabaseFixupsSyncCollections] Collections: We had 0 collections in the library already.
Jun 29, 2026 09:44:54.470 [548474044640] DEBUG - [DatabaseFixups/29DatabaseFixupsSyncCollections] Collections: Synced tags in section 3 in 1ms.
Jun 29, 2026 09:44:54.474 [548474044640] DEBUG - [DatabaseFixups/29DatabaseFixupsSyncCollections] Collections: Refreshed attributes for 0 collections in section 3 in 3ms.
Jun 29, 2026 09:44:54.475 [548474044640] DEBUG - [DatabaseFixups/29DatabaseFixupsSyncCollections] Collection: Refreshed visibility in section 3 in 1ms.
Jun 29, 2026 09:44:54.475 [548474044640] DEBUG - [DatabaseFixups/29DatabaseFixupsSyncCollections] Fixup completed
Jun 29, 2026 09:44:54.475 [548474044640] DEBUG - [DatabaseFixups/31DatabaseFixupsCleanupActivities] Executing fixup
Jun 29, 2026 09:44:54.476 [548474044640] DEBUG - [DatabaseFixups/31DatabaseFixupsCleanupActivities] Fixup completed
Jun 29, 2026 09:44:54.476 [548474044640] DEBUG - [DatabaseFixups/35DatabaseFixupsConsolidatePeopleTags] Executing fixup
Jun 29, 2026 09:44:54.477 [548474044640] DEBUG - [DatabaseFixups/35DatabaseFixupsConsolidatePeopleTags] Fixup completed
Jun 29, 2026 09:44:54.477 [548474044640] DEBUG - [DatabaseFixups/54DatabaseFixupsGarbageCollectTransientMetadataRelations] Executing fixup
Jun 29, 2026 09:44:54.478 [548474044640] DEBUG - [DatabaseFixups/54DatabaseFixupsGarbageCollectTransientMetadataRelations] Fixup completed
Jun 29, 2026 09:44:54.478 [548474044640] DEBUG - [DatabaseFixups/48DatabaseFixupsResetCorruptedMetadataItemClusters] Executing fixup
Jun 29, 2026 09:44:54.478 [548474044640] DEBUG - [DatabaseFixups/48DatabaseFixupsResetCorruptedMetadataItemClusters] Fixup completed
Jun 29, 2026 09:44:54.478 [548474044640] DEBUG - [DatabaseFixups] Running database fix-ups completed in 0.1 seconds.
Jun 29, 2026 09:44:54.529 [548505940192] DEBUG - [HttpClient/HCl#6] HTTP/1.1 (0.1s) 200 response from GET http://127.0.0.1:33191/system/agents
Jun 29, 2026 09:44:54.529 [548501467360] DEBUG - [com.plexapp.system] HTTP reply status 200, with 8986 bytes of content.
Jun 29, 2026 09:44:54.540 [548501467360] DEBUG - The system knows about 12 agents.
Jun 29, 2026 09:44:54.540 [548455059680] DEBUG - Starting plug-in /usr/lib/plexmediaserver/Resources/Plug-ins-563d026ea/PersonalMedia.bundle.
Jun 29, 2026 09:44:54.540 [548452950240] DEBUG - Starting plug-in /usr/lib/plexmediaserver/Resources/Plug-ins-563d026ea/WebClient.bundle.
Jun 29, 2026 09:44:54.541 [548450840800] DEBUG - Starting plug-in /usr/lib/plexmediaserver/Resources/Plug-ins-563d026ea/Framework.bundle.
Jun 29, 2026 09:44:54.542 [548501467360] DEBUG - Waiting for 16 plug-ins to finish starting.
Jun 29, 2026 09:44:54.545 [548452950240] DEBUG - Starting plug-in /usr/lib/plexmediaserver/Resources/Plug-ins-563d026ea/HTbackdrops.bundle.
Jun 29, 2026 09:44:54.546 [548455059680] DEBUG - Perfect cache hit, we don't need to start [com.plexapp.agents.none] yet.
Jun 29, 2026 09:44:54.547 [548450840800] DEBUG - Starting plug-in /usr/lib/plexmediaserver/Resources/Plug-ins-563d026ea/Media-Flags.bundle.
Jun 29, 2026 09:44:54.547 [548455059680] DEBUG - Starting plug-in /usr/lib/plexmediaserver/Resources/Plug-ins-563d026ea/PlexMovie.bundle.
Jun 29, 2026 09:44:54.548 [548452950240] DEBUG - Perfect cache hit, we don't need to start [com.plexapp.agents.htbackdrops] yet.
Jun 29, 2026 09:44:54.548 [548452950240] DEBUG - Starting plug-in /usr/lib/plexmediaserver/Resources/Plug-ins-563d026ea/LyricFind.bundle.
Jun 29, 2026 09:44:54.552 [548455059680] DEBUG - Perfect cache hit, we don't need to start [com.plexapp.agents.imdb] yet.
Jun 29, 2026 09:44:54.556 [548455059680] DEBUG - Starting plug-in /usr/lib/plexmediaserver/Resources/Plug-ins-563d026ea/Scanners.bundle.
Jun 29, 2026 09:44:54.553 [548452950240] DEBUG - Perfect cache hit, we don't need to start [com.plexapp.agents.lyricfind] yet.
Jun 29, 2026 09:44:54.556 [548452950240] DEBUG - Starting plug-in /usr/lib/plexmediaserver/Resources/Plug-ins-563d026ea/MoviePosterDB.bundle.
Jun 29, 2026 09:44:54.556 [548450840800] DEBUG - Starting plug-in /usr/lib/plexmediaserver/Resources/Plug-ins-563d026ea/TheMovieDB.bundle.
Jun 29, 2026 09:44:54.559 [548455059680] DEBUG - Starting plug-in /usr/lib/plexmediaserver/Resources/Plug-ins-563d026ea/LastFM.bundle.
Jun 29, 2026 09:44:54.563 [548452950240] DEBUG - Perfect cache hit, we don't need to start [com.plexapp.agents.movieposterdb] yet.
Jun 29, 2026 09:44:54.563 [548452950240] DEBUG - Starting plug-in /usr/lib/plexmediaserver/Resources/Plug-ins-563d026ea/TheTVDBv4.bundle.
Jun 29, 2026 09:44:54.563 [548455059680] DEBUG - Perfect cache hit, we don't need to start [com.plexapp.agents.lastfm] yet.
Jun 29, 2026 09:44:54.563 [548450840800] DEBUG - Perfect cache hit, we don't need to start [com.plexapp.agents.themoviedb] yet.
Jun 29, 2026 09:44:54.563 [548455059680] DEBUG - Starting plug-in /usr/lib/plexmediaserver/Resources/Plug-ins-563d026ea/LocalMedia.bundle.
Jun 29, 2026 09:44:54.564 [548450840800] DEBUG - Starting plug-in /usr/lib/plexmediaserver/Resources/Plug-ins-563d026ea/PlexThemeMusic.bundle.
Jun 29, 2026 09:44:54.566 [548452950240] DEBUG - Perfect cache hit, we don't need to start [com.plexapp.agents.thetvdb] yet.
Jun 29, 2026 09:44:54.566 [548455059680] DEBUG - Perfect cache hit, we don't need to start [com.plexapp.agents.localmedia] yet.
Jun 29, 2026 09:44:54.566 [548452950240] DEBUG - Starting plug-in /usr/lib/plexmediaserver/Resources/Plug-ins-563d026ea/Musicbrainz.bundle.
Jun 29, 2026 09:44:54.566 [548455059680] DEBUG - Starting plug-in /usr/lib/plexmediaserver/Resources/Plug-ins-563d026ea/Fanart-TV.bundle.
Jun 29, 2026 09:44:54.568 [548450840800] DEBUG - Perfect cache hit, we don't need to start [com.plexapp.agents.plexthememusic] yet.
Jun 29, 2026 09:44:54.569 [548457169120] DEBUG - PublicAddressManager: Obtaining public address and mapping port.
Jun 29, 2026 09:44:54.570 [548455059680] DEBUG - Perfect cache hit, we don't need to start [com.plexapp.agents.fanarttv] yet.
Jun 29, 2026 09:44:54.570 [548452950240] DEBUG - Perfect cache hit, we don't need to start [org.musicbrainz.agents.music] yet.
Jun 29, 2026 09:44:54.571 [548501467360] DEBUG - Starting scheduled updates, every 3600 seconds
Jun 29, 2026 09:44:54.571 [548501467360] INFO - LibraryUpdateManager path watching is disabled
Jun 29, 2026 09:44:54.571 [548501467360] DEBUG - Done waiting for all plug-ins to start.
Jun 29, 2026 09:44:54.571 [548438184160] DEBUG - Downloading document http://127.0.0.1:32400/:/plugins/com.plexapp.agents.imdb/prefs
Jun 29, 2026 09:44:54.571 [548501467360] DEBUG - PluginRepository::setStartState: 3, complete
Jun 29, 2026 09:44:54.572 [548438184160] DEBUG - Translator: Found locale sk
Jun 29, 2026 09:44:54.572 [548438184160] DEBUG - Translator: Found locale et_EE
Jun 29, 2026 09:44:54.572 [548438184160] DEBUG - Translator: Found locale pl
Jun 29, 2026 09:44:54.572 [548438184160] DEBUG - Translator: Found locale cs_CZ
Jun 29, 2026 09:44:54.572 [548438184160] DEBUG - Translator: Found locale ja_JP
Jun 29, 2026 09:44:54.572 [548438184160] DEBUG - Translator: Found locale da
Jun 29, 2026 09:44:54.572 [548438184160] DEBUG - Translator: Found locale no
Jun 29, 2026 09:44:54.572 [548438184160] DEBUG - Translator: Found locale af
Jun 29, 2026 09:44:54.572 [548438184160] DEBUG - Translator: Found locale uk
Jun 29, 2026 09:44:54.572 [548438184160] DEBUG - Translator: Found locale fi
Jun 29, 2026 09:44:54.572 [548438184160] DEBUG - Translator: Found locale nl_BE
Jun 29, 2026 09:44:54.572 [548438184160] DEBUG - Translator: Found locale sl
Jun 29, 2026 09:44:54.572 [548438184160] DEBUG - Translator: Found locale zh_CN
Jun 29, 2026 09:44:54.572 [548438184160] DEBUG - Translator: Found locale sr
Jun 29, 2026 09:44:54.572 [548438184160] DEBUG - Translator: Found locale sv
Jun 29, 2026 09:44:54.572 [548438184160] DEBUG - Translator: Found locale lt
Jun 29, 2026 09:44:54.572 [548438184160] DEBUG - Translator: Found locale pt
Jun 29, 2026 09:44:54.572 [548438184160] DEBUG - Translator: Found locale fr
Jun 29, 2026 09:44:54.572 [548438184160] DEBUG - Translator: Found locale ar
Jun 29, 2026 09:44:54.572 [548438184160] DEBUG - Translator: Found locale it
Jun 29, 2026 09:44:54.572 [548438184160] DEBUG - Translator: Found locale pt_BR
Jun 29, 2026 09:44:54.572 [548438184160] DEBUG - Translator: Found locale ko
Jun 29, 2026 09:44:54.572 [548438184160] DEBUG - Translator: Found locale hu
Jun 29, 2026 09:44:54.572 [548438184160] DEBUG - Translator: Found locale es
Jun 29, 2026 09:44:54.572 [548438184160] DEBUG - Translator: Found locale nl
Jun 29, 2026 09:44:54.572 [548438184160] DEBUG - Translator: Found locale ro
Jun 29, 2026 09:44:54.572 [548438184160] DEBUG - Translator: Found locale he
Jun 29, 2026 09:44:54.572 [548438184160] DEBUG - Translator: Found locale ru
Jun 29, 2026 09:44:54.572 [548438184160] DEBUG - Translator: Found locale hu_HU
Jun 29, 2026 09:44:54.572 [548438184160] DEBUG - Translator: Found locale en
Jun 29, 2026 09:44:54.572 [548438184160] DEBUG - Translator: Found locale de
Jun 29, 2026 09:44:54.572 [548438184160] DEBUG - Translator: Found locale hr_HR
Jun 29, 2026 09:44:54.582 [548438184160] DEBUG - [Req#b] Starting file watcher for com.plexapp.agents.imdb
Jun 29, 2026 09:44:54.582 [548438184160] DEBUG - [Req#b] Plugin: setting environment variable: 'PYTHONHOME=/usr/lib/plexmediaserver/Resources/Python'
Jun 29, 2026 09:44:54.582 [548438184160] DEBUG - [Req#b] Plugin: setting environment variable: 'PYTHONPATH=/usr/lib/plexmediaserver/Resources/Python/python27.zip:/usr/lib/plexmediaserver/Resources/Python/lib/python2.7/site-packages'
Jun 29, 2026 09:44:54.584 [548438184160] DEBUG - [Req#b] Spawned plug-in com.plexapp.agents.imdb with PID 314
Jun 29, 2026 09:44:54.584 [548438184160] DEBUG - [Req#b] [com.plexapp.agents.imdb] Sending command: GET /:/prefixes
Jun 29, 2026 09:44:54.723 [548505940192] DEBUG - [HttpClient/HCl#8] HTTP/1.1 (0.3s) 200 response from GET https://v4.plex.tv/pms/:/ip
Jun 29, 2026 09:44:54.723 [548486701280] DEBUG - PublicAddressManager: Got public IP from v4.plex.tv: 37.15.102.100
Jun 29, 2026 09:44:54.765 [548505940192] DEBUG - [HttpClient/HCl#9] HTTP/1.1 (0.3s) 200 response from GET https://plex.tv/api/v2/release_channels?X-Plex-Token=xxxxxxxxxxxxxxxxxxxx
Jun 29, 2026 09:44:54.768 [548505940192] DEBUG - [HttpClient/HCl#a] HTTP/1.1 (0.3s) 200 response from GET https://plex.tv/api/v2/user/privacy?X-Plex-Token=xxxxxxxxxxxxxxxxxxxx
Jun 29, 2026 09:44:54.838 [548505940192] DEBUG - [HttpClient/HCl#7] HTTP/1.1 (0.4s) 200 response from GET https://plex.tv/api/v2/user?includeSubscriptions=1&includeProviders=1 (reused)
Jun 29, 2026 09:44:54.842 [548490920160] DEBUG - MyPlex: username is narcsm, login is nmatas53@gmail.com, home is 1, no pin
Jun 29, 2026 09:44:54.843 [548482482400] DEBUG - [HCl#c] HTTP requesting GET https://plex.tv/api/v2/geoip
Jun 29, 2026 09:44:54.940 [548505940192] DEBUG - [HttpClient/HCl#b] HTTP/1.1 (0.5s) 200 response from GET https://plex.tv/api/v2/features?X-Plex-Token=xxxxxxxxxxxxxxxxxxxx
Jun 29, 2026 09:44:54.943 [548463497440] DEBUG - [HCl#d] HTTP requesting GET https://plex.tv/api/v2/server/users/features?filterFeatures[]=b83c8dc9-5a01-4b7a-a7c9-5870c8a6e21b&filterFeatures[]=926bc176-58ca-47da-b8e3-080ed14ea6ba&filterFeatures[]=ea791163-c28d-4b7c-af88-bcc9553b206d&filterFeatures[]=6ab6677b-ad9b-444f-9ca1-b8027d05b3e1&filterFeatures[]=56cd352b-0d47-436d-aced-f20db3508de5
Jun 29, 2026 09:44:54.947 [548505940192] DEBUG - [HttpClient/HCl#c] HTTP/1.1 (0.1s) 200 response from GET https://plex.tv/api/v2/geoip (reused)
Jun 29, 2026 09:44:54.948 [548517667040] DEBUG - [EventSourceClient/pubsub/pubsub14.pop.fra.plex.bz:443] Resolving pubsub14.pop.fra.plex.bz port 443
Jun 29, 2026 09:44:54.948 [548471935200] DEBUG - [HCl#e] HTTP requesting GET https://plex.tv/api/v2/server/webhooks?X-Plex-Token=xxxxxxxxxxxxxxxxxxxx
Jun 29, 2026 09:44:54.951 [548482482400] DEBUG - [HCl#f] HTTP requesting GET https://plex.tv/api/v2/user/privacy?X-Plex-Token=xxxxxxxxxxxxxxxxxxxx
Jun 29, 2026 09:44:54.991 [548517667040] DEBUG - [EventSourceClient/pubsub/pubsub14.pop.fra.plex.bz:443] Resolved pubsub14.pop.fra.plex.bz to 172.104.245.240:443
Jun 29, 2026 09:44:55.063 [548505940192] DEBUG - [HttpClient/HCl#f] HTTP/1.1 (0.1s) 200 response from GET https://plex.tv/api/v2/user/privacy?X-Plex-Token=xxxxxxxxxxxxxxxxxxxx (reused)
Jun 29, 2026 09:44:55.068 [548482482400] DEBUG - [HCl#11] HTTP requesting GET https://plex.tv/api/v2/release_channels?X-Plex-Token=xxxxxxxxxxxxxxxxxxxx
Jun 29, 2026 09:44:55.071 [548505940192] DEBUG - [HttpClient/HCl#d] HTTP/1.1 (0.1s) 200 response from GET https://plex.tv/api/v2/server/users/features?filterFeatures[]=b83c8dc9-5a01-4b7a-a7c9-5870c8a6e21b&filterFeatures[]=926bc176-58ca-47da-b8e3-080ed14ea6ba&filterFeatures[]=ea791163-c28d-4b7c-af88-bcc9553b206d&filterFeatures[]=6ab6677b-ad9b-444f-9ca1-b8027d05b3e1&filterFeatures[]=56cd352b-0d47-436d-aced-f20db3508de5 (reused)
Jun 29, 2026 09:44:55.073 [548505940192] DEBUG - [HttpClient/HCl#e] HTTP/1.1 (0.1s) 200 response from GET https://plex.tv/api/v2/server/webhooks?X-Plex-Token=xxxxxxxxxxxxxxxxxxxx (reused)
Jun 29, 2026 09:44:55.097 [548517667040] DEBUG - [EventSourceClient/pubsub/pubsub14.pop.fra.plex.bz:443] Connected in 105 ms.
Jun 29, 2026 09:44:55.097 [548517667040] DEBUG - [EventSourceClient/pubsub/pubsub14.pop.fra.plex.bz:443] Wrote data, reading reply.
Jun 29, 2026 09:44:55.190 [548505940192] DEBUG - [HttpClient/HCl#11] HTTP/1.1 (0.1s) 200 response from GET https://plex.tv/api/v2/release_channels?X-Plex-Token=xxxxxxxxxxxxxxxxxxxx (reused)
Jun 29, 2026 09:44:55.192 [548482482400] DEBUG - [HCl#12] HTTP requesting GET https://plex.tv/api/v2/features?X-Plex-Token=xxxxxxxxxxxxxxxxxxxx
Jun 29, 2026 09:44:55.371 [548505940192] DEBUG - [HttpClient/HCl#12] HTTP/1.1 (0.2s) 200 response from GET https://plex.tv/api/v2/features?X-Plex-Token=xxxxxxxxxxxxxxxxxxxx (reused)
Jun 29, 2026 09:44:55.374 [548482482400] DEBUG - [HCl#13] HTTP requesting GET https://plex.tv/api/v2/server/users/features?filterFeatures[]=b83c8dc9-5a01-4b7a-a7c9-5870c8a6e21b&filterFeatures[]=926bc176-58ca-47da-b8e3-080ed14ea6ba&filterFeatures[]=ea791163-c28d-4b7c-af88-bcc9553b206d&filterFeatures[]=6ab6677b-ad9b-444f-9ca1-b8027d05b3e1&filterFeatures[]=56cd352b-0d47-436d-aced-f20db3508de5
Jun 29, 2026 09:44:55.466 [548515557600] DEBUG - [EventSourceClient/pubsub/pubsub14.pop.fra.plex.bz:443] Read HTTP reply header.
Jun 29, 2026 09:44:55.466 [548515557600] DEBUG - [EventSourceClient/pubsub/pubsub14.pop.fra.plex.bz:443] MyPlex: We appear to have regained Internet connectivity.
Jun 29, 2026 09:44:55.473 [548515557600] DEBUG - [EventSourceClient/pubsub/pubsub14.pop.fra.plex.bz:443] PublicAddressManager: Obtaining public address and mapping port.
Jun 29, 2026 09:44:55.473 [548515557600] DEBUG - [EventSourceClient/pubsub/pubsub14.pop.fra.plex.bz:443] MyPlex: async reachability check - current mapped state: 'Not Mapped'.
Jun 29, 2026 09:44:55.473 [548515557600] WARN - [EventSourceClient/pubsub/pubsub14.pop.fra.plex.bz:443] MyPlex: attempted a reachability check but we're not yet mapped.
Jun 29, 2026 09:44:55.473 [548515557600] DEBUG - [EventSourceClient/pubsub/pubsub14.pop.fra.plex.bz:443] Successfully connected to pubsub14.pop.fra.plex.bz.
Jun 29, 2026 09:44:55.492 [548505940192] DEBUG - [HttpClient/HCl#13] HTTP/1.1 (0.1s) 200 response from GET https://plex.tv/api/v2/server/users/features?filterFeatures[]=b83c8dc9-5a01-4b7a-a7c9-5870c8a6e21b&filterFeatures[]=926bc176-58ca-47da-b8e3-080ed14ea6ba&filterFeatures[]=ea791163-c28d-4b7c-af88-bcc9553b206d&filterFeatures[]=6ab6677b-ad9b-444f-9ca1-b8027d05b3e1&filterFeatures[]=56cd352b-0d47-436d-aced-f20db3508de5 (reused)
Jun 29, 2026 09:44:55.505 [548482482400] DEBUG - CERT: Certificate will not expire soon; we'll check again in a week.
Jun 29, 2026 09:44:55.505 [548450840800] DEBUG - MyPlex: sendMapping resetting state - previous mapping state: 'Not Mapped'.
Jun 29, 2026 09:44:55.505 [548450840800] DEBUG - MyPlex: mapping state set to 'Unknown'.
Jun 29, 2026 09:44:55.507 [548482482400] DEBUG - MyPlex: Updating device connections (from timer: 0)
Jun 29, 2026 09:44:55.507 [548482482400] DEBUG - [HCl#14] HTTP requesting PUT https://plex.tv/devices/852d69654ed685d07d2d7f072dec0b61ea7d12ba?Connection[][uri]=http://192.168.1.137:32400&Connection[][uri]=http://172.26.0.1:32400&httpsEnabled=1&httpsRequired=0&dnsRebindingProtection=0&X-Plex-Token=xxxxxxxxxxxxxxxxxxxx
Jun 29, 2026 09:44:55.508 [548450840800] DEBUG - MyPlex: Sending Server Info to myPlex (user=nmatas53@gmail.com, ip=, port=0)
Jun 29, 2026 09:44:55.509 [548450840800] DEBUG - [HCl#15] HTTP requesting POST https://plex.tv/servers.xml?auth_token=xxxxxxxxxxxxxxxxxxxx
Jun 29, 2026 09:44:55.648 [548505940192] DEBUG - [HttpClient/HCl#15] HTTP/1.1 (0.1s) 422 response from POST https://plex.tv/servers.xml?auth_token=xxxxxxxxxxxxxxxxxxxx (reused)
Jun 29, 2026 09:44:55.648 [548450840800] DEBUG - MyPlex: Published Mapping State response was 422
Jun 29, 2026 09:44:55.648 [548450840800] DEBUG - MyPlex: Got response for 852d69654ed685d07d2d7f072dec0b61ea7d12ba ~ registered :0
Jun 29, 2026 09:44:55.648 [548450840800] DEBUG - MyPlex: updating mapped state - current state: 'Not Mapped'
Jun 29, 2026 09:44:55.648 [548450840800] DEBUG - MyPlex: mapping state set to 'Not Mapped'.
Jun 29, 2026 09:44:55.652 [548505940192] DEBUG - [HttpClient/HCl#14] HTTP/1.1 (0.1s) 200 response from PUT https://plex.tv/devices/852d69654ed685d07d2d7f072dec0b61ea7d12ba?Connection[][uri]=http://192.168.1.137:32400&Connection[][uri]=http://172.26.0.1:32400&httpsEnabled=1&httpsRequired=0&dnsRebindingProtection=0&X-Plex-Token=xxxxxxxxxxxxxxxxxxxx (reused)
Jun 29, 2026 09:44:56.729 [548505940192] DEBUG - [HttpClient/HCl#1] HTTP/1.1 (7.8s) 200 response from GET https://plex.tv/api/v2/server/access_tokens?auth_token=xxxxxxxxxxxxxxxxxxxx
Jun 29, 2026 09:44:56.730 [548525301984] DEBUG - MyPlex: updating with 5 access tokens
Jun 29, 2026 09:44:56.731 [548525301984] DEBUG - [HCl#16] HTTP requesting GET https://plex.tv/api/v2/server/users?auth_token=xxxxxxxxxxxxxxxxxxxx
Jun 29, 2026 09:44:56.803 [548493029600] DEBUG - Request: [127.0.0.1:32982 (Loopback)] GET /system/messaging/clear_events/com.plexapp.agents.imdb (3 live) #9 GZIP Signed-in Token (narcsm)
Jun 29, 2026 09:44:56.804 [548493029600] DEBUG - [Req#9] [com.plexapp.system] Sending command over HTTP (GET): /system/messaging/clear_events/com.plexapp.agents.imdb
Jun 29, 2026 09:44:56.804 [548493029600] DEBUG - [Req#9/HCl#17] HTTP requesting GET http://127.0.0.1:33191/system/messaging/clear_events/com.plexapp.agents.imdb
Jun 29, 2026 09:44:56.863 [548505940192] DEBUG - [HttpClient/HCl#16] HTTP/1.1 (0.1s) 200 response from GET https://plex.tv/api/v2/server/users?auth_token=xxxxxxxxxxxxxxxxxxxx (reused)
Jun 29, 2026 09:44:56.865 [548490920160] DEBUG - [HCl#18] HTTP requesting GET https://plex.tv/api/v2/server/users/subscriptions?auth_token=xxxxxxxxxxxxxxxxxxxx
Jun 29, 2026 09:44:56.868 [548505940192] DEBUG - [HttpClient/HCl#17] HTTP/1.1 (0.1s) 200 response from GET http://127.0.0.1:33191/system/messaging/clear_events/com.plexapp.agents.imdb
Jun 29, 2026 09:44:56.869 [548493029600] DEBUG - [Req#9] [com.plexapp.system] HTTP reply status 200, with 0 bytes of content.
Jun 29, 2026 09:44:56.869 [548517667040] DEBUG - Completed: [127.0.0.1:32982] 200 GET /system/messaging/clear_events/com.plexapp.agents.imdb (3 live) #9 GZIP 66ms 280 bytes
Jun 29, 2026 09:44:56.978 [548505940192] DEBUG - [HttpClient/HCl#18] HTTP/1.1 (0.1s) 200 response from GET https://plex.tv/api/v2/server/users/subscriptions?auth_token=xxxxxxxxxxxxxxxxxxxx (reused)
Jun 29, 2026 09:44:56.979 [548490920160] DEBUG - MyPlex: using cached data for request for https://plex.tv/api/v2/server/users/services?auth_token=xxxxxxxxxxxxxxxxxxxx
Jun 29, 2026 09:44:57.182 [548495139040] DEBUG - Request: [127.0.0.1:32986 (Loopback)] GET /:/plugins/com.plexapp.system/resourceHashes (3 live) #14 GZIP Signed-in Token (narcsm)
Jun 29, 2026 09:44:57.182 [548495139040] DEBUG - [Req#14] [com.plexapp.system] Sending command over HTTP (GET): /:/plugins/com.plexapp.system/resourceHashes
Jun 29, 2026 09:44:57.183 [548495139040] DEBUG - [Req#14/HCl#19] HTTP requesting GET http://127.0.0.1:33191/:/plugins/com.plexapp.system/resourceHashes
Jun 29, 2026 09:44:57.242 [548505940192] DEBUG - [HttpClient/HCl#19] HTTP/1.1 (0.1s) 404 response from GET http://127.0.0.1:33191/:/plugins/com.plexapp.system/resourceHashes
Jun 29, 2026 09:44:57.242 [548495139040] DEBUG - [Req#14] [com.plexapp.system] HTTP reply status 404, with 0 bytes of content.
Jun 29, 2026 09:44:57.242 [548515557600] DEBUG - Completed: [127.0.0.1:32986] 404 GET /:/plugins/com.plexapp.system/resourceHashes (3 live) #14 GZIP 59ms 261 bytes
Jun 29, 2026 09:44:57.277 [548493029600] DEBUG - Request: [127.0.0.1:33002 (Loopback)] GET /:/plugins/com.plexapp.system/messaging/function/X0J1bmRsZVNlcnZpY2U6QWxsU2VydmljZXM_/Y2VyZWFsMQoxCmxpc3QKMApyMAo_/Y2VyZWFsMQoxCmRpY3QKMApyMAo_ (3 live) #16 GZIP Signed-in Token (narcsm)
Jun 29, 2026 09:44:57.277 [548493029600] DEBUG - [Req#16] [com.plexapp.system] Sending command over HTTP (GET): /:/plugins/com.plexapp.system/messaging/function/X0J1bmRsZVNlcnZpY2U6QWxsU2VydmljZXM_/Y2VyZWFsMQoxCmxpc3QKMApyMAo_/Y2VyZWFsMQoxCmRpY3QKMApyMAo_
Jun 29, 2026 09:44:57.277 [548493029600] DEBUG - [Req#16/HCl#1a] HTTP requesting GET http://127.0.0.1:33191/:/plugins/com.plexapp.system/messaging/function/X0J1bmRsZVNlcnZpY2U6QWxsU2VydmljZXM_/Y2VyZWFsMQoxCmxpc3QKMApyMAo_/Y2VyZWFsMQoxCmRpY3QKMApyMAo_
Jun 29, 2026 09:44:57.278 [548495139040] DEBUG - Request: [127.0.0.1:33008 (Loopback)] GET / (4 live) #18 GZIP Signed-in Token (narcsm)
Jun 29, 2026 09:44:57.283 [548515557600] DEBUG - Completed: [127.0.0.1:33008] 200 GET / (4 live) #18 GZIP 4ms 4115 bytes
Jun 29, 2026 09:44:57.291 [548505940192] DEBUG - [HttpClient/HCl#1a] HTTP/1.1 (0.0s) 200 response from GET http://127.0.0.1:33191/:/plugins/com.plexapp.system/messaging/function/X0J1bmRsZVNlcnZpY2U6QWxsU2VydmljZXM_/Y2VyZWFsMQoxCmxpc3QKMApyMAo_/Y2VyZWFsMQoxCmRpY3QKMApyMAo_
Jun 29, 2026 09:44:57.292 [548493029600] DEBUG - [Req#16] [com.plexapp.system] HTTP reply status 200, with 516 bytes of content.
Jun 29, 2026 09:44:57.292 [548515557600] DEBUG - Completed: [127.0.0.1:33002] 200 GET /:/plugins/com.plexapp.system/messaging/function/X0J1bmRsZVNlcnZpY2U6QWxsU2VydmljZXM_/Y2VyZWFsMQoxCmxpc3QKMApyMAo_/Y2VyZWFsMQoxCmRpY3QKMApyMAo_ (3 live) #16 GZIP 15ms 746 bytes
Jun 29, 2026 09:44:58.875 [548525301984] DEBUG - DVR:Device: Discovering and refreshing all devices.
Jun 29, 2026 09:44:58.876 [548525301984] DEBUG - Grabber: HDHomerun discovered 0 compatible devices.
Jun 29, 2026 09:44:58.876 [548525301984] DEBUG - [HCl#1d] HTTP requesting POST http://127.0.0.1:32600/devices/discover
Jun 29, 2026 09:44:59.266 [548495139040] DEBUG - Request: [127.0.0.1:33024 (Loopback)] GET /:/plugins/com.plexapp.system/messaging/function/X0FnZW50U2VydmljZTpVcGRhdGVJbmZv/Y2VyZWFsMQoxCmxpc3QKMApyMAo_/Y2VyZWFsMQo3CmRpY3QKbGlzdApkaWN0Cmxpc3QKbGlzdApsaXN0Cmxpc3QKMgpzMjMKY29tLnBsZXhhcHAuYWdlbnRzLmltZGJzMTAKaWRlbnRpZmllcnIxCnMxMAphZ2VudF9pbmZvMQpyMgoxMApyMwpzMTEKbWVkaWFfdHlwZXNyNApzMTIKYWNjZXB0c19mcm9tbnMxNApmYWxsYmFja19hZ2VudHI1CnMxNApjb250cmlidXRlc190b3I2CnM5Cmxhbmd1YWdlc2IxczIwCnBlcnNpc3Rfc3RvcmVkX2ZpbGVzaTAKczcKdmVyc2lvbmIxczE2CnByaW1hcnlfcHJvdmlkZXJiMXM1CnByZWZzczE5ClBsZXggTW92aWUgKExlZ2FjeSlzNApuYW1lMQpzNQpNb3ZpZTEKczI5CmNvbS5wbGV4YXBwLmFnZW50cy5sb2NhbG1lZGlhMQpzMjkKY29tLnBsZXhhcHAuYWdlbnRzLnRoZW1vdmllZGIzMwpzMgplbnMyCnN2czIKZnJzMgplc3MyCm5sczIKZGVzMgppdHMyCmRhczIKYXJzMgpjYXMyCnpoczIKY3NzMgpldHMyCmZpczIKZWxzMgpoZXMyCmhpczIKaHVzMgppZHMyCmphczIKa29zMgpsdnMyCm5vczIKZmFzMgpwbHMyCnB0czIKcm9zMgpydXMyCnNrczIKdGhzMgp0cnMyCnVrczIKdmlyMAo_ (3 live) #19 GZIP Signed-in Token (narcsm)
Jun 29, 2026 09:44:59.267 [548495139040] DEBUG - [Req#19] [com.plexapp.system] Sending command over HTTP (GET): /:/plugins/com.plexapp.system/messaging/function/X0FnZW50U2VydmljZTpVcGRhdGVJbmZv/Y2VyZWFsMQoxCmxpc3QKMApyMAo_/Y2VyZWFsMQo3CmRpY3QKbGlzdApkaWN0Cmxpc3QKbGlzdApsaXN0Cmxpc3QKMgpzMjMKY29tLnBsZXhhcHAuYWdlbnRzLmltZGJzMTAKaWRlbnRpZmllcnIxCnMxMAphZ2VudF9pbmZvMQpyMgoxMApyMwpzMTEKbWVkaWFfdHlwZXNyNApzMTIKYWNjZXB0c19mcm9tbnMxNApmYWxsYmFja19hZ2VudHI1CnMxNApjb250cmlidXRlc190b3I2CnM5Cmxhbmd1YWdlc2IxczIwCnBlcnNpc3Rfc3RvcmVkX2ZpbGVzaTAKczcKdmVyc2lvbmIxczE2CnByaW1hcnlfcHJvdmlkZXJiMXM1CnByZWZzczE5ClBsZXggTW92aWUgKExlZ2FjeSlzNApuYW1lMQpzNQpNb3ZpZTEKczI5CmNvbS5wbGV4YXBwLmFnZW50cy5sb2NhbG1lZGlhMQpzMjkKY29tLnBsZXhhcHAuYWdlbnRzLnRoZW1vdmllZGIzMwpzMgplbnMyCnN2czIKZnJzMgplc3MyCm5sczIKZGVzMgppdHMyCmRhczIKYXJzMgpjYXMyCnpoczIKY3NzMgpldHMyCmZpczIKZWxzMgpoZXMyCmhpczIKaHVzMgppZHMyCmphczIKa29zMgpsdnMyCm5vczIKZmFzMgpwbHMyCnB0czIKcm9zMgpydXMyCnNrczIKdGhzMgp0cnMyCnVrczIKdmlyMAo_
Jun 29, 2026 09:44:59.267 [548495139040] DEBUG - [Req#19/HCl#1e] HTTP requesting GET http://127.0.0.1:33191/:/plugins/com.plexapp.system/messaging/function/X0FnZW50U2VydmljZTpVcGRhdGVJbmZv/Y2VyZWFsMQoxCmxpc3QKMApyMAo_/Y2VyZWFsMQo3CmRpY3QKbGlzdApkaWN0Cmxpc3QKbGlzdApsaXN0Cmxpc3QKMgpzMjMKY29tLnBsZXhhcHAuYWdlbnRzLmltZGJzMTAKaWRlbnRpZmllcnIxCnMxMAphZ2VudF9pbmZvMQpyMgoxMApyMwpzMTEKbWVkaWFfdHlwZXNyNApzMTIKYWNjZXB0c19mcm9tbnMxNApmYWxsYmFja19hZ2VudHI1CnMxNApjb250cmlidXRlc190b3I2CnM5Cmxhbmd1YWdlc2IxczIwCnBlcnNpc3Rfc3RvcmVkX2ZpbGVzaTAKczcKdmVyc2lvbmIxczE2CnByaW1hcnlfcHJvdmlkZXJiMXM1CnByZWZzczE5ClBsZXggTW92aWUgKExlZ2FjeSlzNApuYW1lMQpzNQpNb3ZpZTEKczI5CmNvbS5wbGV4YXBwLmFnZW50cy5sb2NhbG1lZGlhMQpzMjkKY29tLnBsZXhhcHAuYWdlbnRzLnRoZW1vdmllZGIzMwpzMgplbnMyCnN2czIKZnJzMgplc3MyCm5sczIKZGVzMgppdHMyCmRhczIKYXJzMgpjYXMyCnpoczIKY3NzMgpldHMyCmZpczIKZWxzMgpoZXMyCmhpczIKaHVzMgppZHMyCmphczIKa29zMgpsdnMyCm5vczIKZmFzMgpwbHMyCnB0czIKcm9zMgpydXMyCnNrczIKdGhzMgp0cnMyCnVrczIKdmlyMAo_
Jun 29, 2026 09:44:59.279 [548505940192] DEBUG - [HttpClient/HCl#1e] HTTP/1.1 (0.0s) 200 response from GET http://127.0.0.1:33191/:/plugins/com.plexapp.system/messaging/function/X0FnZW50U2VydmljZTpVcGRhdGVJbmZv/Y2VyZWFsMQoxCmxpc3QKMApyMAo_/Y2VyZWFsMQo3CmRpY3QKbGlzdApkaWN0Cmxpc3QKbGlzdApsaXN0Cmxpc3QKMgpzMjMKY29tLnBsZXhhcHAuYWdlbnRzLmltZGJzMTAKaWRlbnRpZmllcnIxCnMxMAphZ2VudF9pbmZvMQpyMgoxMApyMwpzMTEKbWVkaWFfdHlwZXNyNApzMTIKYWNjZXB0c19mcm9tbnMxNApmYWxsYmFja19hZ2VudHI1CnMxNApjb250cmlidXRlc190b3I2CnM5Cmxhbmd1YWdlc2IxczIwCnBlcnNpc3Rfc3RvcmVkX2ZpbGVzaTAKczcKdmVyc2lvbmIxczE2CnByaW1hcnlfcHJvdmlkZXJiMXM1CnByZWZzczE5ClBsZXggTW92aWUgKExlZ2FjeSlzNApuYW1lMQpzNQpNb3ZpZTEKczI5CmNvbS5wbGV4YXBwLmFnZW50cy5sb2NhbG1lZGlhMQpzMjkKY29tLnBsZXhhcHAuYWdlbnRzLnRoZW1vdmllZGIzMwpzMgplbnMyCnN2czIKZnJzMgplc3MyCm5sczIKZGVzMgppdHMyCmRhczIKYXJzMgpjYXMyCnpoczIKY3NzMgpldHMyCmZpczIKZWxzMgpoZXMyCmhpczIKaHVzMgppZHMyCmphczIKa29zMgpsdnMyCm5vczIKZmFzMgpwbHMyCnB0czIKcm9zMgpydXMyCnNrczIKdGhzMgp0cnMyCnVrczIKdmlyMAo_
Jun 29, 2026 09:44:59.279 [548495139040] DEBUG - [Req#19] [com.plexapp.system] HTTP reply status 200, with 16 bytes of content.
Jun 29, 2026 09:44:59.280 [548515557600] DEBUG - Completed: [127.0.0.1:33024] 200 GET /:/plugins/com.plexapp.system/messaging/function/X0FnZW50U2VydmljZTpVcGRhdGVJbmZv/Y2VyZWFsMQoxCmxpc3QKMApyMAo_/Y2VyZWFsMQo3CmRpY3QKbGlzdApkaWN0Cmxpc3QKbGlzdApsaXN0Cmxpc3QKMgpzMjMKY29tLnBsZXhhcHAuYWdlbnRzLmltZGJzMTAKaWRlbnRpZmllcnIxCnMxMAphZ2VudF9pbmZvMQpyMgoxMApyMwpzMTEKbWVkaWFfdHlwZXNyNApzMTIKYWNjZXB0c19mcm9tbnMxNApmYWxsYmFja19hZ2VudHI1CnMxNApjb250cmlidXRlc190b3I2CnM5Cmxhbmd1YWdlc2IxczIwCnBlcnNpc3Rfc3RvcmVkX2ZpbGVzaTAKczcKdmVyc2lvbmIxczE2CnByaW1hcnlfcHJvdmlkZXJiMXM1CnByZWZzczE5ClBsZXggTW92aWUgKExlZ2FjeSlzNApuYW1lMQpzNQpNb3ZpZTEKczI5CmNvbS5wbGV4YXBwLmFnZW50cy5sb2NhbG1lZGlhMQpzMjkKY29tLnBsZXhhcHAuYWdlbnRzLnRoZW1vdmllZGIzMwpzMgplbnMyCnN2czIKZnJzMgplc3MyCm5sczIKZGVzMgppdHMyCmRhczIKYXJzMgpjYXMyCnpoczIKY3NzMgpldHMyCmZpczIKZWxzMgpoZXMyCmhpczIKaHVzMgppZHMyCmphczIKa29zMgpsdnMyCm5vczIKZmFzMgpwbHMyCnB0czIKcm9zMgpydXMyCnNrczIKdGhzMgp0cnMyCnVrczIKdmlyMAo_ (3 live) #19 GZIP 13ms 415 bytes
Jun 29, 2026 09:44:59.291 [548438184160] DEBUG - [Req#b] Reading 148 bytes in the body, code is 200
Jun 29, 2026 09:44:59.291 [548438184160] DEBUG - [Req#b] [com.plexapp.agents.imdb] Plug-in running on port 41645.
Jun 29, 2026 09:44:59.291 [548438184160] DEBUG - [Req#b] Read configuration for [com.plexapp.agents.imdb], had 0 prefixes
Jun 29, 2026 09:44:59.292 [548438184160] DEBUG - [Req#b] [com.plexapp.agents.imdb] Sending command over HTTP (GET): /:/plugins/com.plexapp.agents.imdb/prefs
Jun 29, 2026 09:44:59.292 [548438184160] DEBUG - [Req#b/HCl#1f] HTTP requesting GET http://127.0.0.1:41645/:/plugins/com.plexapp.agents.imdb/prefs
Jun 29, 2026 09:44:59.345 [548505940192] DEBUG - [HttpClient/HCl#1f] HTTP/1.1 (0.1s) 200 response from GET http://127.0.0.1:41645/:/plugins/com.plexapp.agents.imdb/prefs
Jun 29, 2026 09:44:59.345 [548438184160] DEBUG - [Req#b] [com.plexapp.agents.imdb] HTTP reply status 200, with 2224 bytes of content.
Jun 29, 2026 09:44:59.346 [548438184160] DEBUG - Caching document http://127.0.0.1:32400/:/plugins/com.plexapp.agents.imdb/prefs as cecff0a87563f01de26707347e4aa1bba6a9dc5c
Jun 29, 2026 09:44:59.346 [548438184160] DEBUG - IVA: Downloading trailer lists.
Jun 29, 2026 09:44:59.423 [548476154080] DEBUG - [NSB] NetworkServiceBrowser: SERVER arrived: 127.0.0.1 (NarPi)
Jun 29, 2026 09:44:59.423 [548476154080] DEBUG - [NSB] Notifying the system bundle an update to server /system/notify/serverUpdated?host=127.0.0.1
Jun 29, 2026 09:44:59.423 [548476154080] DEBUG - [NSB] [com.plexapp.system] Sending command over HTTP (GET): /system/notify/serverUpdated?host=127.0.0.1
Jun 29, 2026 09:44:59.423 [548476154080] DEBUG - [NSB/HCl#21] HTTP requesting GET http://127.0.0.1:33191/system/notify/serverUpdated?host=127.0.0.1
Jun 29, 2026 09:44:59.431 [548495139040] DEBUG - Request: [127.0.0.1:33026 (Loopback)] GET /servers (3 live) #1c GZIP Signed-in Token (narcsm)
Jun 29, 2026 09:44:59.432 [548517667040] DEBUG - Completed: [127.0.0.1:33026] 200 GET /servers (3 live) #1c GZIP 0ms 490 bytes
Jun 29, 2026 09:44:59.439 [548505940192] DEBUG - [HttpClient/HCl#21] HTTP/1.1 (0.0s) 200 response from GET http://127.0.0.1:33191/system/notify/serverUpdated?host=127.0.0.1
Jun 29, 2026 09:44:59.439 [548476154080] DEBUG - [NSB] [com.plexapp.system] HTTP reply status 200, with 0 bytes of content.
Jun 29, 2026 09:44:59.443 [548438184160] DEBUG - IVA: Downloaded 4 trailers for source 1.
Jun 29, 2026 09:44:59.478 [548438184160] DEBUG - IVA: Downloaded 29 trailers for source 2.
Jun 29, 2026 09:44:59.481 [548497248480] DEBUG - NAT: UPnP, found device <http://192.168.1.1:47733/60fdacb1/IGDV1/rootDesc.xml> with private address <192.168.1.137>
Jun 29, 2026 09:44:59.731 [548467716320] DEBUG - [MediaProviderManager] Refreshing media providers
Jun 29, 2026 09:44:59.732 [548467716320] DEBUG - [MediaProviderManager/Response::fetch/HCl#23] HTTP requesting GET https://plex.tv/media/providers
Jun 29, 2026 09:44:59.847 [548505940192] DEBUG - [HttpClient/HCl#23] HTTP/1.1 (0.1s) 200 response from GET https://plex.tv/media/providers (reused)
Jun 29, 2026 09:44:59.848 [548467716320] DEBUG - [MediaProviderManager] discovered cloud provider (Movies & Shows)
Jun 29, 2026 09:44:59.848 [548467716320] DEBUG - [MediaProviderManager] discovered cloud provider (Metadata)
Jun 29, 2026 09:44:59.848 [548467716320] DEBUG - [MediaProviderManager] loading cloud provider details (Metadata) (alive: 1)
Jun 29, 2026 09:44:59.848 [548467716320] DEBUG - [MediaProviderManager] loading cloud provider details (Movies & Shows) (alive: 1)
Jun 29, 2026 09:44:59.848 [548467716320] DEBUG - [MediaProviderManager] we had 2 cloud providers online, we now have 2
Jun 29, 2026 09:44:59.848 [548467716320] DEBUG - [MediaProviderManager] cloud provider (Metadata) is online and available
Jun 29, 2026 09:44:59.848 [548467716320] DEBUG - [MediaProviderManager] cloud provider (Movies & Shows) is online and available
Jun 29, 2026 09:44:59.848 [548467716320] DEBUG - [MediaProviderManager] Media provider refresh complete
Jun 29, 2026 09:44:59.897 [548480372960] DEBUG - NetworkInterface: received Netlink message len=440, type=RTM_NEWLINK, flags=0x0
Jun 29, 2026 09:44:59.897 [548480372960] DEBUG - NetworkInterface: Netlink information message family=7, type=1, index=1242, flags=0x11043, change=0x0
Jun 29, 2026 09:44:59.897 [548480372960] DEBUG - Network change.
Jun 29, 2026 09:44:59.897 [548480372960] DEBUG - NetworkInterface: Notified of network changed (force=0)
Jun 29, 2026 09:44:59.898 [548480372960] DEBUG - Network change notification but nothing changed.
Jun 29, 2026 09:44:59.948 [548444512480] DEBUG - [PubsubServerManager/process/HCl#24] HTTP requesting GET https://plex.tv/services/pubsub/servers
Jun 29, 2026 09:45:00.052 [548505940192] DEBUG - [HttpClient/HCl#24] HTTP/1.1 (0.1s) 200 response from GET https://plex.tv/services/pubsub/servers (reused)
Jun 29, 2026 09:45:00.669 [548480372960] DEBUG - NetworkInterface: received Netlink message len=440, type=RTM_NEWLINK, flags=0x0
Jun 29, 2026 09:45:00.669 [548480372960] DEBUG - NetworkInterface: Netlink information message family=7, type=1, index=1244, flags=0x11043, change=0x0
Jun 29, 2026 09:45:00.669 [548480372960] DEBUG - Network change.
Jun 29, 2026 09:45:00.669 [548480372960] DEBUG - NetworkInterface: Notified of network changed (force=0)
Jun 29, 2026 09:45:00.670 [548480372960] DEBUG - Network change notification but nothing changed.
Jun 29, 2026 09:45:01.107 [548444512480] DEBUG - [PubsubServerManager/process] Time to connect to pubsub14.pop.fra.plex.bz was 106 ms.
Jun 29, 2026 09:45:01.107 [548444512480] DEBUG - [PubsubServerManager/process] Time to connect to pubsub08.pop.fra.plex.bz was 107 ms.
Jun 29, 2026 09:45:01.107 [548444512480] DEBUG - [PubsubServerManager/process] Time to connect to pubsub05.pop.lhr.plex.bz was 114 ms.
Jun 29, 2026 09:45:01.107 [548444512480] DEBUG - [PubsubServerManager/process] Time to connect to pubsub06.pop.ewr.plex.bz was 314 ms.
Jun 29, 2026 09:45:01.107 [548444512480] DEBUG - [PubsubServerManager/process] Time to connect to pubsub03.pop.yyz.plex.bz was 341 ms.
Jun 29, 2026 09:45:01.107 [548444512480] DEBUG - [PubsubServerManager/process] Time to connect to pubsub01.pop.atl.plex.bz was 356 ms.
Jun 29, 2026 09:45:01.107 [548444512480] DEBUG - [PubsubServerManager/process] Time to connect to pubsub02.pop.dfw.plex.bz was 386 ms.
Jun 29, 2026 09:45:01.107 [548444512480] DEBUG - [PubsubServerManager/process] Time to connect to pubsub04.pop.sin.plex.bz was 452 ms.
Jun 29, 2026 09:45:01.107 [548444512480] DEBUG - [PubsubServerManager/process] Time to connect to pubsub05.pop.fmt.plex.bz was 505 ms.
Jun 29, 2026 09:45:01.107 [548444512480] DEBUG - [PubsubServerManager/process] Time to connect to pubsub02.pop.hnd.plex.bz was 825 ms.
Jun 29, 2026 09:45:01.108 [548444512480] DEBUG - [PubsubServerManager/process] Updating best ping time for pubsub14.pop.fra.plex.bz to 106 ms.
Jun 29, 2026 09:45:01.177 [548480372960] DEBUG - NetworkInterface: received Netlink message len=440, type=RTM_NEWLINK, flags=0x0
Jun 29, 2026 09:45:01.177 [548480372960] DEBUG - NetworkInterface: Netlink information message family=7, type=1, index=1246, flags=0x11043, change=0x0
Jun 29, 2026 09:45:01.177 [548480372960] DEBUG - Network change.
Jun 29, 2026 09:45:01.177 [548480372960] DEBUG - NetworkInterface: Notified of network changed (force=0)
Jun 29, 2026 09:45:01.178 [548480372960] DEBUG - Network change notification but nothing changed.
Jun 29, 2026 09:45:01.311 [548505940192] DEBUG - [HttpClient/HCl#1d] HTTP/1.1 (2.4s) 200 response from POST http://127.0.0.1:32600/devices/discover
Jun 29, 2026 09:45:01.433 [548480372960] DEBUG - NetworkInterface: received Netlink message len=440, type=RTM_NEWLINK, flags=0x0
Jun 29, 2026 09:45:01.433 [548480372960] DEBUG - NetworkInterface: Netlink information message family=7, type=1, index=1248, flags=0x11043, change=0x0
Jun 29, 2026 09:45:01.433 [548480372960] DEBUG - Network change.
Jun 29, 2026 09:45:01.433 [548480372960] DEBUG - NetworkInterface: Notified of network changed (force=0)
Jun 29, 2026 09:45:01.434 [548480372960] DEBUG - Network change notification but nothing changed.
Jun 29, 2026 09:45:02.386 [548448731360] DEBUG - [MediaProviderManager/MetadataAgentManager] Found media provider for agent provider 'tv.plex.agents.movie' with source URI 'provider://tv.plex.provider.metadata'
Jun 29, 2026 09:45:02.386 [548448731360] DEBUG - [MediaProviderManager/MetadataAgentManager] Found media provider for agent provider 'tv.plex.agents.series' with source URI 'provider://tv.plex.provider.metadata'
Jun 29, 2026 09:45:02.386 [548448731360] DEBUG - [MediaProviderManager/MetadataAgentManager] Found media provider for agent provider 'tv.plex.agents.music' with source URI 'provider://tv.plex.provider.metadata'
Jun 29, 2026 09:45:02.387 [548448731360] DEBUG - [MediaProviderManager/MetadataAgentManager] Found media provider for agent provider 'org.musicbrainz.agents.music' with source URI 'provider://tv.plex.provider.metadata'
Jun 29, 2026 09:45:02.387 [548448731360] DEBUG - [MediaProviderManager/MetadataAgentManager] Found media provider for agent provider 'tv.plex.agents.nfo.movie' with source URI 'provider://tv.plex.provider.metadata'
Jun 29, 2026 09:45:02.387 [548448731360] DEBUG - [MediaProviderManager/MetadataAgentManager] Found media provider for agent provider 'tv.plex.agents.nfo.series' with source URI 'provider://tv.plex.provider.metadata'
Jun 29, 2026 09:45:02.500 [548486701280] DEBUG - NAT: UPnP, found device <http://192.168.1.1:47733/60fdacb1/IGDV1/rootDesc.xml> with private address <192.168.1.137>
Jun 29, 2026 09:45:03.511 [548497248480] DEBUG - NAT: UPnP, usable device <http://192.168.1.1:47733/60fdacb1/IGDV1/rootDesc.xml> with private address <192.168.1.137>.
Jun 29, 2026 09:45:04.440 [548442403040] DEBUG - Grabber: Cleaning up orphaned grabs.
Jun 29, 2026 09:45:04.440 [548442403040] DEBUG - Grabber: Cleaned up 0 decrepit directories in 0.0 sec.
Jun 29, 2026 09:45:04.441 [548442403040] DEBUG - Activity: registered new activity b62050fd-57a4-494d-ba86-f0f3252055d8 - "Processing subscriptions"
Jun 29, 2026 09:45:04.441 [548442403040] DEBUG - Subscription: Scheduling subscriptions.
Jun 29, 2026 09:45:04.441 [548442403040] DEBUG - Subscription: Initialized 0 schedulers.
Jun 29, 2026 09:45:04.441 [548442403040] DEBUG - Subscription: Starting with 0 grabs, scheduled 0 active ones preemptively.
Jun 29, 2026 09:45:04.441 [548442403040] DEBUG - Subscription: Scheduled all subscriptions in 0 ms.
Jun 29, 2026 09:45:04.442 [548442403040] DEBUG - Activity: Ended activity b62050fd-57a4-494d-ba86-f0f3252055d8.
Jun 29, 2026 09:45:04.442 [548442403040] DEBUG - Subscription: There are 0 active grabs at the end.
Jun 29, 2026 09:45:04.442 [548442403040] DEBUG - Activity: Ended activity 33fe5054-f43d-48a2-8a21-9d9491cc595c.
Jun 29, 2026 09:45:04.442 [548442403040] DEBUG - Subscription: Refreshed all content in 2 ms.
Jun 29, 2026 09:45:04.948 [548525301984] DEBUG - [HCl#25] HTTP requesting GET https://plex.tv/api/resources.xml?includeHttps=1&includeRelay=1&auth_token=xxxxxxxxxxxxxxxxxxxx
Jun 29, 2026 09:45:05.117 [548505940192] DEBUG - [HttpClient/HCl#25] HTTP/1.1 (0.2s) 200 response from GET https://plex.tv/api/resources.xml?includeHttps=1&includeRelay=1&auth_token=xxxxxxxxxxxxxxxxxxxx (reused)
Jun 29, 2026 09:45:05.118 [548525301984] DEBUG - Connection Tester: Testing the server NarPi with 3 URLs.
Jun 29, 2026 09:45:05.118 [548525301984] DEBUG - [HCl#26] HTTP requesting GET https://192-168-1-137.42d74e781a474cc387fa31062de3e045.plex.direct:32400
Jun 29, 2026 09:45:05.119 [548525301984] DEBUG - [HCl#27] HTTP requesting GET https://172-22-0-1.42d74e781a474cc387fa31062de3e045.plex.direct:32400
Jun 29, 2026 09:45:05.119 [548525301984] DEBUG - [HCl#28] HTTP requesting GET https://37-15-102-100.42d74e781a474cc387fa31062de3e045.plex.direct:17397
Jun 29, 2026 09:45:05.121 [548515557600] WARN - [CERT] TLS connection from [::ffff:192.168.1.137]:39066 came in with unrecognized plex.direct SNI name '192-168-1-137.42d74e781a474cc387fa31062de3e045.plex.direct'; using installed plex.direct cert
Jun 29, 2026 09:45:05.134 [548517667040] WARN - [CERT] TLS connection from [::ffff:192.168.1.1]:42512 came in with unrecognized plex.direct SNI name '37-15-102-100.42d74e781a474cc387fa31062de3e045.plex.direct'; using installed plex.direct cert
Jun 29, 2026 09:45:05.135 [548505940192] WARN - [HttpClient/HCl#26] HTTP error requesting GET https://192-168-1-137.42d74e781a474cc387fa31062de3e045.plex.direct:32400 (60, SSL peer certificate or SSH remote key was not OK) (SSL: no alternative certificate subject name matches target host name '192-168-1-137.42d74e781a474cc387fa31062de3e045.plex.direct')
Jun 29, 2026 09:45:05.151 [548505940192] WARN - [HttpClient/HCl#28] HTTP error requesting GET https://37-15-102-100.42d74e781a474cc387fa31062de3e045.plex.direct:17397 (60, SSL peer certificate or SSH remote key was not OK) (SSL: no alternative certificate subject name matches target host name '37-15-102-100.42d74e781a474cc387fa31062de3e045.plex.direct')
Jun 29, 2026 09:45:05.587 [548497248480] DEBUG - NAT: UPnP, mapped port 14340 to 192.168.1.137:32400.
Jun 29, 2026 09:45:05.587 [548497248480] DEBUG - PublicAddressManager: Mapping succeeded for 192.168.1.137:14340.
Jun 29, 2026 09:45:05.588 [548497248480] DEBUG - MyPlex: Updating device connections (from timer: 0)
Jun 29, 2026 09:45:05.588 [548497248480] DEBUG - [HCl#29] HTTP requesting PUT https://plex.tv/devices/852d69654ed685d07d2d7f072dec0b61ea7d12ba?Connection[][uri]=http://192.168.1.137:32400&Connection[][uri]=http://172.26.0.1:32400&httpsEnabled=1&httpsRequired=0&dnsRebindingProtection=0&natLoopbackSupported=0&X-Plex-Token=xxxxxxxxxxxxxxxxxxxx
Jun 29, 2026 09:45:05.726 [548505940192] DEBUG - [HttpClient/HCl#29] HTTP/1.1 (0.1s) 200 response from PUT https://plex.tv/devices/852d69654ed685d07d2d7f072dec0b61ea7d12ba?Connection[][uri]=http://192.168.1.137:32400&Connection[][uri]=http://172.26.0.1:32400&httpsEnabled=1&httpsRequired=0&dnsRebindingProtection=0&natLoopbackSupported=0&X-Plex-Token=xxxxxxxxxxxxxxxxxxxx (reused)
Jun 29, 2026 09:45:06.614 [548486701280] DEBUG - NAT: UPnP, usable device <http://192.168.1.1:47733/60fdacb1/IGDV1/rootDesc.xml> with private address <192.168.1.137>.
Jun 29, 2026 09:45:08.647 [548486701280] DEBUG - NAT: UPnP, public address is 37.15.102.100
Jun 29, 2026 09:45:08.649 [548486701280] DEBUG - [HCl#2a] HTTP requesting GET https://37-15-102-100.ccb2c4e91d6740a0a256b1b320f70b48.plex.direct:14340/identity
Jun 29, 2026 09:45:08.680 [548495139040] DEBUG - Request: [192.168.1.1:51626 (Subnet)] GET /identity (3 live) #22 TLS GZIP Signed-in
Jun 29, 2026 09:45:08.728 [548505940192] DEBUG - [HttpClient/HCl#2a] HTTP/1.1 (0.1s) 200 response from GET https://37-15-102-100.ccb2c4e91d6740a0a256b1b320f70b48.plex.direct:14340/identity
Jun 29, 2026 09:45:08.729 [548517667040] DEBUG - Completed: [192.168.1.1:51626] 200 GET /identity (3 live) #22 TLS GZIP 48ms 487 bytes (pipelined: 1)
Jun 29, 2026 09:45:08.730 [548486701280] DEBUG - MyPlex: mapping state set to 'Mapped - Not Published'.
Jun 29, 2026 09:45:08.730 [548486701280] DEBUG - MyPlex: sendMapping resetting state - previous mapping state: 'Mapped - Not Published'.
Jun 29, 2026 09:45:08.730 [548486701280] DEBUG - MyPlex: mapping state set to 'Unknown'.
Jun 29, 2026 09:45:08.733 [548486701280] DEBUG - MyPlex: Sending Server Info to myPlex (user=nmatas53@gmail.com, ip=37.15.102.100, port=14340)
Jun 29, 2026 09:45:08.734 [548486701280] DEBUG - [HCl#2b] HTTP requesting POST https://plex.tv/servers.xml?auth_token=xxxxxxxxxxxxxxxxxxxx
Jun 29, 2026 09:45:08.917 [548505940192] DEBUG - [HttpClient/HCl#2b] HTTP/1.1 (0.2s) 201 response from POST https://plex.tv/servers.xml?auth_token=xxxxxxxxxxxxxxxxxxxx (reused)
Jun 29, 2026 09:45:08.917 [548486701280] DEBUG - MyPlex: Published Mapping State response was 201
Jun 29, 2026 09:45:08.917 [548486701280] DEBUG - MyPlex: Got response for 852d69654ed685d07d2d7f072dec0b61ea7d12ba ~ registered 37.15.102.100:14340
Jun 29, 2026 09:45:08.917 [548486701280] DEBUG - MyPlex: updating mapped state - current state: 'Mapped - Not Published'
Jun 29, 2026 09:45:08.917 [548486701280] DEBUG - MyPlex: mapping state set to 'Mapped - Publishing'.
Jun 29, 2026 09:45:08.917 [548486701280] DEBUG - MyPlex: async reachability check - current mapped state: 'Mapped - Publishing'.
Jun 29, 2026 09:45:08.917 [548486701280] DEBUG - MyPlex: Requesting reachability check.
Jun 29, 2026 09:45:08.918 [548486701280] DEBUG - [HCl#2c] HTTP requesting PUT https://plex.tv/api/servers/852d69654ed685d07d2d7f072dec0b61ea7d12ba/connectivity?X-Plex-Token=xxxxxxxxxxxxxxxxxxxx&asyncIdentifier=72a0405c-5728-4e2b-82e6-bff96c9f465d
Jun 29, 2026 09:45:09.029 [548505940192] DEBUG - [HttpClient/HCl#2c] HTTP/1.1 (0.1s) 200 response from PUT https://plex.tv/api/servers/852d69654ed685d07d2d7f072dec0b61ea7d12ba/connectivity?X-Plex-Token=xxxxxxxxxxxxxxxxxxxx&asyncIdentifier=72a0405c-5728-4e2b-82e6-bff96c9f465d (reused)
Jun 29, 2026 09:45:09.031 [548486701280] DEBUG - MyPlex: Updating device connections (from timer: 0)
Jun 29, 2026 09:45:09.031 [548486701280] DEBUG - [HCl#2d] HTTP requesting PUT https://plex.tv/devices/852d69654ed685d07d2d7f072dec0b61ea7d12ba?Connection[][uri]=http://37.15.102.100:14340&Connection[][uri]=http://192.168.1.137:32400&Connection[][uri]=http://172.26.0.1:32400&httpsEnabled=1&httpsRequired=0&dnsRebindingProtection=0&natLoopbackSupported=1&X-Plex-Token=xxxxxxxxxxxxxxxxxxxx
Jun 29, 2026 09:45:09.195 [548505940192] DEBUG - [HttpClient/HCl#2d] HTTP/1.1 (0.2s) 200 response from PUT https://plex.tv/devices/852d69654ed685d07d2d7f072dec0b61ea7d12ba?Connection[][uri]=http://37.15.102.100:14340&Connection[][uri]=http://192.168.1.137:32400&Connection[][uri]=http://172.26.0.1:32400&httpsEnabled=1&httpsRequired=0&dnsRebindingProtection=0&natLoopbackSupported=1&X-Plex-Token=xxxxxxxxxxxxxxxxxxxx (reused)
Jun 29, 2026 09:45:09.308 [548495139040] DEBUG - Request: [44.207.218.81:51726 (WAN)] GET /identity (4 live) #27 TLS Signed-in
Jun 29, 2026 09:45:09.308 [548515557600] DEBUG - Completed: [44.207.218.81:51726] 200 GET /identity (4 live) #27 TLS 0ms 418 bytes (pipelined: 1)
Jun 29, 2026 09:45:09.507 [548517667040] DEBUG - [EventSourceClient/pubsub/pubsub14.pop.fra.plex.bz:443] EventSource: Got event [data] '<Message address="37.15.102.100" port="14340" asyncIdentifier="72a0405c-5728-4e2b-82e6-bff96c9f465d" connectivity="1" command="notifyConnectivity"/>'
Jun 29, 2026 09:45:09.507 [548517667040] DEBUG - [EventSourceClient/pubsub/pubsub14.pop.fra.plex.bz:443] PubSub: Got notified of reachability for async identifier 72a0405c-5728-4e2b-82e6-bff96c9f465d: 1 for 37.15.102.100:14340 (responded in 477 ms)
Jun 29, 2026 09:45:09.507 [548517667040] DEBUG - [EventSourceClient/pubsub/pubsub14.pop.fra.plex.bz:443] MyPlex: reachability check - current mapping state: 'Mapped - Publishing'.
Jun 29, 2026 09:45:09.507 [548517667040] DEBUG - [EventSourceClient/pubsub/pubsub14.pop.fra.plex.bz:443] MyPlex: mapping state set to 'Mapped'.
Jun 29, 2026 09:45:10.123 [548505940192] DEBUG - [HttpClient/HCl#27] HTTP simulating 408 after curl timeout
Jun 29, 2026 09:45:10.123 [548486701280] WARN - Connection Tester: Error testing media server NarPi in 5005 ms.
Jun 29, 2026 09:45:10.123 [548486701280] DEBUG - PromiseQueue: promise resolved (queued: 0, active: 0)
Jun 29, 2026 09:45:10.123 [548525301984] DEBUG - Media Server: Tested all servers in 5.0 seconds.
Jun 29, 2026 09:45:18.732 [548525301984] DEBUG - [HCl#2f] HTTP requesting GET https://plex.tv/api/v2/shared_sources/owned?machineIdentifier=852d69654ed685d07d2d7f072dec0b61ea7d12ba
Jun 29, 2026 09:45:18.845 [548505940192] DEBUG - [HttpClient/HCl#2f] HTTP/1.1 (0.1s) 200 response from GET https://plex.tv/api/v2/shared_sources/owned?machineIdentifier=852d69654ed685d07d2d7f072dec0b61ea7d12ba (reused)
Jun 29, 2026 09:45:18.846 [548525301984] DEBUG - [HCl#30] HTTP requesting GET https://plex.tv/api/v2/server/access_tokens?auth_token=xxxxxxxxxxxxxxxxxxxx
Jun 29, 2026 09:45:19.003 [548505940192] DEBUG - [HttpClient/HCl#30] HTTP/1.1 (0.2s) 200 response from GET https://plex.tv/api/v2/server/access_tokens?auth_token=xxxxxxxxxxxxxxxxxxxx (reused)
Jun 29, 2026 09:45:19.004 [548525301984] DEBUG - MyPlex: updating with 5 access tokens
Jun 29, 2026 09:45:19.004 [548525301984] DEBUG - [HCl#31] HTTP requesting GET https://plex.tv/api/v2/server/users?auth_token=xxxxxxxxxxxxxxxxxxxx
Jun 29, 2026 09:45:19.119 [548505940192] DEBUG - [HttpClient/HCl#31] HTTP/1.1 (0.1s) 200 response from GET https://plex.tv/api/v2/server/users?auth_token=xxxxxxxxxxxxxxxxxxxx (reused)
Jun 29, 2026 09:45:19.120 [548490920160] DEBUG - [HCl#32] HTTP requesting GET https://plex.tv/api/v2/server/users/subscriptions?auth_token=xxxxxxxxxxxxxxxxxxxx
Jun 29, 2026 09:45:19.237 [548505940192] DEBUG - [HttpClient/HCl#32] HTTP/1.1 (0.1s) 200 response from GET https://plex.tv/api/v2/server/users/subscriptions?auth_token=xxxxxxxxxxxxxxxxxxxx (reused)
Jun 29, 2026 09:45:19.238 [548490920160] DEBUG - MyPlex: using cached data for request for https://plex.tv/api/v2/server/users/services?auth_token=xxxxxxxxxxxxxxxxxxxx
Jun 29, 2026 09:45:22.004 [548525301984] DEBUG - [MediaProviderManager] Refreshing media providers
Jun 29, 2026 09:45:22.005 [548525301984] DEBUG - [MediaProviderManager/Response::fetch/HCl#33] HTTP requesting GET https://plex.tv/media/providers
Jun 29, 2026 09:45:22.129 [548505940192] DEBUG - [HttpClient/HCl#33] HTTP/1.1 (0.1s) 200 response from GET https://plex.tv/media/providers (reused)
Jun 29, 2026 09:45:22.129 [548525301984] DEBUG - [MediaProviderManager] discovered cloud provider (Movies & Shows)
Jun 29, 2026 09:45:22.129 [548525301984] DEBUG - [MediaProviderManager] discovered cloud provider (Metadata)
Jun 29, 2026 09:45:22.129 [548525301984] DEBUG - [MediaProviderManager] loading cloud provider details (Metadata) (alive: 1)
Jun 29, 2026 09:45:22.129 [548525301984] DEBUG - [MediaProviderManager] loading cloud provider details (Movies & Shows) (alive: 1)
Jun 29, 2026 09:45:22.129 [548525301984] DEBUG - [MediaProviderManager] we had 2 cloud providers online, we now have 2
Jun 29, 2026 09:45:22.129 [548525301984] DEBUG - [MediaProviderManager] cloud provider (Metadata) is online and available
Jun 29, 2026 09:45:22.130 [548525301984] DEBUG - [MediaProviderManager] cloud provider (Movies & Shows) is online and available
Jun 29, 2026 09:45:22.130 [548525301984] DEBUG - [MediaProviderManager] Media provider refresh complete
Jun 29, 2026 09:45:24.440 [548476154080] DEBUG - [NSB/SSDP] Parsing SSDP schema for http://192.168.1.1:49152/wps_device.xml
Jun 29, 2026 09:45:39.456 [548505940192] DEBUG - [HttpClient/HCl#34] HTTP simulating 408 after curl timeout
Jun 29, 2026 09:45:39.457 [548476154080] DEBUG - [NSB/SSDP] Parsing SSDP schema for http://192.168.1.143:8008/ssdp/device-desc.xml
Jun 29, 2026 09:45:39.471 [548505940192] DEBUG - [HttpClient/HCl#35] HTTP/1.1 (0.0s) 200 response from GET http://192.168.1.143:8008/ssdp/device-desc.xml
Jun 29, 2026 09:45:39.471 [548476154080] DEBUG - [NSB/SSDP] found 1 SSDP devices via http://192.168.1.143:8008/ssdp/device-desc.xml
Jun 29, 2026 09:45:39.471 [548476154080] DEBUG - [NSB/SSDP] SSDP arrived: 192.168.1.143 (FentTV)
Jun 29, 2026 09:46:27.453 [548476154080] DEBUG - [NSB/SSDP] Parsing SSDP schema for http://192.168.1.1:49152/wps_device.xml
Jun 29, 2026 09:46:42.469 [548505940192] DEBUG - [HttpClient/HCl#36] HTTP simulating 408 after curl timeout
Jun 29, 2026 09:46:48.422 [548497248480] DEBUG - BPQ: [Starting] -> [Processing]
Jun 29, 2026 09:46:48.424 [548497248480] DEBUG - BPQ: generating queue items from 0 generator(s)
Jun 29, 2026 09:46:48.424 [548497248480] DEBUG - BPQ: generated 0 item(s) for queue
Jun 29, 2026 09:46:48.425 [548497248480] DEBUG - BPQ: [Processing] -> [Idle]
Jun 29, 2026 09:46:54.373 [548495139040] DEBUG - Request: [127.0.0.1:58716 (Loopback)] GET /servers (2 live) #2f GZIP Signed-in Token (narcsm)
Jun 29, 2026 09:46:54.375 [548515557600] DEBUG - Completed: [127.0.0.1:58716] 200 GET /servers (2 live) #2f GZIP 1ms 490 bytes
Jun 29, 2026 09:46:54.385 [548495139040] DEBUG - Request: [127.0.0.1:58732 (Loopback)] GET / (2 live) #34 GZIP Signed-in Token (narcsm)
Jun 29, 2026 09:46:54.389 [548517667040] DEBUG - Completed: [127.0.0.1:58732] 200 GET / (2 live) #34 GZIP 4ms 4113 bytes
Jun 29, 2026 09:46:54.401 [548495139040] DEBUG - Request: [127.0.0.1:58744 (Loopback)] GET /library/sections (2 live) #36 GZIP Signed-in Token (narcsm)
Jun 29, 2026 09:46:54.410 [548515557600] DEBUG - Completed: [127.0.0.1:58744] 200 GET /library/sections (2 live) #36 GZIP 9ms 811 bytes
Jun 29, 2026 09:46:54.419 [548495139040] DEBUG - Request: [127.0.0.1:58760 (Loopback)] GET /channels/all (2 live) #38 GZIP Signed-in Token (narcsm)
Jun 29, 2026 09:46:54.420 [548515557600] DEBUG - Completed: [127.0.0.1:58760] 200 GET /channels/all (2 live) #38 GZIP 1ms 387 bytes
Jun 29, 2026 09:46:54.432 [548495139040] DEBUG - Request: [127.0.0.1:58762 (Loopback)] GET /library/sections (2 live) #3a GZIP Signed-in Token (narcsm)
Jun 29, 2026 09:46:54.434 [548517667040] DEBUG - Completed: [127.0.0.1:58762] 200 GET /library/sections (2 live) #3a GZIP 1ms 811 bytes
Jun 29, 2026 09:46:54.440 [548495139040] DEBUG - Request: [127.0.0.1:58776 (Loopback)] GET /channels/all (2 live) #3c GZIP Signed-in Token (narcsm)
Jun 29, 2026 09:46:54.441 [548515557600] DEBUG - Completed: [127.0.0.1:58776] 200 GET /channels/all (2 live) #3c GZIP 1ms 387 bytes
Jun 29, 2026 09:47:18.949 [548486701280] DEBUG - [ViewStateSync] Starting
Jun 29, 2026 09:47:18.949 [548486701280] DEBUG - [ViewStateSync] Fetching user tokens
Jun 29, 2026 09:47:18.949 [548486701280] DEBUG - [ViewStateSync/HCl#37] HTTP requesting GET https://plex.tv/api/v2/server/users/services?auth_token=xxxxxxxxxxxxxxxxxxxx
Jun 29, 2026 09:47:19.274 [548505940192] DEBUG - [HttpClient/HCl#37] HTTP/1.1 (0.3s) 200 response from GET https://plex.tv/api/v2/server/users/services?auth_token=xxxxxxxxxxxxxxxxxxxx
Jun 29, 2026 09:47:19.277 [548497248480] DEBUG - [ViewStateSync] Got token for user 1 (narcsm)
Jun 29, 2026 09:47:19.278 [548497248480] DEBUG - [ViewStateSync/HCl#38] HTTP requesting GET https://plex.tv/api/v2/server/users/664757223/view_state_sync
Jun 29, 2026 09:47:19.393 [548505940192] DEBUG - [HttpClient/HCl#38] HTTP/1.1 (0.1s) 200 response from GET https://plex.tv/api/v2/server/users/664757223/view_state_sync (reused)
Jun 29, 2026 09:47:19.394 [548497248480] DEBUG - [ViewStateSync] Starting for user 1
Jun 29, 2026 09:47:19.394 [548497248480] DEBUG - [ViewStateSync] Sending state
Jun 29, 2026 09:47:19.394 [548497248480] DEBUG - [ViewStateSync] All state sent
Jun 29, 2026 09:47:19.395 [548497248480] DEBUG - [ViewStateSync] Getting state
Jun 29, 2026 09:47:19.395 [548497248480] DEBUG - [ViewStateSync/HCl#39] HTTP requesting GET https://scrobbles.plex.tv/state/664757223?after=MTc4MjY2NjYyNjEyMi02YTQxNTU4MjEyY2Q2MjM5YWQ1NWJmY2Q%3D&count=100
Jun 29, 2026 09:47:19.520 [548505940192] DEBUG - [HttpClient/HCl#39] HTTP/2.0 (0.1s) 200 response from GET https://scrobbles.plex.tv/state/664757223?after=MTc4MjY2NjYyNjEyMi02YTQxNTU4MjEyY2Q2MjM5YWQ1NWJmY2Q%3D&count=100
Jun 29, 2026 09:47:19.520 [548497248480] DEBUG - [ViewStateSync] Reading 0 states
Jun 29, 2026 09:47:19.520 [548497248480] DEBUG - [ViewStateSync] Done getting states
Jun 29, 2026 09:47:19.521 [548497248480] DEBUG - [ViewStateSync] Finished
Jun 29, 2026 09:47:24.439 [548476154080] DEBUG - [NSB/SSDP] Parsing SSDP schema for http://192.168.1.1:49152/wps_device.xml
