Jul 11, 2026 02:15:36.853 [547834482168] INFO - Plex Media Scanner v1.43.2.10687-563d026ea - Docker Docker Container (LinuxServer.io) aarch64 - build: linux-aarch64 - GMT 02:00
Jul 11, 2026 02:15:36.853 [547834482168] INFO - Linux version: 6.18.34+rpt-rpi-v8, language: en-US
Jul 11, 2026 02:15:36.854 [547834482168] INFO - Processor: 4-core ARM Cortex-A72
Jul 11, 2026 02:15:36.854 [547834482168] INFO - /usr/lib/plexmediaserver/Plex Media Scanner --analyze-deeply --item 18 --log-file-suffix  Deep Analysis
Jul 11, 2026 02:15:36.855 [547930128440] DEBUG - Opening 20 database sessions to library (com.plexapp.plugins.library), SQLite 3.39.4, threadsafe=1
Jul 11, 2026 02:15:37.091 [547930128440] DEBUG - [MI] Opening input file: "/data/medios/Pelis/Dune (2021)/Dune (2026).mkv"
Jul 11, 2026 02:15:37.091 [547930128440] DEBUG - [FFMPEG] - Opening '/data/medios/Pelis/Dune (2021)/Dune (2026).mkv' for reading
Jul 11, 2026 02:15:37.091 [547930128440] DEBUG - [FFMPEG] - Setting default whitelist 'file,crypto,data'
Jul 11, 2026 02:15:37.092 [547930128440] DEBUG - [FFMPEG] - Format matroska,webm probed with size=2048 and score=100
Jul 11, 2026 02:15:37.092 [547930128440] DEBUG - [FFMPEG] - Unknown entry 0x437D at pos. 5990
Jul 11, 2026 02:15:37.092 [547930128440] DEBUG - [FFMPEG] - Unknown entry 0x437D at pos. 6036
Jul 11, 2026 02:15:37.092 [547930128440] DEBUG - [FFMPEG] - Unknown entry 0x437D at pos. 6083
Jul 11, 2026 02:15:37.092 [547930128440] DEBUG - [FFMPEG] - Unknown entry 0x437D at pos. 6130
Jul 11, 2026 02:15:37.092 [547930128440] DEBUG - [FFMPEG] - Unknown entry 0x437D at pos. 6177
Jul 11, 2026 02:15:37.092 [547930128440] DEBUG - [FFMPEG] - Unknown entry 0x437D at pos. 6224
Jul 11, 2026 02:15:37.092 [547930128440] DEBUG - [FFMPEG] - Unknown entry 0x437D at pos. 6271
Jul 11, 2026 02:15:37.092 [547930128440] DEBUG - [FFMPEG] - Unknown entry 0x437D at pos. 6318
Jul 11, 2026 02:15:37.092 [547930128440] DEBUG - [FFMPEG] - Unknown entry 0x437D at pos. 6365
Jul 11, 2026 02:15:37.092 [547930128440] DEBUG - [FFMPEG] - Unknown entry 0x437D at pos. 6412
Jul 11, 2026 02:15:37.092 [547930128440] DEBUG - [FFMPEG] - Unknown entry 0x437D at pos. 6459
Jul 11, 2026 02:15:37.092 [547930128440] DEBUG - [FFMPEG] - Unknown entry 0x437D at pos. 6506
Jul 11, 2026 02:15:37.092 [547930128440] DEBUG - [FFMPEG] - Unknown entry 0x437D at pos. 6553
Jul 11, 2026 02:15:37.092 [547930128440] DEBUG - [FFMPEG] - Unknown entry 0x437D at pos. 6600
Jul 11, 2026 02:15:37.092 [547930128440] DEBUG - [FFMPEG] - Unknown entry 0x437D at pos. 6647
Jul 11, 2026 02:15:37.092 [547930128440] DEBUG - [FFMPEG] - Unknown entry 0x437D at pos. 6694
Jul 11, 2026 02:15:37.092 [547930128440] DEBUG - [FFMPEG] - Unknown entry 0x437D at pos. 6741
Jul 11, 2026 02:15:37.092 [547930128440] DEBUG - [FFMPEG] - st:0 removing common factor 1000000 from timebase
Jul 11, 2026 02:15:37.092 [547930128440] DEBUG - [FFMPEG] - st:1 removing common factor 1000000 from timebase
Jul 11, 2026 02:15:37.092 [547930128440] DEBUG - [FFMPEG] - st:2 removing common factor 1000000 from timebase
Jul 11, 2026 02:15:37.092 [547930128440] DEBUG - [FFMPEG] - st:3 removing common factor 1000000 from timebase
Jul 11, 2026 02:15:37.092 [547930128440] DEBUG - [FFMPEG] - st:4 removing common factor 1000000 from timebase
Jul 11, 2026 02:15:37.092 [547930128440] DEBUG - [FFMPEG] - st:5 removing common factor 1000000 from timebase
Jul 11, 2026 02:15:37.092 [547930128440] DEBUG - [FFMPEG] - Before avformat_find_stream_info() pos: 6854 bytes read:34776 seeks:2 nb_streams:6
Jul 11, 2026 02:15:37.094 [547930128440] DEBUG - [FFMPEG] - nal_unit_type: 7(SPS), nal_ref_idc: 3
Jul 11, 2026 02:15:37.094 [547930128440] DEBUG - [FFMPEG] - Decoding VUI
Jul 11, 2026 02:15:37.094 [547930128440] DEBUG - [FFMPEG] - nal_unit_type: 8(PPS), nal_ref_idc: 3
Jul 11, 2026 02:15:37.095 [547930128440] DEBUG - [FFMPEG] - nal_unit_type: 7(SPS), nal_ref_idc: 3
Jul 11, 2026 02:15:37.095 [547930128440] DEBUG - [FFMPEG] - Decoding VUI
Jul 11, 2026 02:15:37.095 [547930128440] DEBUG - [FFMPEG] - nal_unit_type: 8(PPS), nal_ref_idc: 3
Jul 11, 2026 02:15:37.095 [547930128440] DEBUG - [FFMPEG] - nal_unit_type: 6(SEI), nal_ref_idc: 0
Jul 11, 2026 02:15:37.095 [547930128440] DEBUG - [FFMPEG] - nal_unit_type: 5(IDR), nal_ref_idc: 3
Jul 11, 2026 02:15:37.095 [547930128440] DEBUG - [FFMPEG] - Format yuv420p chosen by get_format().
Jul 11, 2026 02:15:37.100 [547930128440] DEBUG - [FFMPEG] - no picture 
Jul 11, 2026 02:15:37.104 [547930128440] DEBUG - [FFMPEG] - nal_unit_type: 1(Coded slice of a non-IDR picture), nal_ref_idc: 2
Jul 11, 2026 02:15:37.108 [547930128440] DEBUG - [FFMPEG] - no picture 
Jul 11, 2026 02:15:37.113 [547930128440] DEBUG - [FFMPEG] - nal_unit_type: 1(Coded slice of a non-IDR picture), nal_ref_idc: 2
Jul 11, 2026 02:15:37.123 [547930128440] DEBUG - [FFMPEG] - nal_unit_type: 1(Coded slice of a non-IDR picture), nal_ref_idc: 0
Jul 11, 2026 02:15:37.134 [547930128440] DEBUG - [FFMPEG] - nal_unit_type: 1(Coded slice of a non-IDR picture), nal_ref_idc: 0
Jul 11, 2026 02:15:37.145 [547930128440] DEBUG - [FFMPEG] - nal_unit_type: 1(Coded slice of a non-IDR picture), nal_ref_idc: 2
Jul 11, 2026 02:15:37.149 [547930128440] DEBUG - [FFMPEG] - nal_unit_type: 1(Coded slice of a non-IDR picture), nal_ref_idc: 2
Jul 11, 2026 02:15:37.156 [547930128440] DEBUG - [FFMPEG] - nal_unit_type: 1(Coded slice of a non-IDR picture), nal_ref_idc: 0
Jul 11, 2026 02:15:37.162 [547930128440] DEBUG - [FFMPEG] - nal_unit_type: 1(Coded slice of a non-IDR picture), nal_ref_idc: 0
Jul 11, 2026 02:15:37.169 [547930128440] DEBUG - [FFMPEG] - All info found
Jul 11, 2026 02:15:37.172 [547930128440] DEBUG - [FFMPEG] - After avformat_find_stream_info() pos: 79853 bytes read:133080 seeks:2 frames:42
Jul 11, 2026 02:15:39.278 [547930128440] DEBUG - Deep Analysis: Read 10000 packets at 115.204000
Jul 11, 2026 02:15:41.380 [547930128440] DEBUG - Deep Analysis: Read 20000 packets at 230.848000
Jul 11, 2026 02:15:43.162 [547930128440] DEBUG - Deep Analysis: Read 30000 packets at 345.845000
Jul 11, 2026 02:15:45.450 [547930128440] DEBUG - Deep Analysis: Read 40000 packets at 461.120000
Jul 11, 2026 02:15:47.567 [547930128440] DEBUG - Deep Analysis: Read 50000 packets at 576.128000
Jul 11, 2026 02:15:49.807 [547930128440] DEBUG - Deep Analysis: Read 60000 packets at 691.296000
Jul 11, 2026 02:15:51.945 [547930128440] DEBUG - Deep Analysis: Read 70000 packets at 806.400000
Jul 11, 2026 02:15:54.138 [547930128440] DEBUG - Deep Analysis: Read 80000 packets at 921.120000
Jul 11, 2026 02:15:56.203 [547930128440] DEBUG - Deep Analysis: Read 90000 packets at 1036.256000
Jul 11, 2026 02:15:58.649 [547930128440] DEBUG - Deep Analysis: Read 100000 packets at 1151.136000
Jul 11, 2026 02:16:00.736 [547930128440] DEBUG - Deep Analysis: Read 110000 packets at 1266.368000
Jul 11, 2026 02:16:02.747 [547930128440] DEBUG - Deep Analysis: Read 120000 packets at 1381.469000
Jul 11, 2026 02:16:04.375 [547930128440] DEBUG - Deep Analysis: Read 130000 packets at 1496.832000
Jul 11, 2026 02:16:06.105 [547930128440] DEBUG - Deep Analysis: Read 140000 packets at 1611.936000
Jul 11, 2026 02:16:08.060 [547930128440] DEBUG - Deep Analysis: Read 150000 packets at 1726.897000
Jul 11, 2026 02:16:10.556 [547930128440] DEBUG - Deep Analysis: Read 160000 packets at 1842.208000
Jul 11, 2026 02:16:13.304 [547930128440] DEBUG - Deep Analysis: Read 170000 packets at 1957.408000
Jul 11, 2026 02:16:15.511 [547930128440] DEBUG - Deep Analysis: Read 180000 packets at 2072.960000
Jul 11, 2026 02:16:18.425 [547930128440] DEBUG - Deep Analysis: Read 190000 packets at 2188.150000
Jul 11, 2026 02:16:20.952 [547930128440] DEBUG - Deep Analysis: Read 200000 packets at 2303.181000
Jul 11, 2026 02:16:23.538 [547930128440] DEBUG - Deep Analysis: Read 210000 packets at 2418.880000
Jul 11, 2026 02:16:25.269 [547930128440] DEBUG - Deep Analysis: Read 220000 packets at 2533.888000
Jul 11, 2026 02:16:27.277 [547930128440] DEBUG - Deep Analysis: Read 230000 packets at 2649.056000
Jul 11, 2026 02:16:29.428 [547930128440] DEBUG - Deep Analysis: Read 240000 packets at 2764.224000
Jul 11, 2026 02:16:31.201 [547930128440] DEBUG - Deep Analysis: Read 250000 packets at 2879.360000
Jul 11, 2026 02:16:33.017 [547930128440] DEBUG - Deep Analysis: Read 260000 packets at 2994.240000
Jul 11, 2026 02:16:35.495 [547930128440] DEBUG - Deep Analysis: Read 270000 packets at 3109.056000
Jul 11, 2026 02:16:37.556 [547930128440] DEBUG - Deep Analysis: Read 280000 packets at 3224.000000
Jul 11, 2026 02:16:39.546 [547930128440] DEBUG - Deep Analysis: Read 290000 packets at 3338.752000
Jul 11, 2026 02:16:41.624 [547930128440] DEBUG - Deep Analysis: Read 300000 packets at 3453.632000
Jul 11, 2026 02:16:43.723 [547930128440] DEBUG - Deep Analysis: Read 310000 packets at 3568.403000
Jul 11, 2026 02:16:46.292 [547930128440] DEBUG - Deep Analysis: Read 320000 packets at 3683.744000
Jul 11, 2026 02:16:48.695 [547930128440] DEBUG - Deep Analysis: Read 330000 packets at 3798.304000
Jul 11, 2026 02:16:51.463 [547930128440] DEBUG - Deep Analysis: Read 340000 packets at 3913.664000
Jul 11, 2026 02:16:54.172 [547930128440] DEBUG - Deep Analysis: Read 350000 packets at 4028.738000
Jul 11, 2026 02:16:56.530 [547930128440] DEBUG - Deep Analysis: Read 360000 packets at 4143.812000
Jul 11, 2026 02:16:58.407 [547930128440] DEBUG - Deep Analysis: Read 370000 packets at 4259.424000
Jul 11, 2026 02:17:00.545 [547930128440] DEBUG - Deep Analysis: Read 380000 packets at 4374.584000
Jul 11, 2026 02:17:02.770 [547930128440] DEBUG - Deep Analysis: Read 390000 packets at 4489.574000
Jul 11, 2026 02:17:04.443 [547930128440] DEBUG - Deep Analysis: Read 400000 packets at 4604.981000
Jul 11, 2026 02:17:06.138 [547930128440] DEBUG - Deep Analysis: Read 410000 packets at 4720.832000
Jul 11, 2026 02:17:08.744 [547930128440] DEBUG - Deep Analysis: Read 420000 packets at 4836.128000
Jul 11, 2026 02:17:11.000 [547930128440] DEBUG - Deep Analysis: Read 430000 packets at 4951.968000
Jul 11, 2026 02:17:13.007 [547930128440] DEBUG - Deep Analysis: Read 440000 packets at 5066.901000
Jul 11, 2026 02:17:15.090 [547930128440] DEBUG - Deep Analysis: Read 450000 packets at 5182.391000
Jul 11, 2026 02:17:17.344 [547930128440] DEBUG - Deep Analysis: Read 460000 packets at 5298.016000
Jul 11, 2026 02:17:19.377 [547930128440] DEBUG - Deep Analysis: Read 470000 packets at 5413.312000
Jul 11, 2026 02:17:21.005 [547930128440] DEBUG - Deep Analysis: Read 480000 packets at 5528.928000
Jul 11, 2026 02:17:22.914 [547930128440] DEBUG - Deep Analysis: Read 490000 packets at 5644.064000
Jul 11, 2026 02:17:25.179 [547930128440] DEBUG - Deep Analysis: Read 500000 packets at 5759.424000
Jul 11, 2026 02:17:27.347 [547930128440] DEBUG - Deep Analysis: Read 510000 packets at 5875.040000
Jul 11, 2026 02:17:29.776 [547930128440] DEBUG - Deep Analysis: Read 520000 packets at 5990.198000
Jul 11, 2026 02:17:31.960 [547930128440] DEBUG - Deep Analysis: Read 530000 packets at 6105.632000
Jul 11, 2026 02:17:33.943 [547930128440] DEBUG - Deep Analysis: Read 540000 packets at 6221.152000
Jul 11, 2026 02:17:35.987 [547930128440] DEBUG - Deep Analysis: Read 550000 packets at 6336.256000
Jul 11, 2026 02:17:38.208 [547930128440] DEBUG - Deep Analysis: Read 560000 packets at 6451.392000
Jul 11, 2026 02:17:40.378 [547930128440] DEBUG - Deep Analysis: Read 570000 packets at 6566.528000
Jul 11, 2026 02:17:43.031 [547930128440] DEBUG - Deep Analysis: Read 580000 packets at 6681.764000
Jul 11, 2026 02:17:45.705 [547930128440] DEBUG - Deep Analysis: Read 590000 packets at 6797.344000
Jul 11, 2026 02:17:47.971 [547930128440] DEBUG - Deep Analysis: Read 600000 packets at 6912.832000
Jul 11, 2026 02:17:50.569 [547930128440] DEBUG - Deep Analysis: Read 610000 packets at 7028.193000
Jul 11, 2026 02:17:53.277 [547930128440] DEBUG - Deep Analysis: Read 620000 packets at 7143.680000
Jul 11, 2026 02:17:55.098 [547930128440] DEBUG - Deep Analysis: Read 630000 packets at 7258.816000
Jul 11, 2026 02:17:57.815 [547930128440] DEBUG - Deep Analysis: Read 640000 packets at 7374.205000
Jul 11, 2026 02:18:00.449 [547930128440] DEBUG - Deep Analysis: Read 650000 packets at 7489.821000
Jul 11, 2026 02:18:02.840 [547930128440] DEBUG - Deep Analysis: Read 660000 packets at 7605.472000
Jul 11, 2026 02:18:05.289 [547930128440] DEBUG - Deep Analysis: Read 670000 packets at 7720.640000
Jul 11, 2026 02:18:06.852 [547930128440] DEBUG - Deep Analysis: Read 680000 packets at 7835.968000
Jul 11, 2026 02:18:08.450 [547930128440] DEBUG - Deep Analysis: Read 690000 packets at 7951.552000
Jul 11, 2026 02:18:10.082 [547930128440] DEBUG - Deep Analysis: Read 700000 packets at 8066.528000
Jul 11, 2026 02:18:11.964 [547930128440] DEBUG - Deep Analysis: Read 710000 packets at 8181.728000
Jul 11, 2026 02:18:13.861 [547930128440] DEBUG - Deep Analysis: Read 720000 packets at 8296.544000
Jul 11, 2026 02:18:16.176 [547930128440] DEBUG - Deep Analysis: Read 730000 packets at 8411.825000
Jul 11, 2026 02:18:18.162 [547930128440] DEBUG - Deep Analysis: Read 740000 packets at 8527.680000
Jul 11, 2026 02:18:20.614 [547930128440] DEBUG - Deep Analysis: Read 750000 packets at 8642.976000
Jul 11, 2026 02:18:22.616 [547930128440] DEBUG - Deep Analysis: Read 760000 packets at 8758.046000
Jul 11, 2026 02:18:25.185 [547930128440] DEBUG - Deep Analysis: Read 770000 packets at 8873.537000
Jul 11, 2026 02:18:26.412 [547930128440] DEBUG - Deep Analysis: Read 780000 packets at 8989.319000
Jul 11, 2026 02:18:28.111 [547930128440] DEBUG - Deep Analysis: Read 790000 packets at 9105.184000
Jul 11, 2026 02:18:30.054 [547930128440] DEBUG - Deep Analysis: Read 800000 packets at 9220.736000
Jul 11, 2026 02:18:31.813 [547930128440] DEBUG - Deep Analysis: Sorting packets
Jul 11, 2026 02:18:31.892 [547930128440] DEBUG - Deep Analysis: Performing file bitrate analysis
Jul 11, 2026 02:18:32.105 [547930128440] DEBUG - Deep Analysis: Performing stream bitrate analysis on stream 0
Jul 11, 2026 02:18:32.188 [547930128440] DEBUG - Deep Analysis: Performing stream bitrate analysis on stream 1
Jul 11, 2026 02:18:32.252 [547930128440] DEBUG - Deep Analysis: Performing stream bitrate analysis on stream 2
Jul 11, 2026 02:18:32.302 [547930128440] DEBUG - Deep Analysis: Performing stream bitrate analysis on stream 3
Jul 11, 2026 02:18:32.306 [547930128440] DEBUG - Deep Analysis: Performing stream bitrate analysis on stream 4
Jul 11, 2026 02:18:32.311 [547930128440] DEBUG - Deep Analysis: Performing stream bitrate analysis on stream 5
Jul 11, 2026 02:18:32.318 [547930128440] DEBUG - Deep Analysis: Saving GoP analysis for stream 0
Jul 11, 2026 02:18:32.323 [547930128440] DEBUG - Deep Analysis: Saving bitrate analysis
Jul 11, 2026 02:18:32.324 [547930128440] DEBUG - Updating part with ID=17 [/data/medios/Pelis/Dune (2021)/Dune (2026).mkv]
Jul 11, 2026 02:18:32.333 [547930128440] DEBUG - [MI] Closing input file: "/data/medios/Pelis/Dune (2021)/Dune (2026).mkv"
Jul 11, 2026 02:18:32.336 [547930128440] DEBUG - Updating media item 17, size=5935021653, metadata_item_id=18
Jul 11, 2026 02:18:32.336 [547930128440] DEBUG - Updating part with ID=17 [/data/medios/Pelis/Dune (2021)/Dune (2026).mkv]
