Jun 29, 2026 02:08:46.325 [548165135864] INFO - Plex Media Scanner v1.43.2.10687-563d026ea - Docker Docker Container (LinuxServer.io) aarch64 - build: linux-aarch64 - GMT 02:00
Jun 29, 2026 02:08:46.325 [548165135864] INFO - Linux version: 6.18.34+rpt-rpi-v8, language: en-US
Jun 29, 2026 02:08:46.325 [548165135864] INFO - Processor: 4-core ARM Cortex-A72
Jun 29, 2026 02:08:46.325 [548165135864] INFO - /usr/lib/plexmediaserver/Plex Media Scanner --analyze-deeply --item 3 --log-file-suffix  Deep Analysis
Jun 29, 2026 02:08:46.324 [548260782136] DEBUG - Opening 20 database sessions to library (com.plexapp.plugins.library), SQLite 3.39.4, threadsafe=1
Jun 29, 2026 02:08:46.560 [548260782136] DEBUG - [MI] Opening input file: "/data/medios/Series/Pluribus (2025)/Season 01/Pluribus (2025) - S01E01 - We Is Us (1080p ATVP WEB-DL x265 Ghost).mkv"
Jun 29, 2026 02:08:46.560 [548260782136] DEBUG - [FFMPEG] - Opening '/data/medios/Series/Pluribus (2025)/Season 01/Pluribus (2025) - S01E01 - We Is Us (1080p ATVP WEB-DL x265 Ghost).mkv' for reading
Jun 29, 2026 02:08:46.560 [548260782136] DEBUG - [FFMPEG] - Setting default whitelist 'file,crypto,data'
Jun 29, 2026 02:08:46.572 [548260782136] DEBUG - [FFMPEG] - Format matroska,webm probed with size=2048 and score=100
Jun 29, 2026 02:08:46.573 [548260782136] DEBUG - [FFMPEG] - Unknown entry 0x437D at pos. 11712
Jun 29, 2026 02:08:46.573 [548260782136] DEBUG - [FFMPEG] - Unknown entry 0x437D at pos. 11775
Jun 29, 2026 02:08:46.582 [548260782136] DEBUG - [FFMPEG] - st:0 removing common factor 1000000 from timebase
Jun 29, 2026 02:08:46.582 [548260782136] DEBUG - [FFMPEG] - st:1 removing common factor 1000000 from timebase
Jun 29, 2026 02:08:46.582 [548260782136] DEBUG - [FFMPEG] - st:2 removing common factor 1000000 from timebase
Jun 29, 2026 02:08:46.582 [548260782136] DEBUG - [FFMPEG] - st:3 removing common factor 1000000 from timebase
Jun 29, 2026 02:08:46.582 [548260782136] DEBUG - [FFMPEG] - st:4 removing common factor 1000000 from timebase
Jun 29, 2026 02:08:46.582 [548260782136] DEBUG - [FFMPEG] - st:5 removing common factor 1000000 from timebase
Jun 29, 2026 02:08:46.582 [548260782136] DEBUG - [FFMPEG] - st:6 removing common factor 1000000 from timebase
Jun 29, 2026 02:08:46.582 [548260782136] DEBUG - [FFMPEG] - st:7 removing common factor 1000000 from timebase
Jun 29, 2026 02:08:46.582 [548260782136] DEBUG - [FFMPEG] - st:8 removing common factor 1000000 from timebase
Jun 29, 2026 02:08:46.582 [548260782136] DEBUG - [FFMPEG] - st:9 removing common factor 1000000 from timebase
Jun 29, 2026 02:08:46.582 [548260782136] DEBUG - [FFMPEG] - st:10 removing common factor 1000000 from timebase
Jun 29, 2026 02:08:46.582 [548260782136] DEBUG - [FFMPEG] - st:11 removing common factor 1000000 from timebase
Jun 29, 2026 02:08:46.582 [548260782136] DEBUG - [FFMPEG] - st:12 removing common factor 1000000 from timebase
Jun 29, 2026 02:08:46.582 [548260782136] DEBUG - [FFMPEG] - st:13 removing common factor 1000000 from timebase
Jun 29, 2026 02:08:46.582 [548260782136] DEBUG - [FFMPEG] - st:14 removing common factor 1000000 from timebase
Jun 29, 2026 02:08:46.582 [548260782136] DEBUG - [FFMPEG] - st:15 removing common factor 1000000 from timebase
Jun 29, 2026 02:08:46.582 [548260782136] DEBUG - [FFMPEG] - st:16 removing common factor 1000000 from timebase
Jun 29, 2026 02:08:46.582 [548260782136] DEBUG - [FFMPEG] - st:17 removing common factor 1000000 from timebase
Jun 29, 2026 02:08:46.582 [548260782136] DEBUG - [FFMPEG] - st:18 removing common factor 1000000 from timebase
Jun 29, 2026 02:08:46.583 [548260782136] DEBUG - [FFMPEG] - st:19 removing common factor 1000000 from timebase
Jun 29, 2026 02:08:46.583 [548260782136] DEBUG - [FFMPEG] - st:20 removing common factor 1000000 from timebase
Jun 29, 2026 02:08:46.583 [548260782136] DEBUG - [FFMPEG] - st:21 removing common factor 1000000 from timebase
Jun 29, 2026 02:08:46.583 [548260782136] DEBUG - [FFMPEG] - st:22 removing common factor 1000000 from timebase
Jun 29, 2026 02:08:46.583 [548260782136] DEBUG - [FFMPEG] - st:23 removing common factor 1000000 from timebase
Jun 29, 2026 02:08:46.583 [548260782136] DEBUG - [FFMPEG] - st:24 removing common factor 1000000 from timebase
Jun 29, 2026 02:08:46.583 [548260782136] DEBUG - [FFMPEG] - st:25 removing common factor 1000000 from timebase
Jun 29, 2026 02:08:46.583 [548260782136] DEBUG - [FFMPEG] - st:26 removing common factor 1000000 from timebase
Jun 29, 2026 02:08:46.583 [548260782136] DEBUG - [FFMPEG] - st:27 removing common factor 1000000 from timebase
Jun 29, 2026 02:08:46.583 [548260782136] DEBUG - [FFMPEG] - st:28 removing common factor 1000000 from timebase
Jun 29, 2026 02:08:46.583 [548260782136] DEBUG - [FFMPEG] - st:29 removing common factor 1000000 from timebase
Jun 29, 2026 02:08:46.583 [548260782136] DEBUG - [FFMPEG] - st:30 removing common factor 1000000 from timebase
Jun 29, 2026 02:08:46.583 [548260782136] DEBUG - [FFMPEG] - st:31 removing common factor 1000000 from timebase
Jun 29, 2026 02:08:46.583 [548260782136] DEBUG - [FFMPEG] - st:32 removing common factor 1000000 from timebase
Jun 29, 2026 02:08:46.583 [548260782136] DEBUG - [FFMPEG] - st:33 removing common factor 1000000 from timebase
Jun 29, 2026 02:08:46.583 [548260782136] DEBUG - [FFMPEG] - st:34 removing common factor 1000000 from timebase
Jun 29, 2026 02:08:46.583 [548260782136] DEBUG - [FFMPEG] - st:35 removing common factor 1000000 from timebase
Jun 29, 2026 02:08:46.583 [548260782136] DEBUG - [FFMPEG] - st:36 removing common factor 1000000 from timebase
Jun 29, 2026 02:08:46.583 [548260782136] DEBUG - [FFMPEG] - st:37 removing common factor 1000000 from timebase
Jun 29, 2026 02:08:46.583 [548260782136] DEBUG - [FFMPEG] - st:38 removing common factor 1000000 from timebase
Jun 29, 2026 02:08:46.583 [548260782136] DEBUG - [FFMPEG] - st:39 removing common factor 1000000 from timebase
Jun 29, 2026 02:08:46.583 [548260782136] DEBUG - [FFMPEG] - st:40 removing common factor 1000000 from timebase
Jun 29, 2026 02:08:46.583 [548260782136] DEBUG - [FFMPEG] - st:41 removing common factor 1000000 from timebase
Jun 29, 2026 02:08:46.583 [548260782136] DEBUG - [FFMPEG] - st:42 removing common factor 1000000 from timebase
Jun 29, 2026 02:08:46.583 [548260782136] DEBUG - [FFMPEG] - st:43 removing common factor 1000000 from timebase
Jun 29, 2026 02:08:46.584 [548260782136] DEBUG - [FFMPEG] - Before avformat_find_stream_info() pos: 11890 bytes read:47056 seeks:2 nb_streams:44
Jun 29, 2026 02:08:46.585 [548260782136] DEBUG - [FFMPEG] - nal_unit_type: 32(VPS), nuh_layer_id: 0, temporal_id: 0
Jun 29, 2026 02:08:46.593 [548260782136] DEBUG - [FFMPEG] - Decoding VPS
Jun 29, 2026 02:08:46.593 [548260782136] DEBUG - [FFMPEG] - Main 10 profile bitstream
Jun 29, 2026 02:08:46.593 [548260782136] DEBUG - [FFMPEG] - nal_unit_type: 33(SPS), nuh_layer_id: 0, temporal_id: 0
Jun 29, 2026 02:08:46.593 [548260782136] DEBUG - [FFMPEG] - Decoding SPS
Jun 29, 2026 02:08:46.593 [548260782136] DEBUG - [FFMPEG] - Main 10 profile bitstream
Jun 29, 2026 02:08:46.593 [548260782136] DEBUG - [FFMPEG] - Decoding VUI
Jun 29, 2026 02:08:46.593 [548260782136] DEBUG - [FFMPEG] - nal_unit_type: 34(PPS), nuh_layer_id: 0, temporal_id: 0
Jun 29, 2026 02:08:46.593 [548260782136] DEBUG - [FFMPEG] - Decoding PPS
Jun 29, 2026 02:08:46.593 [548260782136] DEBUG - [FFMPEG] - nal_unit_type: 39(SEI_PREFIX), nuh_layer_id: 0, temporal_id: 0
Jun 29, 2026 02:08:46.593 [548260782136] DEBUG - [FFMPEG] - Decoding SEI
Jun 29, 2026 02:08:46.595 [548260782136] DEBUG - [FFMPEG] - All info found
Jun 29, 2026 02:08:46.597 [548260782136] DEBUG - [FFMPEG] - After avformat_find_stream_info() pos: 64215 bytes read:112592 seeks:2 frames:19
Jun 29, 2026 02:08:49.866 [548260782136] DEBUG - Deep Analysis: Read 10000 packets at 161.760000
Jun 29, 2026 02:08:53.943 [548260782136] DEBUG - Deep Analysis: Read 20000 packets at 319.611000
Jun 29, 2026 02:08:56.670 [548260782136] DEBUG - Deep Analysis: Read 30000 packets at 467.872000
Jun 29, 2026 02:08:59.504 [548260782136] DEBUG - Deep Analysis: Read 40000 packets at 614.176000
Jun 29, 2026 02:09:02.130 [548260782136] DEBUG - Deep Analysis: Read 50000 packets at 764.256000
Jun 29, 2026 02:09:05.443 [548260782136] DEBUG - Deep Analysis: Read 60000 packets at 917.056000
Jun 29, 2026 02:09:08.205 [548260782136] DEBUG - Deep Analysis: Read 70000 packets at 1091.507000
Jun 29, 2026 02:09:11.331 [548260782136] DEBUG - Deep Analysis: Read 80000 packets at 1260.677000
Jun 29, 2026 02:09:13.169 [548260782136] DEBUG - Deep Analysis: Read 90000 packets at 1410.367000
Jun 29, 2026 02:09:15.374 [548260782136] DEBUG - Deep Analysis: Read 100000 packets at 1561.920000
Jun 29, 2026 02:09:18.038 [548260782136] DEBUG - Deep Analysis: Read 110000 packets at 1723.072000
Jun 29, 2026 02:09:21.296 [548260782136] DEBUG - Deep Analysis: Read 120000 packets at 1891.723000
Jun 29, 2026 02:09:25.040 [548260782136] DEBUG - Deep Analysis: Read 130000 packets at 2063.687000
Jun 29, 2026 02:09:28.534 [548260782136] DEBUG - Deep Analysis: Read 140000 packets at 2231.980000
Jun 29, 2026 02:09:31.865 [548260782136] DEBUG - Deep Analysis: Read 150000 packets at 2407.405000
Jun 29, 2026 02:09:33.932 [548260782136] DEBUG - Deep Analysis: Read 160000 packets at 2585.632000
Jun 29, 2026 02:09:36.975 [548260782136] DEBUG - Deep Analysis: Read 170000 packets at 2754.752000
Jun 29, 2026 02:09:39.791 [548260782136] DEBUG - Deep Analysis: Read 180000 packets at 2928.968000
Jun 29, 2026 02:09:42.493 [548260782136] DEBUG - Deep Analysis: Read 190000 packets at 3073.376000
Jun 29, 2026 02:09:45.341 [548260782136] DEBUG - Deep Analysis: Read 200000 packets at 3217.881000
Jun 29, 2026 02:09:46.713 [548260782136] DEBUG - Deep Analysis: Read 210000 packets at 3386.400000
Jun 29, 2026 02:09:46.734 [548260782136] DEBUG - Deep Analysis: Sorting packets
Jun 29, 2026 02:09:46.766 [548260782136] DEBUG - Deep Analysis: Performing file bitrate analysis
Jun 29, 2026 02:09:46.869 [548260782136] DEBUG - Deep Analysis: Performing stream bitrate analysis on stream 0
Jun 29, 2026 02:09:46.901 [548260782136] DEBUG - Deep Analysis: Performing stream bitrate analysis on stream 1
Jun 29, 2026 02:09:46.923 [548260782136] DEBUG - Deep Analysis: Performing stream bitrate analysis on stream 2
Jun 29, 2026 02:09:46.924 [548260782136] DEBUG - Deep Analysis: Performing stream bitrate analysis on stream 3
Jun 29, 2026 02:09:46.925 [548260782136] DEBUG - Deep Analysis: Performing stream bitrate analysis on stream 4
Jun 29, 2026 02:09:46.926 [548260782136] DEBUG - Deep Analysis: Performing stream bitrate analysis on stream 5
Jun 29, 2026 02:09:46.927 [548260782136] DEBUG - Deep Analysis: Performing stream bitrate analysis on stream 6
Jun 29, 2026 02:09:46.927 [548260782136] DEBUG - Deep Analysis: Performing stream bitrate analysis on stream 7
Jun 29, 2026 02:09:46.928 [548260782136] DEBUG - Deep Analysis: Performing stream bitrate analysis on stream 8
Jun 29, 2026 02:09:46.929 [548260782136] DEBUG - Deep Analysis: Performing stream bitrate analysis on stream 9
Jun 29, 2026 02:09:46.930 [548260782136] DEBUG - Deep Analysis: Performing stream bitrate analysis on stream 10
Jun 29, 2026 02:09:46.931 [548260782136] DEBUG - Deep Analysis: Performing stream bitrate analysis on stream 11
Jun 29, 2026 02:09:46.932 [548260782136] DEBUG - Deep Analysis: Performing stream bitrate analysis on stream 12
Jun 29, 2026 02:09:46.932 [548260782136] DEBUG - Deep Analysis: Performing stream bitrate analysis on stream 13
Jun 29, 2026 02:09:46.933 [548260782136] DEBUG - Deep Analysis: Performing stream bitrate analysis on stream 14
Jun 29, 2026 02:09:46.934 [548260782136] DEBUG - Deep Analysis: Performing stream bitrate analysis on stream 15
Jun 29, 2026 02:09:46.935 [548260782136] DEBUG - Deep Analysis: Performing stream bitrate analysis on stream 16
Jun 29, 2026 02:09:46.936 [548260782136] DEBUG - Deep Analysis: Performing stream bitrate analysis on stream 17
Jun 29, 2026 02:09:46.937 [548260782136] DEBUG - Deep Analysis: Performing stream bitrate analysis on stream 18
Jun 29, 2026 02:09:46.937 [548260782136] DEBUG - Deep Analysis: Performing stream bitrate analysis on stream 19
Jun 29, 2026 02:09:46.938 [548260782136] DEBUG - Deep Analysis: Performing stream bitrate analysis on stream 20
Jun 29, 2026 02:09:46.939 [548260782136] DEBUG - Deep Analysis: Performing stream bitrate analysis on stream 21
Jun 29, 2026 02:09:46.940 [548260782136] DEBUG - Deep Analysis: Performing stream bitrate analysis on stream 22
Jun 29, 2026 02:09:46.941 [548260782136] DEBUG - Deep Analysis: Performing stream bitrate analysis on stream 23
Jun 29, 2026 02:09:46.942 [548260782136] DEBUG - Deep Analysis: Performing stream bitrate analysis on stream 24
Jun 29, 2026 02:09:46.942 [548260782136] DEBUG - Deep Analysis: Performing stream bitrate analysis on stream 25
Jun 29, 2026 02:09:46.943 [548260782136] DEBUG - Deep Analysis: Performing stream bitrate analysis on stream 26
Jun 29, 2026 02:09:46.944 [548260782136] DEBUG - Deep Analysis: Performing stream bitrate analysis on stream 27
Jun 29, 2026 02:09:46.945 [548260782136] DEBUG - Deep Analysis: Performing stream bitrate analysis on stream 28
Jun 29, 2026 02:09:46.946 [548260782136] DEBUG - Deep Analysis: Performing stream bitrate analysis on stream 29
Jun 29, 2026 02:09:46.947 [548260782136] DEBUG - Deep Analysis: Performing stream bitrate analysis on stream 30
Jun 29, 2026 02:09:46.947 [548260782136] DEBUG - Deep Analysis: Performing stream bitrate analysis on stream 31
Jun 29, 2026 02:09:46.948 [548260782136] DEBUG - Deep Analysis: Performing stream bitrate analysis on stream 32
Jun 29, 2026 02:09:46.949 [548260782136] DEBUG - Deep Analysis: Performing stream bitrate analysis on stream 33
Jun 29, 2026 02:09:46.950 [548260782136] DEBUG - Deep Analysis: Performing stream bitrate analysis on stream 34
Jun 29, 2026 02:09:46.951 [548260782136] DEBUG - Deep Analysis: Performing stream bitrate analysis on stream 35
Jun 29, 2026 02:09:46.952 [548260782136] DEBUG - Deep Analysis: Performing stream bitrate analysis on stream 36
Jun 29, 2026 02:09:46.952 [548260782136] DEBUG - Deep Analysis: Performing stream bitrate analysis on stream 37
Jun 29, 2026 02:09:46.953 [548260782136] DEBUG - Deep Analysis: Performing stream bitrate analysis on stream 38
Jun 29, 2026 02:09:46.954 [548260782136] DEBUG - Deep Analysis: Performing stream bitrate analysis on stream 39
Jun 29, 2026 02:09:46.955 [548260782136] DEBUG - Deep Analysis: Performing stream bitrate analysis on stream 40
Jun 29, 2026 02:09:46.956 [548260782136] DEBUG - Deep Analysis: Performing stream bitrate analysis on stream 41
Jun 29, 2026 02:09:46.956 [548260782136] DEBUG - Deep Analysis: Performing stream bitrate analysis on stream 42
Jun 29, 2026 02:09:46.957 [548260782136] DEBUG - Deep Analysis: Performing stream bitrate analysis on stream 43
Jun 29, 2026 02:09:46.959 [548260782136] DEBUG - Deep Analysis: Saving GoP analysis for stream 0
Jun 29, 2026 02:09:46.960 [548260782136] DEBUG - Deep Analysis: Saving bitrate analysis
Jun 29, 2026 02:09:46.960 [548260782136] DEBUG - Updating part with ID=1 [/data/medios/Series/Pluribus (2025)/Season 01/Pluribus (2025) - S01E01 - We Is Us (1080p ATVP WEB-DL x265 Ghost).mkv]
Jun 29, 2026 02:09:47.234 [548260782136] DEBUG - [MI] Closing input file: "/data/medios/Series/Pluribus (2025)/Season 01/Pluribus (2025) - S01E01 - We Is Us (1080p ATVP WEB-DL x265 Ghost).mkv"
Jun 29, 2026 02:09:47.236 [548260782136] DEBUG - Updating media item 1, size=2022322999, metadata_item_id=3
Jun 29, 2026 02:09:47.236 [548260782136] DEBUG - Updating part with ID=1 [/data/medios/Series/Pluribus (2025)/Season 01/Pluribus (2025) - S01E01 - We Is Us (1080p ATVP WEB-DL x265 Ghost).mkv]
