2026-08-19 20:32:53,120 (7fb116f890) :  INFO (core:349) - Starting framework core - Version: 2.6.3, Build: 563d026 (Sat May 02 13:54:52 UTC 2026)
2026-08-19 20:32:53,121 (7fb116f890) :  DEBUG (core:361) - Using the elevated policy
2026-08-19 20:32:53,126 (7fb116f890) :  DEBUG (core:365) - Extending whitelist: ['cgi', 'tempfile']
2026-08-19 20:32:53,126 (7fb116f890) :  DEBUG (core:450) - Starting runtime component.
2026-08-19 20:32:53,136 (7fb116f890) :  DEBUG (core:450) - Starting caching component.
2026-08-19 20:32:53,137 (7fb116f890) :  DEBUG (core:450) - Starting data component.
2026-08-19 20:32:53,138 (7fb116f890) :  DEBUG (core:450) - Starting networking component.
2026-08-19 20:32:53,243 (7fb116f890) :  DEBUG (networking:262) - Loaded HTTP cookies
2026-08-19 20:32:53,576 (7fb116f890) :  DEBUG (networking:434) - Setting the default network timeout to 20.0
2026-08-19 20:32:53,578 (7fb116f890) :  DEBUG (core:450) - Starting localization component.
2026-08-19 20:32:53,578 (7fb116f890) :  INFO (localization:409) - Setting the default locale to en-us
2026-08-19 20:32:53,763 (7fb116f890) :  WARNING (data:179) - Error decoding with simplejson, using demjson instead (this will cause a performance hit) - Expecting property name enclosed in double quotes: line 26 column 1 (char 1078)
2026-08-19 20:32:53,769 (7fb116f890) :  DEBUG (localization:427) - Loaded en strings
2026-08-19 20:32:53,770 (7fb116f890) :  DEBUG (core:450) - Starting messaging component.
2026-08-19 20:32:53,770 (7fb116f890) :  DEBUG (core:450) - Starting debugging component.
2026-08-19 20:32:53,770 (7fb116f890) :  DEBUG (core:450) - Starting services component.
2026-08-19 20:32:53,771 (7fb116f890) :  DEBUG (core:450) - Starting myplex component.
2026-08-19 20:32:53,771 (7fb116f890) :  DEBUG (core:450) - Starting notifications component.
2026-08-19 20:32:54,984 (7fb116f890) :  DEBUG (accessor:68) - Creating a new model access point for provider com.plexapp.system in namespace 'metadata'
2026-08-19 20:32:55,080 (7fadb5db08) :  DEBUG (services:265) - Plug-in is not daemonized - loading services from system
2026-08-19 20:32:55,081 (7fb116f890) :  DEBUG (runtime:1117) - Created a thread named 'load_all_services'
2026-08-19 20:32:55,084 (7fb116f890) :  DEBUG (runtime:1117) - Created a thread named 'get_server_info'
2026-08-19 20:32:55,084 (7fb116f890) :  DEBUG (core:150) - Finished starting framework core
2026-08-19 20:32:55,085 (7fb116f890) :  DEBUG (core:560) - Loading plug-in code
2026-08-19 20:32:55,100 (7fadb5db08) :  DEBUG (networking:144) - Requesting 'http://127.0.0.1:32400/:/plugins/com.plexapp.system/messaging/function/X0J1bmRsZVNlcnZpY2U6QWxsU2VydmljZXM_/Y2VyZWFsMQoxCmxpc3QKMApyMAo_/Y2VyZWFsMQoxCmRpY3QKMApyMAo_'
2026-08-19 20:32:55,101 (7fadad7b08) :  DEBUG (networking:144) - Requesting 'http://127.0.0.1:32400'
2026-08-19 20:32:55,108 (7fadb5db08) :  ERROR (networking:197) - Error opening URL 'http://127.0.0.1:32400/:/plugins/com.plexapp.system/messaging/function/X0J1bmRsZVNlcnZpY2U6QWxsU2VydmljZXM_/Y2VyZWFsMQoxCmxpc3QKMApyMAo_/Y2VyZWFsMQoxCmRpY3QKMApyMAo_'
2026-08-19 20:32:55,110 (7fadad7b08) :  ERROR (networking:197) - Error opening URL 'http://127.0.0.1:32400'
2026-08-19 20:32:55,110 (7fadb5db08) :  ERROR (services:272) - Unable to load services from system. Loading from the current bundle only.
2026-08-19 20:32:55,111 (7fadad7b08) :  WARNING (core:541) - Unable to retrieve the machine identifier or server version.
2026-08-19 20:32:55,113 (7fadb5db08) :  DEBUG (services:362) - Loaded services
2026-08-19 20:32:55,123 (7fadafab08) :  DEBUG (services:438) - No shared code to load
2026-08-19 20:32:55,170 (7fb116f890) :  DEBUG (core:566) - Finished loading plug-in code
2026-08-19 20:32:55,170 (7fb116f890) :  DEBUG (runtime:640) - Adding a prefix handler for 'System' ('/system')
2026-08-19 20:32:57,597 (7fb116f890) :  INFO (__init__:35) - Starting System 563d026 (Sat May 02 13:54:52 UTC 2026)
2026-08-19 20:32:57,598 (7fb116f890) :  DEBUG (runtime:640) - Adding a prefix handler for 'Player' ('/player')
2026-08-19 20:32:57,746 (7fb116f890) :  INFO (datakit:93) - Loaded the dictionary file
2026-08-19 20:32:57,748 (7fb116f890) :  DEBUG (agentservice:52) - Starting the agent service
2026-08-19 20:32:58,186 (7fb116f890) :  DEBUG (accessor:68) - Creating a new model access point for provider com.plexapp.system in namespace 'metadata'
2026-08-19 20:32:58,227 (7fb116f890) :  DEBUG (bundleservice:65) - Starting the bundle service
2026-08-19 20:32:58,233 (7fb116f890) :  DEBUG (runtime:1117) - Created a thread named 'start'
2026-08-19 20:32:58,237 (7fb116f890) :  DEBUG (playerservice:12) - Starting the player service
2026-08-19 20:32:58,247 (7fb116f890) :  DEBUG (flagservice:13) - Starting the media flag service
2026-08-19 20:32:58,241 (7fad93fb08) :  DEBUG (runtime:1117) - Created a thread named 'ensure_agent_info_exists_inner'
2026-08-19 20:32:58,258 (7fb116f890) :  DEBUG (runtime:1117) - Created a thread named 'start'
2026-08-19 20:32:58,259 (7fb116f890) :  DEBUG (peerservice:141) - Starting the peer service
2026-08-19 20:32:58,268 (7fad8f9b08) :  DEBUG (peerservice:164) - Fetching the current list of servers
2026-08-19 20:32:58,269 (7fb116f890) :  DEBUG (runtime:1117) - Created a thread named 'refresh_servers'
2026-08-19 20:32:58,271 (7fb116f890) :  DEBUG (runtime:1150) - Scheduled a timed thread named 'refresh_servers'
2026-08-19 20:32:58,272 (7fb116f890) :  DEBUG (streamservice:18) - Starting the stream service
2026-08-19 20:32:58,272 (7fb116f890) :  CRITICAL (runtime:709) - Private handlers are no longer supported; couldn't register <bound method StreamService.token_handler of <streamservice.StreamService object at 0x7fade68a10>>
2026-08-19 20:32:58,274 (7fb116f890) :  DEBUG (runtime:1150) - Scheduled a timed thread named 'invalidation_timer'
2026-08-19 20:32:58,277 (7fb116f890) :  DEBUG (proxyservice:12) - Starting the proxy service
2026-08-19 20:32:58,283 (7fb116f890) :  DEBUG (runtime:1117) - Created a thread named 'update_attribution_flags_inner'
2026-08-19 20:32:58,284 (7fb116f890) :  INFO (core:611) - Started plug-in
2026-08-19 20:32:58,285 (7fb116f890) :  DEBUG (socketinterface:160) - Starting socket server
2026-08-19 20:32:58,294 (7fb116f890) :  DEBUG (runtime:1117) - Created a thread named 'start'
2026-08-19 20:32:58,295 (7fb116f890) :  INFO (socketinterface:184) - Socket server started on port 46591
2026-08-19 20:32:58,296 (7fb116f890) :  INFO (pipeinterface:25) - Entering run loop
2026-08-19 20:32:58,297 (7fb116f890) :  DEBUG (runtime:717) - Handling request GET /:/prefixes
2026-08-19 20:32:58,304 (7fb116f890) :  DEBUG (runtime:814) - Found route matching /:/prefixes
2026-08-19 20:32:58,307 (7fb116f890) :  DEBUG (runtime:924) - Response: [200] MediaContainer, 486 bytes
2026-08-19 20:32:58,312 (7fad8f9b08) :  DEBUG (networking:144) - Requesting 'http://127.0.0.1:32400/servers'
2026-08-19 20:32:58,319 (7fad8f9b08) :  ERROR (networking:197) - Error opening URL 'http://127.0.0.1:32400/servers'
2026-08-19 20:32:58,322 (7fad2ebb08) :  DEBUG (runtime:717) - Handling request GET /system/agents
2026-08-19 20:32:58,368 (7fad2ebb08) :  DEBUG (runtime:814) - Found route matching /system/agents
2026-08-19 20:32:58,376 (7fad8f9b08) :  CRITICAL (runtime:1128) - Exception in thread named 'refresh_servers' (most recent call last):
  File "/usr/lib/plexmediaserver/Resources/Plug-ins-563d026ea/Framework.bundle/Contents/Resources/Versions/2/Python/Framework/components/runtime.py", line 1126, in _start_thread
    f(*args, **kwargs)
  File "/usr/lib/plexmediaserver/Resources/Plug-ins-563d026ea/System.bundle/Contents/Code/peerservice.py", line 169, in refresh_servers
    servers_el = self.get_servers_el()
  File "/usr/lib/plexmediaserver/Resources/Plug-ins-563d026ea/System.bundle/Contents/Code/peerservice.py", line 165, in get_servers_el
    return XML.ElementFromURL('http://127.0.0.1:32400/servers', cacheTime = 0)
  File "/usr/lib/plexmediaserver/Resources/Plug-ins-563d026ea/Framework.bundle/Contents/Resources/Versions/2/Python/Framework/api/parsekit.py", line 344, in ElementFromURL
    method=method,
  File "/usr/lib/plexmediaserver/Resources/Plug-ins-563d026ea/Framework.bundle/Contents/Resources/Versions/2/Python/Framework/api/networkkit.py", line 67, in _http_request
    req = self._core.networking.http_request(url, *args, **kwargs)
  File "/usr/lib/plexmediaserver/Resources/Plug-ins-563d026ea/Framework.bundle/Contents/Resources/Versions/2/Python/Framework/components/networking.py", line 352, in http_request
    return HTTPRequest(self._core, url, data, h, url_cache, encoding, errors, timeout, immediate, sleep, opener, follow_redirects, method)
  File "/usr/lib/plexmediaserver/Resources/Plug-ins-563d026ea/Framework.bundle/Contents/Resources/Versions/2/Python/Framework/components/networking.py", line 119, in __init__
    self.load()
  File "/usr/lib/plexmediaserver/Resources/Plug-ins-563d026ea/Framework.bundle/Contents/Resources/Versions/2/Python/Framework/components/networking.py", line 159, in load
    f = self._opener.open(req, timeout=self._timeout)
  File "/usr/lib/plexmediaserver/Resources/Python/python27.zip/urllib2.py", line 435, in open
    response = meth(req, response)
  File "/usr/lib/plexmediaserver/Resources/Python/python27.zip/urllib2.py", line 548, in http_response
    'http', request, response, code, msg, hdrs)
  File "/usr/lib/plexmediaserver/Resources/Python/python27.zip/urllib2.py", line 473, in error
    return self._call_chain(*args)
  File "/usr/lib/plexmediaserver/Resources/Python/python27.zip/urllib2.py", line 407, in _call_chain
    result = func(*args)
  File "/usr/lib/plexmediaserver/Resources/Python/python27.zip/urllib2.py", line 556, in http_error_default
    raise HTTPError(req.get_full_url(), code, msg, hdrs, fp)
HTTPError: HTTP Error 503: Service Unavailable

2026-08-19 20:32:58,386 (7fad93fb08) :  DEBUG (runtime:1117) - Created a thread named 'ensure_agent_info_exists_inner'
2026-08-19 20:32:58,433 (7fad93fb08) :  DEBUG (runtime:1117) - Created a thread named 'ensure_agent_info_exists_inner'
2026-08-19 20:32:58,495 (7fad93fb08) :  DEBUG (runtime:1117) - Created a thread named 'ensure_agent_info_exists_inner'
2026-08-19 20:32:58,548 (7fad93fb08) :  DEBUG (runtime:1117) - Created a thread named 'ensure_agent_info_exists_inner'
2026-08-19 20:32:58,610 (7fad93fb08) :  DEBUG (runtime:1117) - Created a thread named 'ensure_agent_info_exists_inner'
2026-08-19 20:32:58,659 (7fad93fb08) :  DEBUG (runtime:1117) - Created a thread named 'ensure_agent_info_exists_inner'
2026-08-19 20:32:58,663 (7fad93fb08) :  DEBUG (runtime:1117) - Created a thread named 'ensure_agent_info_exists_inner'
2026-08-19 20:32:58,711 (7fad93fb08) :  INFO (bundleservice:131) - Found duplicate identifier at /usr/lib/plexmediaserver/Resources/Plug-ins-563d026ea/TheTVDBv4.bundle for bundled plugin (com.plexapp.agents.thetvdb), ignoring duplicate plugin.
2026-08-19 20:32:58,714 (7fad93fb08) :  DEBUG (runtime:1117) - Created a thread named 'ensure_agent_info_exists_inner'
2026-08-19 20:32:58,756 (7fad93fb08) :  DEBUG (runtime:1117) - Created a thread named 'ensure_agent_info_exists_inner'
2026-08-19 20:32:58,831 (7fad93fb08) :  DEBUG (runtime:1117) - Created a thread named 'ensure_agent_info_exists_inner'
2026-08-19 20:32:58,852 (7fad93fb08) :  DEBUG (runtime:1117) - Created a thread named 'ensure_agent_info_exists_inner'
2026-08-19 20:32:58,921 (7fad93fb08) :  DEBUG (runtime:1117) - Created a thread named 'ensure_agent_info_exists_inner'
2026-08-19 20:32:58,940 (7fad93fb08) :  DEBUG (runtime:1117) - Created a thread named 'remove_unavailable_agents'
2026-08-19 20:32:58,940 (7fad93fb08) :  DEBUG (bundleservice:81) - Started the bundle service
2026-08-19 20:32:58,952 (7fad91cb08) :  DEBUG (flagservice:46) - Started the media flag service
2026-08-19 20:32:58,971 (7fad84eb08) :  INFO (agentservice:129) - Agent info: {'com.plexapp.agents.fanarttv': [{'media_types': ['Movie'], 'primary_provider': False, 'fallback_agent': None, 'contributes_to': ['com.plexapp.agents.imdb', 'com.plexapp.agents.themoviedb'], 'has_attribution': True, 'languages': ['xn'], 'persist_stored_files': True, 'version': 0, 'accepts_from': None, 'prefs': True, 'name': 'Fanart.tv'}, {'media_types': ['TV_Show'], 'primary_provider': False, 'fallback_agent': None, 'contributes_to': ['com.plexapp.agents.thetvdb', 'com.plexapp.agents.themoviedb'], 'has_attribution': True, 'languages': ['xn'], 'persist_stored_files': True, 'version': 0, 'accepts_from': None, 'prefs': True, 'name': 'Fanart.tv'}, {'media_types': ['Artist'], 'primary_provider': False, 'fallback_agent': None, 'contributes_to': ['com.plexapp.agents.lastfm'], 'has_attribution': True, 'languages': ['xn'], 'persist_stored_files': True, 'version': 0, 'accepts_from': None, 'prefs': True, 'name': 'Fanart.tv'}, {'media_types': ['Album'], 'primary_provider': False, 'fallback_agent': None, 'contributes_to': ['com.plexapp.agents.lastfm'], 'has_attribution': True, 'languages': ['xn'], 'persist_stored_files': True, 'version': 0, 'accepts_from': None, 'prefs': True, 'name': 'Fanart.tv'}], 'com.plexapp.agents.none': [{'media_types': ['Movie'], 'primary_provider': True, 'fallback_agent': None, 'contributes_to': None, 'has_attribution': False, 'languages': ['xn'], 'persist_stored_files': True, 'version': 0, 'accepts_from': None, 'prefs': False, 'name': 'Personal Media'}, {'media_types': ['TV_Show'], 'primary_provider': True, 'fallback_agent': None, 'contributes_to': None, 'has_attribution': False, 'languages': ['xn'], 'persist_stored_files': True, 'version': 0, 'accepts_from': None, 'prefs': False, 'name': 'Personal Media Shows'}, {'media_types': ['Artist'], 'primary_provider': True, 'fallback_agent': None, 'contributes_to': None, 'has_attribution': False, 'languages': ['xn'], 'persist_stored_files': True, 'version': 0, 'accepts_from': None, 'prefs': False, 'name': 'Personal Media Artists'}, {'media_types': ['Album'], 'primary_provider': True, 'fallback_agent': None, 'contributes_to': None, 'has_attribution': False, 'languages': ['xn'], 'persist_stored_files': True, 'version': 0, 'accepts_from': None, 'prefs': False, 'name': 'Personal Media Albums'}, {'media_types': ['Photo'], 'primary_provider': True, 'fallback_agent': None, 'contributes_to': None, 'has_attribution': False, 'languages': ['en', 'ar', 'bg', 'ca', 'cs', 'cy', 'da', 'de', 'el', 'es', 'et', 'fa', 'fi', 'fr', 'he', 'hi', 'hr', 'ht', 'hu', 'id', 'it', 'ja', 'ko', 'lt', 'lv', 'ms', 'mt', 'nl', 'no', 'pl', 'pt', 'ro', 'ru', 'sk', 'sv', 'sl', 'sr', 'th', 'tr', 'uk', 'ur', 'vi', 'zh', 'xn'], 'persist_stored_files': True, 'version': 0, 'accepts_from': None, 'prefs': False, 'name': 'Photos'}], 'com.plexapp.agents.htbackdrops': [{'media_types': ['Artist'], 'primary_provider': False, 'fallback_agent': None, 'contributes_to': ['com.plexapp.agents.lastfm'], 'has_attribution': True, 'languages': ['ab', 'aa', 'af', 'ak', 'sq', 'am', 'ar', 'an', 'hy', 'as', 'av', 'ae', 'ay', 'az', 'bm', 'ba', 'eu', 'be', 'bn', 'bh', 'bi', 'bs', 'pb', 'br', 'bg', 'my', 'ca', 'ch', 'ce', 'ny', 'zh', 'cu', 'cv', 'kw', 'co', 'cr', 'hr', 'cs', 'da', 'dv', 'nl', 'dz', 'en', 'eo', 'et', 'ee', 'fo', 'fj', 'fi', 'fr', 'fy', 'ff', 'gd', 'gl', 'lg', 'ka', 'de', 'el', 'gn', 'gu', 'ht', 'ha', 'he', 'hz', 'hi', 'ho', 'hu', 'is', 'io', 'ig', 'id', 'ia', 'ie', 'iu', 'ik', 'ga', 'it', 'ja', 'jv', 'kl', 'kn', 'kr', 'ks', 'kk', 'km', 'ki', 'rw', 'ky', 'kv', 'kg', 'ko', 'kj', 'ku', 'lo', 'la', 'lv', 'li', 'ln', 'lt', 'lu', 'lb', 'mk', 'mg', 'ms', 'ml', 'mt', 'gv', 'mi', 'mr', 'mh', 'mo', 'mn', 'na', 'nv', 'ng', 'ne', 'xn', 'nd', 'no', 'nb', 'nn', 'oc', 'oj', 'or', 'om', 'os', 'pi', 'pa', 'fa', 'pl', 'pt', 'ps', 'qu', 'rm', 'ro', 'rn', 'ru', 'se', 'sm', 'sg', 'sa', 'sc', 'sr', 'sn', 'ii', 'sd', 'si', 'sk', 'sl', 'so', 'st', 'nr', 'es', 'su', 'sw', 'ss', 'sv', 'tl', 'ty', 'tg', 'ta', 'tt', 'te', 'th', 'bo', 'ti', 'to', 'ts', 'tn', 'tr', 'tk', 'tw', 'ug', 'uk', 'ur', 'uz', 've', 'vi', 'vo', 'wa', 'cy', 'wo', 'xh', 'yi', 'yo', 'za', 'zu'], 'persist_stored_files': True, 'version': 0, 'accepts_from': None, 'prefs': False, 'name': 'Home Theater Backdrops'}], 'com.plexapp.agents.imdb': [{'media_types': ['Movie'], 'accepts_from': ['com.plexapp.agents.localmedia'], 'fallback_agent': None, 'contributes_to': ['com.plexapp.agents.themoviedb'], 'has_attribution': True, 'languages': ['en', 'sv', 'fr', 'es', 'nl', 'de', 'it', 'da', 'ar', 'ca', 'zh', 'cs', 'et', 'fi', 'el', 'he', 'hi', 'hu', 'id', 'ja', 'ko', 'lv', 'no', 'fa', 'pl', 'pt', 'ro', 'ru', 'sk', 'th', 'tr', 'uk', 'vi'], 'persist_stored_files': True, 'version': 0, 'primary_provider': True, 'prefs': True, 'name': 'Plex Movie (Legacy)'}], 'com.plexapp.agents.lyricfind': [{'media_types': ['Album'], 'primary_provider': False, 'fallback_agent': None, 'contributes_to': ['com.plexapp.agents.lastfm', 'tv.plex.agents.music', 'org.musicbrainz.agents.music'], 'has_attribution': True, 'languages': ['xn'], 'persist_stored_files': True, 'version': 0, 'accepts_from': None, 'prefs': False, 'name': 'LyricFind'}], 'com.plexapp.agents.thetvdb': [{'media_types': ['TV_Show'], 'primary_provider': True, 'fallback_agent': None, 'contributes_to': None, 'has_attribution': True, 'languages': ['en', 'fr', 'zh', 'sv', 'no', 'da', 'fi', 'nl', 'de', 'it', 'es', 'pl', 'hu', 'el', 'tr', 'ru', 'he', 'ja', 'pt', 'cs', 'ko', 'sl', 'hr'], 'persist_stored_files': True, 'version': 0, 'accepts_from': None, 'prefs': True, 'name': 'TheTVDB'}], 'com.plexapp.agents.lastfm': [{'media_types': ['Artist'], 'primary_provider': True, 'fallback_agent': None, 'contributes_to': None, 'has_attribution': True, 'languages': ['en', 'sv', 'fr', 'es', 'de', 'pl', 'it', 'pt', 'ja', 'tr', 'ru', 'zh'], 'persist_stored_files': True, 'version': 0, 'accepts_from': None, 'prefs': True, 'name': 'Last.fm'}, {'media_types': ['Album'], 'primary_provider': True, 'fallback_agent': None, 'contributes_to': None, 'has_attribution': True, 'languages': ['en', 'sv', 'fr', 'es', 'de', 'pl', 'it', 'pt', 'ja', 'tr', 'ru', 'zh'], 'persist_stored_files': True, 'version': 0, 'accepts_from': None, 'prefs': True, 'name': 'Last.fm'}], 'org.musicbrainz.agents.music': [{'media_types': ['Artist'], 'primary_provider': True, 'fallback_agent': None, 'contributes_to': None, 'has_attribution': True, 'languages': ['en', 'ar', 'bg', 'zh', 'hr', 'cs', 'da', 'nl', 'fi', 'fr', 'de', 'el', 'hu', 'id', 'it', 'ja', 'ko', 'nn', 'pl', 'pt', 'ro', 'ru', 'sr', 'sk', 'es', 'sv', 'th', 'tr', 'vi', 'xx'], 'persist_stored_files': True, 'version': 0, 'accepts_from': None, 'prefs': True, 'name': 'Musicbrainz'}, {'media_types': ['Album'], 'primary_provider': True, 'fallback_agent': None, 'contributes_to': None, 'has_attribution': True, 'languages': ['en', 'ar', 'bg', 'zh', 'hr', 'cs', 'da', 'nl', 'fi', 'fr', 'de', 'el', 'hu', 'id', 'it', 'ja', 'ko', 'nn', 'pl', 'pt', 'ro', 'ru', 'sr', 'sk', 'es', 'sv', 'th', 'tr', 'vi', 'xx'], 'persist_stored_files': True, 'version': 0, 'accepts_from': None, 'prefs': True, 'name': 'Musicbrainz'}], 'com.plexapp.agents.themoviedb': [{'media_types': ['Movie'], 'primary_provider': True, 'fallback_agent': None, 'contributes_to': None, 'has_attribution': True, 'languages': ['en', 'cs', 'da', 'de', 'el', 'es', 'fi', 'fr', 'he', 'hr', 'hu', 'it', 'lv', 'lt', 'nl', 'no', 'pl', 'pt', 'ru', 'sk', 'sv', 'th', 'tr', 'vi', 'zh', 'ko'], 'persist_stored_files': True, 'version': 0, 'accepts_from': ['com.plexapp.agents.localmedia'], 'prefs': True, 'name': 'The Movie Database'}, {'media_types': ['TV_Show'], 'primary_provider': True, 'fallback_agent': None, 'contributes_to': ['com.plexapp.agents.thetvdb'], 'has_attribution': True, 'languages': ['en', 'cs', 'da', 'de', 'el', 'es', 'fi', 'fr', 'he', 'hr', 'hu', 'it', 'lv', 'lt', 'nl', 'no', 'pl', 'pt', 'ru', 'sk', 'sv', 'th', 'tr', 'vi', 'zh', 'ko'], 'persist_stored_files': True, 'version': 0, 'accepts_from': ['com.plexapp.agents.localmedia', 'com.plexapp.agents.thetvdb'], 'prefs': True, 'name': 'The Movie Database'}], 'com.plexapp.agents.movieposterdb': [{'media_types': ['Movie'], 'primary_provider': False, 'fallback_agent': None, 'contributes_to': ['com.plexapp.agents.imdb'], 'has_attribution': True, 'languages': ['xn'], 'persist_stored_files': True, 'version': 0, 'accepts_from': None, 'prefs': False, 'name': 'CineMaterial'}], 'com.plexapp.agents.localmedia': [{'media_types': ['Movie'], 'primary_provider': False, 'fallback_agent': None, 'contributes_to': ['com.plexapp.agents.imdb', 'com.plexapp.agents.none'], 'has_attribution': False, 'languages': ['xn'], 'persist_stored_files': False, 'version': 0, 'accepts_from': None, 'prefs': True, 'name': 'Local Media Assets (Movies)'}, {'media_types': ['TV_Show'], 'primary_provider': False, 'fallback_agent': None, 'contributes_to': ['com.plexapp.agents.thetvdb', 'com.plexapp.agents.none'], 'has_attribution': False, 'languages': ['xn'], 'persist_stored_files': False, 'version': 0, 'accepts_from': None, 'prefs': True, 'name': 'Local Media Assets (TV)'}, {'media_types': ['Artist'], 'primary_provider': False, 'fallback_agent': None, 'contributes_to': ['com.plexapp.agents.discogs', 'com.plexapp.agents.lastfm', 'com.plexapp.agents.plexmusic', 'com.plexapp.agents.none', 'tv.plex.agents.music', 'org.musicbrainz.agents.music'], 'has_attribution': False, 'languages': ['xn'], 'persist_stored_files': False, 'version': 0, 'accepts_from': None, 'prefs': True, 'name': 'Local Media Assets (Artists)'}, {'media_types': ['Artist'], 'primary_provider': False, 'fallback_agent': None, 'contributes_to': ['com.plexapp.agents.plexmusic'], 'has_attribution': False, 'languages': ['xn'], 'persist_stored_files': False, 'version': 2, 'accepts_from': None, 'prefs': True, 'name': 'Local Media Assets (Artists)'}, {'media_types': ['Album'], 'primary_provider': False, 'fallback_agent': None, 'contributes_to': ['com.plexapp.agents.discogs', 'com.plexapp.agents.lastfm', 'com.plexapp.agents.plexmusic', 'com.plexapp.agents.none', 'tv.plex.agents.music', 'org.musicbrainz.agents.music'], 'has_attribution': False, 'languages': ['xn'], 'persist_stored_files': False, 'version': 0, 'accepts_from': None, 'prefs': True, 'name': 'Local Media Assets (Albums)'}], 'com.plexapp.agents.plexthememusic': [{'media_types': ['TV_Show'], 'primary_provider': False, 'fallback_agent': None, 'contributes_to': ['com.plexapp.agents.thetvdb', 'com.plexapp.agents.thetvdbdvdorder', 'com.plexapp.agents.themoviedb'], 'has_attribution': False, 'languages': ['xn'], 'persist_stored_files': True, 'version': 0, 'accepts_from': None, 'prefs': False, 'name': 'Plex Theme Music'}]}
2026-08-19 20:32:59,008 (7fad2ebb08) :  DEBUG (runtime:1117) - Created a thread named 'ensure_agent_info_exists_inner'
2026-08-19 20:32:59,010 (7fad84eb08) :  INFO (datakit:131) - Saved the dictionary file
2026-08-19 20:32:59,036 (7fad8f9b08) :  DEBUG (runtime:1117) - Created a thread named 'ensure_agent_info_exists_inner'
2026-08-19 20:32:59,045 (7fad2ebb08) :  DEBUG (runtime:924) - Response: [200] MediaContainer, 8986 bytes
2026-08-19 20:33:01,815 (7fad91cb08) :  DEBUG (runtime:717) - Handling request GET /system/messaging/clear_events/com.plexapp.agents.imdb
2026-08-19 20:33:01,876 (7fad91cb08) :  DEBUG (runtime:814) - Found route matching /system/messaging/clear_events/com.plexapp.agents.imdb
2026-08-19 20:33:01,878 (7fad91cb08) :  DEBUG (runtime:88) - Sending packed state data (99 bytes)
2026-08-19 20:33:01,879 (7fad91cb08) :  DEBUG (runtime:924) - Response: [200] str, 0 bytes
2026-08-19 20:33:02,166 (7fad91cb08) :  DEBUG (runtime:717) - Handling request GET /:/plugins/com.plexapp.system/resourceHashes
2026-08-19 20:33:02,201 (7fad91cb08) :  DEBUG (runtime:814) - Found route matching /:/plugins/com.plexapp.system/resourceHashes
2026-08-19 20:33:02,223 (7fad91cb08) :  DEBUG (networking:144) - Requesting 'http://resources-cdn.plexapp.com/hashes.json'
2026-08-19 20:33:02,243 (7fad91cb08) :  CRITICAL (runtime:1299) - Exception getting hosted resource hashes (most recent call last):
  File "/usr/lib/plexmediaserver/Resources/Plug-ins-563d026ea/Framework.bundle/Contents/Resources/Versions/2/Python/Framework/components/runtime.py", line 1291, in get_resource_hashes
    json = self._core.networking.http_request("http://resources-cdn.plexapp.com/hashes.json", timeout=5).content
  File "/usr/lib/plexmediaserver/Resources/Plug-ins-563d026ea/Framework.bundle/Contents/Resources/Versions/2/Python/Framework/components/networking.py", line 243, in content
    return self.__str__()
  File "/usr/lib/plexmediaserver/Resources/Plug-ins-563d026ea/Framework.bundle/Contents/Resources/Versions/2/Python/Framework/components/networking.py", line 221, in __str__
    self.load()
  File "/usr/lib/plexmediaserver/Resources/Plug-ins-563d026ea/Framework.bundle/Contents/Resources/Versions/2/Python/Framework/components/networking.py", line 159, in load
    f = self._opener.open(req, timeout=self._timeout)
  File "/usr/lib/plexmediaserver/Resources/Python/python27.zip/urllib2.py", line 429, in open
    response = self._open(req, data)
  File "/usr/lib/plexmediaserver/Resources/Python/python27.zip/urllib2.py", line 447, in _open
    '_open', req)
  File "/usr/lib/plexmediaserver/Resources/Python/python27.zip/urllib2.py", line 407, in _call_chain
    result = func(*args)
  File "/usr/lib/plexmediaserver/Resources/Python/python27.zip/urllib2.py", line 1228, in http_open
    return self.do_open(httplib.HTTPConnection, req)
  File "/usr/lib/plexmediaserver/Resources/Python/python27.zip/urllib2.py", line 1198, in do_open
    raise URLError(err)
URLError: <urlopen error [Errno -2] Name does not resolve>

2026-08-19 20:33:02,245 (7fad91cb08) :  DEBUG (runtime:88) - Sending packed state data (99 bytes)
2026-08-19 20:33:02,246 (7fad91cb08) :  DEBUG (runtime:924) - Response: [404] NoneType, 0 bytes
2026-08-19 20:33:02,286 (7fad91cb08) :  DEBUG (runtime:717) - Handling request GET /:/plugins/com.plexapp.system/messaging/function/X0J1bmRsZVNlcnZpY2U6QWxsU2VydmljZXM_/Y2VyZWFsMQoxCmxpc3QKMApyMAo_/Y2VyZWFsMQoxCmRpY3QKMApyMAo_
2026-08-19 20:33:02,288 (7fad91cb08) :  DEBUG (runtime:49) - Received packed state data (80 bytes)
2026-08-19 20:33:02,291 (7fad91cb08) :  DEBUG (runtime:814) - Found route matching /:/plugins/com.plexapp.system/messaging/function/X0J1bmRsZVNlcnZpY2U6QWxsU2VydmljZXM_/Y2VyZWFsMQoxCmxpc3QKMApyMAo_/Y2VyZWFsMQoxCmRpY3QKMApyMAo_
2026-08-19 20:33:02,295 (7fad91cb08) :  DEBUG (runtime:88) - Sending packed state data (99 bytes)
2026-08-19 20:33:02,295 (7fad91cb08) :  DEBUG (runtime:924) - Response: [200] str, 516 bytes
2026-08-19 20:33:03,419 (7fad91cb08) :  DEBUG (runtime:717) - Handling request GET /system/notify/serverUpdated?host=127.0.0.1
2026-08-19 20:33:03,422 (7fad91cb08) :  DEBUG (runtime:814) - Found route matching /system/notify/serverUpdated
2026-08-19 20:33:03,423 (7fad91cb08) :  DEBUG (peerservice:386) - Handling server update notification (127.0.0.1)
2026-08-19 20:33:03,424 (7fad91cb08) :  DEBUG (peerservice:189) - Updating servers (True/False True/True/True)
2026-08-19 20:33:03,424 (7fad91cb08) :  DEBUG (peerservice:164) - Fetching the current list of servers
2026-08-19 20:33:03,425 (7fad91cb08) :  DEBUG (networking:144) - Requesting 'http://127.0.0.1:32400/servers'
2026-08-19 20:33:03,432 (7fad91cb08) :  DEBUG (peerservice:198) - Found 1 servers
2026-08-19 20:33:03,433 (7fad91cb08) :  DEBUG (peerservice:214) - Ignoring 852d69654ed685d07d2d7f072dec0b61ea7d12ba because host != 127.0.0.1 (192.168.1.137)
2026-08-19 20:33:03,435 (7fad91cb08) :  DEBUG (runtime:924) - Response: [200] str, 0 bytes
2026-08-19 20:33:04,034 (7fad93fb08) :  INFO (datakit:131) - Saved the dictionary file
2026-08-19 20:33:04,167 (7fad93fb08) :  DEBUG (runtime:717) - Handling request GET /:/plugins/com.plexapp.system/messaging/function/X0FnZW50U2VydmljZTpVcGRhdGVJbmZv/Y2VyZWFsMQoxCmxpc3QKMApyMAo_/Y2VyZWFsMQo3CmRpY3QKbGlzdApkaWN0Cmxpc3QKbGlzdApsaXN0Cmxpc3QKMgpzMjMKY29tLnBsZXhhcHAuYWdlbnRzLmltZGJzMTAKaWRlbnRpZmllcnIxCnMxMAphZ2VudF9pbmZvMQpyMgoxMApyMwpzMTEKbWVkaWFfdHlwZXNyNApzMTIKYWNjZXB0c19mcm9tbnMxNApmYWxsYmFja19hZ2VudHI1CnMxNApjb250cmlidXRlc190b3I2CnM5Cmxhbmd1YWdlc2IxczIwCnBlcnNpc3Rfc3RvcmVkX2ZpbGVzaTAKczcKdmVyc2lvbmIxczE2CnByaW1hcnlfcHJvdmlkZXJiMXM1CnByZWZzczE5ClBsZXggTW92aWUgKExlZ2FjeSlzNApuYW1lMQpzNQpNb3ZpZTEKczI5CmNvbS5wbGV4YXBwLmFnZW50cy5sb2NhbG1lZGlhMQpzMjkKY29tLnBsZXhhcHAuYWdlbnRzLnRoZW1vdmllZGIzMwpzMgplbnMyCnN2czIKZnJzMgplc3MyCm5sczIKZGVzMgppdHMyCmRhczIKYXJzMgpjYXMyCnpoczIKY3NzMgpldHMyCmZpczIKZWxzMgpoZXMyCmhpczIKaHVzMgppZHMyCmphczIKa29zMgpsdnMyCm5vczIKZmFzMgpwbHMyCnB0czIKcm9zMgpydXMyCnNrczIKdGhzMgp0cnMyCnVrczIKdmlyMAo_
2026-08-19 20:33:04,169 (7fad93fb08) :  DEBUG (runtime:49) - Received packed state data (80 bytes)
2026-08-19 20:33:04,171 (7fad93fb08) :  DEBUG (runtime:814) - Found route matching /:/plugins/com.plexapp.system/messaging/function/X0FnZW50U2VydmljZTpVcGRhdGVJbmZv/Y2VyZWFsMQoxCmxpc3QKMApyMAo_/Y2VyZWFsMQo3CmRpY3QKbGlzdApkaWN0Cmxpc3QKbGlzdApsaXN0Cmxpc3QKMgpzMjMKY29tLnBsZXhhcHAuYWdlbnRzLmltZGJzMTAKaWRlbnRpZmllcnIxCnMxMAphZ2VudF9pbmZvMQpyMgoxMApyMwpzMTEKbWVkaWFfdHlwZXNyNApzMTIKYWNjZXB0c19mcm9tbnMxNApmYWxsYmFja19hZ2VudHI1CnMxNApjb250cmlidXRlc190b3I2CnM5Cmxhbmd1YWdlc2IxczIwCnBlcnNpc3Rfc3RvcmVkX2ZpbGVzaTAKczcKdmVyc2lvbmIxczE2CnByaW1hcnlfcHJvdmlkZXJiMXM1CnByZWZzczE5ClBsZXggTW92aWUgKExlZ2FjeSlzNApuYW1lMQpzNQpNb3ZpZTEKczI5CmNvbS5wbGV4YXBwLmFnZW50cy5sb2NhbG1lZGlhMQpzMjkKY29tLnBsZXhhcHAuYWdlbnRzLnRoZW1vdmllZGIzMwpzMgplbnMyCnN2czIKZnJzMgplc3MyCm5sczIKZGVzMgppdHMyCmRhczIKYXJzMgpjYXMyCnpoczIKY3NzMgpldHMyCmZpczIKZWxzMgpoZXMyCmhpczIKaHVzMgppZHMyCmphczIKa29zMgpsdnMyCm5vczIKZmFzMgpwbHMyCnB0czIKcm9zMgpydXMyCnNrczIKdGhzMgp0cnMyCnVrczIKdmlyMAo_
2026-08-19 20:33:04,172 (7fad93fb08) :  INFO (agentservice:175) - Receiving agent info from com.plexapp.agents.imdb: [{'media_types': ['Movie'], 'primary_provider': True, 'fallback_agent': None, 'contributes_to': ['com.plexapp.agents.themoviedb'], 'languages': ['en', 'sv', 'fr', 'es', 'nl', 'de', 'it', 'da', 'ar', 'ca', 'zh', 'cs', 'et', 'fi', 'el', 'he', 'hi', 'hu', 'id', 'ja', 'ko', 'lv', 'no', 'fa', 'pl', 'pt', 'ro', 'ru', 'sk', 'th', 'tr', 'uk', 'vi'], 'persist_stored_files': True, 'version': 0, 'accepts_from': ['com.plexapp.agents.localmedia'], 'prefs': True, 'name': 'Plex Movie (Legacy)'}]
2026-08-19 20:33:04,175 (7fad93fb08) :  DEBUG (runtime:88) - Sending packed state data (99 bytes)
2026-08-19 20:33:04,176 (7fad93fb08) :  DEBUG (runtime:924) - Response: [200] str, 16 bytes
2026-08-19 20:33:09,190 (7fad91cb08) :  INFO (datakit:131) - Saved the dictionary file
2026-08-19 20:34:58,272 (7fad8d6b08) :  DEBUG (runtime:1156) - Starting timed thread named 'refresh_servers'
2026-08-19 20:34:58,273 (7fad8d6b08) :  DEBUG (peerservice:164) - Fetching the current list of servers
2026-08-19 20:34:58,275 (7fad8d6b08) :  DEBUG (networking:144) - Requesting 'http://127.0.0.1:32400/servers'
2026-08-19 20:34:58,284 (7fad8d6b08) :  DEBUG (peerservice:171) - Refreshing local server
2026-08-19 20:34:58,285 (7fad8d6b08) :  DEBUG (peerservice:189) - Updating servers (True/False True/True/True)
2026-08-19 20:34:58,286 (7fad8d6b08) :  DEBUG (peerservice:198) - Found 1 servers
2026-08-19 20:34:58,288 (7fad8d6b08) :  DEBUG (networking:144) - Requesting 'http://127.0.0.1:32400'
2026-08-19 20:34:58,302 (7fad8d6b08) :  DEBUG (core:521) - Attribute 'machineIdentifier' set to '852d69654ed685d07d2d7f072dec0b61ea7d12ba'
2026-08-19 20:34:58,303 (7fad8d6b08) :  DEBUG (peerservice:230) - Creating new server NarPi (852d69654ed685d07d2d7f072dec0b61ea7d12ba)
2026-08-19 20:34:58,329 (7fad8d6b08) :  DEBUG (networking:144) - Requesting 'http://127.0.0.1:32400/library/sections'
2026-08-19 20:34:58,356 (7fad8d6b08) :  DEBUG (networking:144) - Requesting 'http://127.0.0.1:32400/channels/all'
2026-08-19 20:34:58,364 (7fad8d6b08) :  DEBUG (runtime:1117) - Created a thread named 'background_refresh'
2026-08-19 20:34:58,364 (7fad91fb08) :  DEBUG (peerservice:176) - Background-refreshing remote servers
2026-08-19 20:34:58,366 (7fad91fb08) :  DEBUG (peerservice:189) - Updating servers (True/False True/True/True)
2026-08-19 20:34:58,366 (7fad91fb08) :  DEBUG (peerservice:198) - Found 1 servers
2026-08-19 20:34:58,367 (7fad91fb08) :  DEBUG (peerservice:233) - Updating existing server NarPi (852d69654ed685d07d2d7f072dec0b61ea7d12ba)
2026-08-19 20:34:58,369 (7fad91fb08) :  DEBUG (networking:144) - Requesting 'http://127.0.0.1:32400/library/sections'
2026-08-19 20:34:58,378 (7fad91fb08) :  DEBUG (networking:144) - Requesting 'http://127.0.0.1:32400/channels/all'
2026-08-19 21:32:58,277 (7fad8b3b08) :  DEBUG (runtime:1156) - Starting timed thread named 'invalidation_timer'
